Archive member included to satisfy reference by file (symbol)

../../../../../SDKPackages/K32W061DK6/middleware/wireless/framework/PDUM/Library\libPDUM.a(pdum_nwk.o)
                              ../../../Binaries/DimmerSwitch_OM15082/obj/pdum_gen.o (pdum_vNPduInit)
../../../../../SDKPackages/K32W061DK6/middleware/wireless/framework/PDUM/Library\libPDUM.a(pdum_apl.o)
                              ../../../Binaries/DimmerSwitch_OM15082/obj/appZdpExtraction.o (PDUM_u16APduInstanceReadNBO)
../../../../../SDKPackages/K32W061DK6/middleware/wireless/framework/PDUM/Library\libPDUM.a(pdum.o)
                              ../../../../../SDKPackages/K32W061DK6/middleware/wireless/framework/PDUM/Library\libPDUM.a(pdum_nwk.o) (PDUM_u16SizeNBO)
../../../../../SDKPackages/K32W061DK6/middleware/wireless/framework/PDM/Library\libPDM.a(PDM_Create.c.obj)
                              ../../../Binaries/DimmerSwitch_OM15082/obj/app_start_switch.o (PDM_eInitialise)
../../../../../SDKPackages/K32W061DK6/middleware/wireless/framework/PDM/Library\libPDM.a(PDM_FileSystemData.c.obj)
                              ../../../Binaries/DimmerSwitch_OM15082/obj/app_main.o (PDM_eReadDataFromRecord)
../../../../../SDKPackages/K32W061DK6/middleware/wireless/framework/PDM/Library\libPDM.a(PDM_FileSystemGenerate.c.obj)
                              ../../../../../SDKPackages/K32W061DK6/middleware/wireless/framework/PDM/Library\libPDM.a(PDM_Create.c.obj) (vPDM_GenerateCleanFileSystem)
../../../../../SDKPackages/K32W061DK6/middleware/wireless/framework/PDM/Library\libPDM.a(PDM_FileSystemHeaderAccessFunctions.c.obj)
                              ../../../../../SDKPackages/K32W061DK6/middleware/wireless/framework/PDM/Library\libPDM.a(PDM_FileSystemData.c.obj) (ePDM_ReadFileSystemHeaderCopyIndex)
../../../../../SDKPackages/K32W061DK6/middleware/wireless/framework/PDM/Library\libPDM.a(PDM_FileSystemHeaderRepair.c.obj)
                              ../../../../../SDKPackages/K32W061DK6/middleware/wireless/framework/PDM/Library\libPDM.a(PDM_FileSystemGenerate.c.obj) (iPDM_RepairFileSystemRecord)
../../../../../SDKPackages/K32W061DK6/middleware/wireless/framework/PDM/Library\libPDM.a(PDM_FileSystemMove.c.obj)
                              ../../../../../SDKPackages/K32W061DK6/middleware/wireless/framework/PDM/Library\libPDM.a(PDM_FileSystemGenerate.c.obj) (vPDM_MoveAllDataFromListToList)
../../../../../SDKPackages/K32W061DK6/middleware/wireless/framework/PDM/Library\libPDM.a(PDM_FileSystemVerify.c.obj)
                              ../../../../../SDKPackages/K32W061DK6/middleware/wireless/framework/PDM/Library\libPDM.a(PDM_FileSystemGenerate.c.obj) (iPDM_VerifyDataSequenceWithBufferId)
../../../../../SDKPackages/K32W061DK6/middleware/wireless/framework/PDM/Library\libPDM.a(PDM_FLASH.c.obj)
                              ../../../../../SDKPackages/K32W061DK6/middleware/wireless/framework/PDM/Library\libPDM.a(PDM_Create.c.obj) (iPDM_FixWriteDataInNVM)
../../../../../SDKPackages/K32W061DK6/middleware/wireless/framework/PDM/Library\libPDM.a(PDM_NVMheaderAccessFunctions.c.obj)
                              ../../../../../SDKPackages/K32W061DK6/middleware/wireless/framework/PDM/Library\libPDM.a(PDM_FileSystemMove.c.obj) (vPDM_SetNVMandFileSystemValidState)
../../../../../SDKPackages/K32W061DK6/middleware/wireless/framework/PDM/Library\libPDM.a(PDM_NVMheaderReadAndWrite.c.obj)
                              ../../../../../SDKPackages/K32W061DK6/middleware/wireless/framework/PDM/Library\libPDM.a(PDM_FileSystemGenerate.c.obj) (iPDM_ReadSegmentHeaderDataFromNVMsegment)
../../../../../SDKPackages/K32W061DK6/middleware/wireless/framework/PDM/Library\libPDM.a(PDM_NVMReadAndWrite.c.obj)
                              ../../../../../SDKPackages/K32W061DK6/middleware/wireless/framework/PDM/Library\libPDM.a(PDM_FileSystemGenerate.c.obj) (iPDM_ReadUserDataFromNVMsegment)
../../../../../SDKPackages/K32W061DK6/middleware/wireless/framework/PDM/Library\libPDM.a(PDM_NVMsegmentStatus.c.obj)
                              ../../../../../SDKPackages/K32W061DK6/middleware/wireless/framework/PDM/Library\libPDM.a(PDM_Create.c.obj) (bPDM_DoesNVMsegmentContainFileSystemHeader)
../../../../../SDKPackages/K32W061DK6/middleware/wireless/framework/PDM/Library\libPDM.a(PDM_SearchAndListOrder.c.obj)
                              ../../../../../SDKPackages/K32W061DK6/middleware/wireless/framework/PDM/Library\libPDM.a(PDM_FileSystemGenerate.c.obj) (vPDM_AddFileSystemElementToListInAscendingWearCountOrder)
../../../../../SDKPackages/K32W061DK6/middleware/wireless/framework/PDM/Library\libPDM.a(PDM_Segment.c.obj)
                              ../../../../../SDKPackages/K32W061DK6/middleware/wireless/framework/PDM/Library\libPDM.a(PDM_FileSystemData.c.obj) (iPDM_WriteSegmentHeaderAndData)
../../../../../SDKPackages/K32W061DK6/middleware/wireless/framework/PDM/Library\libPDM.a(PDM_SegmentData.c.obj)
[...]
Memory Configuration

Name             Origin             Length             Attributes
Flash640         0x00000000         0x000a0000         xr
RAM0             0x04000400         0x00015c00         xrw
RAM1             0x04020000         0x00010000         xrw
*default*        0x00000000         0xffffffff

Linker script and memory map

                0x00000200                vector_table_size = 0x200
                0x00000001                __ram_vector_table__ = 0x1
                0x000002f4                HEAP_SIZE = 0x2f4
START GROUP
LOAD ../../../Binaries/DimmerSwitch_OM15082/obj/app_main.o
LOAD ../../../Binaries/DimmerSwitch_OM15082/obj/port_JN518x.o
LOAD ../../../Binaries/DimmerSwitch_OM15082/obj/pdum_gen.o
LOAD ../../../Binaries/DimmerSwitch_OM15082/obj/pdum_apdu.o
LOAD ../../../Binaries/DimmerSwitch_OM15082/obj/zps_gen.o
LOAD ../../../Binaries/DimmerSwitch_OM15082/obj/app_pdm.o
LOAD ../../../Binaries/DimmerSwitch_OM15082/obj/app_start_switch.o
LOAD ../../../Binaries/DimmerSwitch_OM15082/obj/App_DimmerSwitch.o
LOAD ../../../Binaries/DimmerSwitch_OM15082/obj/app_zlo_switch_node.o
LOAD ../../../Binaries/DimmerSwitch_OM15082/obj/app_zcl_switch_task.o
LOAD ../../../Binaries/DimmerSwitch_OM15082/obj/app_buttons.o
LOAD ../../../Binaries/DimmerSwitch_OM15082/obj/app_switch_state_machine.o
LOAD ../../../Binaries/DimmerSwitch_OM15082/obj/fsl_debug_console.o
LOAD ../../../Binaries/DimmerSwitch_OM15082/obj/fsl_gpio.o
LOAD ../../../Binaries/DimmerSwitch_OM15082/obj/hardware_init.o
LOAD ../../../Binaries/DimmerSwitch_OM15082/obj/pin_mux.o
LOAD ../../../Binaries/DimmerSwitch_OM15082/obj/fsl_gint.o
LOAD ../../../Binaries/DimmerSwitch_OM15082/obj/temp_sensor_drv.o
LOAD ../../../Binaries/DimmerSwitch_OM15082/obj/fsl_adc.o
LOAD ../../../Binaries/DimmerSwitch_OM15082/obj/board_utility.o
LOAD ../../../Binaries/DimmerSwitch_OM15082/obj/ZQueue.o
LOAD ../../../Binaries/DimmerSwitch_OM15082/obj/ZTimer.o
LOAD ../../../Binaries/DimmerSwitch_OM15082/obj/app_zps_link_keys.o
LOAD ../../../Binaries/DimmerSwitch_OM15082/obj/fsl_os_abstraction_bm.o
LOAD ../../../Binaries/DimmerSwitch_OM15082/obj/appZdpExtraction.o
LOAD ../../../Binaries/DimmerSwitch_OM15082/obj/appZpsBeaconHandler.o
LOAD ../../../Binaries/DimmerSwitch_OM15082/obj/appZpsExtendedDebug.o
LOAD ../../../Binaries/DimmerSwitch_OM15082/obj/board.o
LOAD ../../../Binaries/DimmerSwitch_OM15082/obj/clock_config.o
LOAD ../../../Binaries/DimmerSwitch_OM15082/obj/system_K32W061.o
LOAD ../../../Binaries/DimmerSwitch_OM15082/obj/startup_K32W061.o
LOAD ../../../Binaries/DimmerSwitch_OM15082/obj/fsl_wwdt.o
LOAD ../../../Binaries/DimmerSwitch_OM15082/obj/fsl_clock.o
LOAD ../../../Binaries/DimmerSwitch_OM15082/obj/fsl_reset.o
LOAD ../../../Binaries/DimmerSwitch_OM15082/obj/fsl_rng.o
LOAD ../../../Binaries/DimmerSwitch_OM15082/obj/fsl_usart.o
LOAD ../../../Binaries/DimmerSwitch_OM15082/obj/fsl_flexcomm.o
LOAD ../../../Binaries/DimmerSwitch_OM15082/obj/fsl_flash.o
LOAD ../../../Binaries/DimmerSwitch_OM15082/obj/fsl_common.o
LOAD ../../../Binaries/DimmerSwitch_OM15082/obj/fsl_aes.o
LOAD ../../../Binaries/DimmerSwitch_OM15082/obj/fsl_power.o
LOAD ../../../Binaries/DimmerSwitch_OM15082/obj/fsl_wtimer.o
LOAD ../../../Binaries/DimmerSwitch_OM15082/obj/fsl_inputmux.o
LOAD ../../../Binaries/DimmerSwitch_OM15082/obj/fsl_fmeas.o
LOAD ../../../Binaries/DimmerSwitch_OM15082/obj/Exceptions_NVIC.o
LOAD ../../../Binaries/DimmerSwitch_OM15082/obj/MicroExceptions_arm.o
LOAD ../../../Binaries/DimmerSwitch_OM15082/obj/Debug.o
LOAD ../../../Binaries/DimmerSwitch_OM15082/obj/FunctionLib.o
LOAD ../../../Binaries/DimmerSwitch_OM15082/obj/SecLib.o
LOAD ../../../Binaries/DimmerSwitch_OM15082/obj/RNG.o
LOAD ../../../Binaries/DimmerSwitch_OM15082/obj/GenericList.o
LOAD ../../../Binaries/DimmerSwitch_OM15082/obj/Messaging.o
LOAD ../../../Binaries/DimmerSwitch_OM15082/obj/MemManager.o
LOAD ../../../Binaries/DimmerSwitch_OM15082/obj/TimersManager.o
LOAD ../../../Binaries/DimmerSwitch_OM15082/obj/TMR_Adapter.o
LOAD ../../../Binaries/DimmerSwitch_OM15082/obj/fsl_ctimer.o
LOAD ../../../Binaries/DimmerSwitch_OM15082/obj/fsl_rtc.o
LOAD ../../../Binaries/DimmerSwitch_OM15082/obj/Panic.o
LOAD ../../../Binaries/DimmerSwitch_OM15082/obj/fsl_dma.o
LOAD ../../../Binaries/DimmerSwitch_OM15082/obj/MicroInt_arm_sdk2.o
LOAD ../../../Binaries/DimmerSwitch_OM15082/obj/PWR.o
LOAD ../../../Binaries/DimmerSwitch_OM15082/obj/PWR_setjmp.o
LOAD ../../../Binaries/DimmerSwitch_OM15082/obj/PWRLib.o
LOAD ../../../Binaries/DimmerSwitch_OM15082/obj/GPIO_Adapter.o
LOAD ../../../Binaries/DimmerSwitch_OM15082/obj/fsl_str.o
LOAD ../../../Binaries/DimmerSwitch_OM15082/obj/serial_manager.o
LOAD ../../../Binaries/DimmerSwitch_OM15082/obj/serial_port_uart.o
LOAD ../../../Binaries/DimmerSwitch_OM15082/obj/usart_adapter.o
LOAD ../../../Binaries/DimmerSwitch_OM15082/obj/fsl_assert.o
LOAD ../../../Binaries/DimmerSwitch_OM15082/obj/Heap.o
LOAD ../../../Binaries/DimmerSwitch_OM15082/obj/Alarms.o
LOAD ../../../Binaries/DimmerSwitch_OM15082/obj/AlarmsClientCommands.o
LOAD ../../../Binaries/DimmerSwitch_OM15082/obj/AlarmsCommandHandler.o
LOAD ../../../Binaries/DimmerSwitch_OM15082/obj/AlarmsServerCommands.o
LOAD ../../../Binaries/DimmerSwitch_OM15082/obj/AlarmsTableManager.o
LOAD ../../../Binaries/DimmerSwitch_OM15082/obj/AnalogInputBasic.o
LOAD ../../../Binaries/DimmerSwitch_OM15082/obj/AnalogOutputBasic.o
LOAD ../../../Binaries/DimmerSwitch_OM15082/obj/Basic.o
LOAD ../../../Binaries/DimmerSwitch_OM15082/obj/BasicClientCommands.o
LOAD ../../../Binaries/DimmerSwitch_OM15082/obj/BasicCommandHandler.o
LOAD ../../../Binaries/DimmerSwitch_OM15082/obj/BinaryInputBasic.o
LOAD ../../../Binaries/DimmerSwitch_OM15082/obj/BinaryOutputBasic.o
LOAD ../../../Binaries/DimmerSwitch_OM15082/obj/DeviceTemperatureConfiguration.o
LOAD ../../../Binaries/DimmerSwitch_OM15082/obj/Diagnostics.o
LOAD ../../../Binaries/DimmerSwitch_OM15082/obj/Groups.o
LOAD ../../../Binaries/DimmerSwitch_OM15082/obj/GroupsClientCommands.o
LOAD ../../../Binaries/DimmerSwitch_OM15082/obj/GroupsCommandHandler.o
LOAD ../../../Binaries/DimmerSwitch_OM15082/obj/GroupsServerCommands.o
LOAD ../../../Binaries/DimmerSwitch_OM15082/obj/GroupsTableManager.o
LOAD ../../../Binaries/DimmerSwitch_OM15082/obj/Identify.o
LOAD ../../../Binaries/DimmerSwitch_OM15082/obj/IdentifyClientCommands.o
LOAD ../../../Binaries/DimmerSwitch_OM15082/obj/IdentifyCommandHandler.o
LOAD ../../../Binaries/DimmerSwitch_OM15082/obj/IdentifyServerCommands.o
LOAD ../../../Binaries/DimmerSwitch_OM15082/obj/LevelControl.o
LOAD ../../../Binaries/DimmerSwitch_OM15082/obj/LevelControlClientCommands.o
LOAD ../../../Binaries/DimmerSwitch_OM15082/obj/LevelControlCommandHandler.o
LOAD ../../../Binaries/DimmerSwitch_OM15082/obj/MultistateInputBasic.o
LOAD ../../../Binaries/DimmerSwitch_OM15082/obj/MultistateOutputBasic.o
LOAD ../../../Binaries/DimmerSwitch_OM15082/obj/OOSC.o
LOAD ../../../Binaries/DimmerSwitch_OM15082/obj/OnOff.o
LOAD ../../../Binaries/DimmerSwitch_OM15082/obj/OnOffCommandHandler.o
LOAD ../../../Binaries/DimmerSwitch_OM15082/obj/OnOffCommands.o
LOAD ../../../Binaries/DimmerSwitch_OM15082/obj/PollControl.o
LOAD ../../../Binaries/DimmerSwitch_OM15082/obj/PollControlClientCommands.o
LOAD ../../../Binaries/DimmerSwitch_OM15082/obj/PollControlCommandHandler.o
LOAD ../../../Binaries/DimmerSwitch_OM15082/obj/PollControlServerCommands.o
LOAD ../../../Binaries/DimmerSwitch_OM15082/obj/PowerConfiguration.o
LOAD ../../../Binaries/DimmerSwitch_OM15082/obj/PowerProfile.o
LOAD ../../../Binaries/DimmerSwitch_OM15082/obj/PowerProfileClientCommands.o
LOAD ../../../Binaries/DimmerSwitch_OM15082/obj/PowerProfileCommandHandler.o
LOAD ../../../Binaries/DimmerSwitch_OM15082/obj/PowerProfileServerCommands.o
LOAD ../../../Binaries/DimmerSwitch_OM15082/obj/Scenes.o
LOAD ../../../Binaries/DimmerSwitch_OM15082/obj/ScenesClientCommands.o
LOAD ../../../Binaries/DimmerSwitch_OM15082/obj/ScenesClusterManagement.o
LOAD ../../../Binaries/DimmerSwitch_OM15082/obj/ScenesCommandHandler.o
LOAD ../../../Binaries/DimmerSwitch_OM15082/obj/ScenesServerCommands.o
LOAD ../../../Binaries/DimmerSwitch_OM15082/obj/ScenesTableManager.o
LOAD ../../../Binaries/DimmerSwitch_OM15082/obj/TC.o
LOAD ../../../Binaries/DimmerSwitch_OM15082/obj/Time.o
LOAD ../../../Binaries/DimmerSwitch_OM15082/obj/WWAH.o
LOAD ../../../Binaries/DimmerSwitch_OM15082/obj/WWAHClientCommands.o
LOAD ../../../Binaries/DimmerSwitch_OM15082/obj/WWAHCommandHandler.o
LOAD ../../../Binaries/DimmerSwitch_OM15082/obj/WWAHServerCommands.o
LOAD ../../../Binaries/DimmerSwitch_OM15082/obj/base_device.o
LOAD ../../../Binaries/DimmerSwitch_OM15082/obj/mains_power_outlet.o
LOAD ../../../Binaries/DimmerSwitch_OM15082/obj/on_off_output.o
LOAD ../../../Binaries/DimmerSwitch_OM15082/obj/plug_control.o
LOAD ../../../Binaries/DimmerSwitch_OM15082/obj/remote_control.o
LOAD ../../../Binaries/DimmerSwitch_OM15082/obj/simple_sensor.o
LOAD ../../../Binaries/DimmerSwitch_OM15082/obj/BallastConfiguration.o
LOAD ../../../Binaries/DimmerSwitch_OM15082/obj/ColourControl.o
LOAD ../../../Binaries/DimmerSwitch_OM15082/obj/ColourControlClientCommands.o
LOAD ../../../Binaries/DimmerSwitch_OM15082/obj/ColourControlCommandHandler.o
LOAD ../../../Binaries/DimmerSwitch_OM15082/obj/ColourControlConversions.o
LOAD ../../../Binaries/DimmerSwitch_OM15082/obj/colour_controller.o
LOAD ../../../Binaries/DimmerSwitch_OM15082/obj/colour_dimmable_light.o
LOAD ../../../Binaries/DimmerSwitch_OM15082/obj/colour_dimmer_switch.o
LOAD ../../../Binaries/DimmerSwitch_OM15082/obj/colour_scene_controller.o
LOAD ../../../Binaries/DimmerSwitch_OM15082/obj/colour_temperature_light.o
LOAD ../../../Binaries/DimmerSwitch_OM15082/obj/commission_endpoint.o
LOAD ../../../Binaries/DimmerSwitch_OM15082/obj/control_bridge.o
LOAD ../../../Binaries/DimmerSwitch_OM15082/obj/dimmable_ballast.o
LOAD ../../../Binaries/DimmerSwitch_OM15082/obj/dimmable_light.o
LOAD ../../../Binaries/DimmerSwitch_OM15082/obj/dimmable_plug.o
LOAD ../../../Binaries/DimmerSwitch_OM15082/obj/dimmer_switch.o
LOAD ../../../Binaries/DimmerSwitch_OM15082/obj/extended_colour_light.o
LOAD ../../../Binaries/DimmerSwitch_OM15082/obj/light_level_sensor.o
LOAD ../../../Binaries/DimmerSwitch_OM15082/obj/light_sensor.o
LOAD ../../../Binaries/DimmerSwitch_OM15082/obj/non_colour_controller.o
LOAD ../../../Binaries/DimmerSwitch_OM15082/obj/non_colour_scene_controller.o
LOAD ../../../Binaries/DimmerSwitch_OM15082/obj/occupancy_sensor.o
LOAD ../../../Binaries/DimmerSwitch_OM15082/obj/on_off_ballast.o
LOAD ../../../Binaries/DimmerSwitch_OM15082/obj/on_off_light.o
LOAD ../../../Binaries/DimmerSwitch_OM15082/obj/on_off_light_switch.o
LOAD ../../../Binaries/DimmerSwitch_OM15082/obj/on_off_plug.o
LOAD ../../../Binaries/DimmerSwitch_OM15082/obj/on_off_sensor.o
LOAD ../../../Binaries/DimmerSwitch_OM15082/obj/dlist.o
LOAD ../../../Binaries/DimmerSwitch_OM15082/obj/zcl.o
LOAD ../../../Binaries/DimmerSwitch_OM15082/obj/zcl_CustomCommandReceive.o
LOAD ../../../Binaries/DimmerSwitch_OM15082/obj/zcl_CustomCommandSend.o
LOAD ../../../Binaries/DimmerSwitch_OM15082/obj/zcl_PDUbufferReadWrite.o
LOAD ../../../Binaries/DimmerSwitch_OM15082/obj/zcl_PDUbufferReadWriteString.o
LOAD ../../../Binaries/DimmerSwitch_OM15082/obj/zcl_WriteAttributesRequestHandle.o
LOAD ../../../Binaries/DimmerSwitch_OM15082/obj/zcl_WriteAttributesRequestSend.o
LOAD ../../../Binaries/DimmerSwitch_OM15082/obj/zcl_WriteAttributesResponseHandle.o
LOAD ../../../Binaries/DimmerSwitch_OM15082/obj/zcl_attribute.o
LOAD ../../../Binaries/DimmerSwitch_OM15082/obj/zcl_buffer.o
LOAD ../../../Binaries/DimmerSwitch_OM15082/obj/zcl_clusterCommand.o
LOAD ../../../Binaries/DimmerSwitch_OM15082/obj/zcl_command.o
LOAD ../../../Binaries/DimmerSwitch_OM15082/obj/zcl_common.o
LOAD ../../../Binaries/DimmerSwitch_OM15082/obj/zcl_configureReportingCommandHandle.o
LOAD ../../../Binaries/DimmerSwitch_OM15082/obj/zcl_configureReportingCommandSend.o
LOAD ../../../Binaries/DimmerSwitch_OM15082/obj/zcl_configureReportingResponseHandle.o
LOAD ../../../Binaries/DimmerSwitch_OM15082/obj/zcl_defaultResponse.o
LOAD ../../../Binaries/DimmerSwitch_OM15082/obj/zcl_discoverAttributesExtendedRequestHandle.o
LOAD ../../../Binaries/DimmerSwitch_OM15082/obj/zcl_discoverAttributesExtendedRequestSend.o
LOAD ../../../Binaries/DimmerSwitch_OM15082/obj/zcl_discoverAttributesExtendedResponseHandle.o
LOAD ../../../Binaries/DimmerSwitch_OM15082/obj/zcl_discoverAttributesRequestHandle.o
LOAD ../../../Binaries/DimmerSwitch_OM15082/obj/zcl_discoverAttributesRequestSend.o
LOAD ../../../Binaries/DimmerSwitch_OM15082/obj/zcl_discoverAttributesResponseHandle.o
LOAD ../../../Binaries/DimmerSwitch_OM15082/obj/zcl_discoverCommandsRequestHandle.o
LOAD ../../../Binaries/DimmerSwitch_OM15082/obj/zcl_discoverCommandsRequestSend.o
LOAD ../../../Binaries/DimmerSwitch_OM15082/obj/zcl_discoverCommandsResponseHandle.o
LOAD ../../../Binaries/DimmerSwitch_OM15082/obj/zcl_event.o
LOAD ../../../Binaries/DimmerSwitch_OM15082/obj/zcl_heap.o
LOAD ../../../Binaries/DimmerSwitch_OM15082/obj/zcl_library_options.o
LOAD ../../../Binaries/DimmerSwitch_OM15082/obj/zcl_readAttributesRequestHandle.o
LOAD ../../../Binaries/DimmerSwitch_OM15082/obj/zcl_readAttributesRequestSend.o
LOAD ../../../Binaries/DimmerSwitch_OM15082/obj/zcl_readAttributesResponseHandle.o
LOAD ../../../Binaries/DimmerSwitch_OM15082/obj/zcl_readReportingConfigurationCommandHandle.o
LOAD ../../../Binaries/DimmerSwitch_OM15082/obj/zcl_readReportingConfigurationCommandSend.o
LOAD ../../../Binaries/DimmerSwitch_OM15082/obj/zcl_readReportingConfigurationResponseHandle.o
LOAD ../../../Binaries/DimmerSwitch_OM15082/obj/zcl_reportManager.o
LOAD ../../../Binaries/DimmerSwitch_OM15082/obj/zcl_reportMaths.o
LOAD ../../../Binaries/DimmerSwitch_OM15082/obj/zcl_reportScheduler.o
LOAD ../../../Binaries/DimmerSwitch_OM15082/obj/zcl_reportStringHandling.o
LOAD ../../../Binaries/DimmerSwitch_OM15082/obj/zcl_reportStructure.o
LOAD ../../../Binaries/DimmerSwitch_OM15082/obj/zcl_search.o
LOAD ../../../Binaries/DimmerSwitch_OM15082/obj/zcl_timer.o
LOAD ../../../Binaries/DimmerSwitch_OM15082/obj/zcl_transmit.o
LOAD ../../../Binaries/DimmerSwitch_OM15082/obj/bdb_fr.o
LOAD ../../../Binaries/DimmerSwitch_OM15082/obj/bdb_start.o
LOAD ../../../Binaries/DimmerSwitch_OM15082/obj/bdb_state_machine.o
LOAD ../../../Binaries/DimmerSwitch_OM15082/obj/bdb_ns.o
LOAD ../../../Binaries/DimmerSwitch_OM15082/obj/bdb_fb_common.o
LOAD ../../../Binaries/DimmerSwitch_OM15082/obj/bdb_fb_initiator.o
LOAD ../../../../../SDKPackages/K32W061DK6/middleware/wireless/zigbee/Library\libZPSTSV.a
LOAD ../../../../../SDKPackages/K32W061DK6/middleware/wireless/framework/PDUM/Library\libPDUM.a
LOAD ../../../../../SDKPackages/K32W061DK6/middleware/wireless/framework/PDM/Library\libPDM.a
LOAD ../../../../../SDKPackages/K32W061DK6/middleware/wireless/zigbee/Library\libZPSAPL.a
LOAD ../../../../../SDKPackages/K32W061DK6/middleware/wireless/zigbee/Library\libZPSMAC_Mini_SOC.a
LOAD ../../../../../SDKPackages/K32W061DK6/middleware/wireless/framework/PWRM/Library\libPWRM.a
LOAD ../../../../../SDKPackages/K32W061DK6/middleware/wireless/zigbee/Library\libZPSNWK_ZED.a
LOAD ../../../../../SDKPackages/K32W061DK6/middleware/wireless/framework/SecLib\lib_crypto_m4.a
LOAD ../../../../../SDKPackages/K32W061DK6/middleware/wireless/ieee-802.15.4/lib\libMiniMac.a
LOAD ../../../../../SDKPackages/K32W061DK6/middleware/wireless/framework/XCVR/lib\libRadio.a
END GROUP
START GROUP
LOAD e:/nxp/mcuxpressoide_11.2.0_4120/ide/tools/bin/../lib/gcc/arm-none-eabi/9.2.1/thumb/v7e-m/nofp\libgcc.a
LOAD e:/nxp/mcuxpressoide_11.2.0_4120/ide/tools/bin/../lib/gcc/arm-none-eabi/9.2.1/../../../../arm-none-eabi/lib/thumb/v7e-m/nofp\libc.a
END GROUP
START GROUP
LOAD e:/nxp/mcuxpressoide_11.2.0_4120/ide/tools/bin/../lib/gcc/arm-none-eabi/9.2.1/thumb/v7e-m/nofp\libgcc.a
LOAD e:/nxp/mcuxpressoide_11.2.0_4120/ide/tools/bin/../lib/gcc/arm-none-eabi/9.2.1/../../../../arm-none-eabi/lib/thumb/v7e-m/nofp\libc.a
LOAD e:/nxp/mcuxpressoide_11.2.0_4120/ide/tools/bin/../lib/gcc/arm-none-eabi/9.2.1/../../../../arm-none-eabi/lib/thumb/v7e-m/nofp\libnosys.a
END GROUP
                [!provide]                PROVIDE (aesInit = 0x3001161)
                [!provide]                PROVIDE (aesWriteByte = 0x3001175)
                [!provide]                PROVIDE (aesWrite = 0x300118d)
                [!provide]                PROVIDE (aesRead = 0x30011a5)
                [!provide]                PROVIDE (aesWriteBlock = 0x30011c1)
                [!provide]                PROVIDE (aesReadBlock = 0x30011e9)
                [!provide]                PROVIDE (aesMode = 0x3001211)
                [!provide]                PROVIDE (aesAbort = 0x3001269)
                [!provide]                PROVIDE (aesLoadCounter = 0x3001291)
                [!provide]                PROVIDE (aesLoadKeyFromSW = 0x30012a9)
                [!provide]                PROVIDE (aesLoadIV = 0x30012fd)
                [!provide]                PROVIDE (aesProcess = 0x30013d1)
                [!provide]                PROVIDE (aesWriteYInputGf128 = 0x300132d)
                [!provide]                PROVIDE (aesReadGf128Hash = 0x300135d)
                [!provide]                PROVIDE (aesReadGcmTag = 0x300138d)
                [!provide]                PROVIDE (aesGetDriverVersion = 0x30013bd)
                [!provide]                PROVIDE (aesIsSupported = 0x300115d)
                [!provide]                PROVIDE (BOOT_CPU_Slave_Boot = 0x3000489)
                [!provide]                PROVIDE (BOOT_CPU_Slave_Disable = 0x30004f1)
                [!provide]                PROVIDE (BOOT_RemapAddress = 0x3000dc9)
                [!provide]                PROVIDE (boot_Verify_eScoreImageList = 0x30003e5)
                [!provide]                PROVIDE (BOOT_FindImage = 0x3000519)
                [!provide]                PROVIDE (BOOT_GetStartPowerMode = 0x3000e9d)
                [!provide]                PROVIDE (BOOT_SetResumeStackPointer = 0x3000ea9)
                [!provide]                PROVIDE (ROM_GetFlash = 0x3000e0d)
                [!provide]                PROVIDE (ROM_GetSRAM0 = 0x3000e21)
                [!provide]                PROVIDE (ROM_GetSRAM1 = 0x3000e35)
                [!provide]                PROVIDE (psector_Read_HwTestModeDisable = 0x30054d1)
                [!provide]                PROVIDE (psector_Read_ISP_AccessLevel = 0x30054f5)
                [!provide]                PROVIDE (flashConfig_ExtractTempSensorTrimValues = 0x3001fbd)
                [!provide]                PROVIDE (flashConfig_ExtractRfpModemTrimValues = 0x3002065)
                [!provide]                PROVIDE (flashConfig_ExtractUlpbgTrimValues = 0x30020a5)
                [!provide]                PROVIDE (flashConfig_ExtractFro1MTrimValues = 0x30020fd)
                [!provide]                PROVIDE (flashConfig_ExtractGpAdcTrimValues = 0x3002131)
                [!provide]                PROVIDE (flashConfig_ExtractFRO32kTrimValues = 0x3002189)
                [!provide]                PROVIDE (flashConfig_ExtractDcDcTrimValues = 0x30021bd)
                [!provide]                PROVIDE (efuse_ReadBit = 0x3001671)
                [!provide]                PROVIDE (ISP_Entry = 0x3002fb1)
                [!provide]                PROVIDE (MPU_pSectorGrantAccessRights = 0x30017e5)
                [!provide]                PROVIDE (MPU_pSectorWithdrawAccessRights = 0x3001841)
                [!provide]                PROVIDE (MPU_GetCurrentSettings = 0x300178d)
                [!provide]                PROVIDE (MPU_SetRegionAccessRights = 0x3001821)
                [!provide]                PROVIDE (MPU_ClearRegionSetting = 0x300184d)
                [!provide]                PROVIDE (MPU_AllocateRegionDesc = 0x30017c1)
                [!provide]                PROVIDE (nxHal_Patch_Init = 0x300473d)
                [!provide]                PROVIDE (nxHal_Patch_SetSVCHandler = 0x30047bd)
                [!provide]                PROVIDE (nxHal_Patch_Apply = 0x3004839)
                [!provide]                PROVIDE (nxHal_Patch_EnableDisable = 0x30047c9)
                [!provide]                PROVIDE (nxHal_Patch_GetGlobalPatchMarkerIndex = 0x3004821)
                [!provide]                PROVIDE (nxHal_Patch_ReadPatchEntry = 0x300482d)
                [!provide]                PROVIDE (nxHal_Patch_LoadDynamicPatches = 0x300488d)
                [!provide]                PROVIDE (eSCORE_PatchTestFunction1 = 0x3004919)
                [!provide]                PROVIDE (eSCORE_PatchTestFunction2 = 0x300492d)
                [!provide]                PROVIDE (eSCORE_PatchTestFunction3 = 0x3004941)
                [!provide]                PROVIDE (pmc_reset_get_cause = 0x30046e9)
                [!provide]                PROVIDE (pmc_reset_clear_cause = 0x30046f5)
                [!provide]                PROVIDE (psector_WriteUpdatePage = 0x3004e11)
                [!provide]                PROVIDE (psector_EraseUpdate = 0x3004d59)
                [!provide]                PROVIDE (psector_Read_CustomerId = 0x30051dd)
                [!provide]                PROVIDE (psector_Read_RomPatchInfo = 0x3005209)
                [!provide]                PROVIDE (psector_Read_ImgAuthLevel = 0x3005299)
                [!provide]                PROVIDE (psector_Read_AppSearchGranularity = 0x30052d5)
                [!provide]                PROVIDE (psector_Read_QspiAppSearchGranularity = 0x3005305)
                [!provide]                PROVIDE (psector_Read_UnlockKey = 0x3005519)
                [!provide]                PROVIDE (psector_Read_DeviceId = 0x3005329)
                [!provide]                PROVIDE (psector_Read_ISP_protocol_key = 0x3005355)
                [!provide]                PROVIDE (psector_ReadIeee802_15_4_MacId2 = 0x3005385)
                [!provide]                PROVIDE (psector_ReadIeee802_15_4_MacId1 = 0x30053b1)
                [!provide]                PROVIDE (psector_Read_MinDeviceId = 0x30053dd)
                [!provide]                PROVIDE (psector_Read_MaxDeviceId = 0x3005409)
                [!provide]                PROVIDE (psector_Read_MinVersion = 0x3005439)
                [!provide]                PROVIDE (psector_SetEscoreImageData = 0x300545d)
                [!provide]                PROVIDE (psector_ReadEscoreImageData = 0x3005491)
                [!provide]                PROVIDE (psector_Read_ImagePubKey = 0x3005531)
                [!provide]                PROVIDE (psector_ReadData = 0x3004ef1)
                [!provide]                PROVIDE (psector_CalculateChecksum = 0x30050bd)
                [!provide]                PROVIDE (secure_VerifySignature = 0x3005c65)
                [!provide]                PROVIDE (secure_VerifyBlock = 0x3005cad)
                [!provide]                PROVIDE (secure_VerifyCertificate = 0x3005cd1)
                [!provide]                PROVIDE (secure_VerifyImage = 0x3005d59)
                [!provide]                PROVIDE (NMI_Handler = 0x300012d)
                [!provide]                PROVIDE (HardFault_Handler = 0x3000131)
                [!provide]                PROVIDE (MemManage_Handler = 0x3000135)
                [!provide]                PROVIDE (BusFault_Handler = 0x3000e81)
                [!provide]                PROVIDE (UsageFault_Handler = 0x300013d)
                [!provide]                PROVIDE (SVC_Handler = 0x3005e85)
                [!provide]                PROVIDE (DebugMon_Handler = 0x3000145)
                [!provide]                PROVIDE (PendSV_Handler = 0x3000149)
                [!provide]                PROVIDE (SysTick_Handler = 0x300014d)
                [!provide]                PROVIDE (IntDefaultHandler = 0x3000151)
                [!provide]                PROVIDE (System_IRQHandler = 0x3000151)
                [!provide]                PROVIDE (DMA_IRQHandler = 0x3000151)
                [!provide]                PROVIDE (GINT_IRQHandler = 0x3000151)
                [!provide]                PROVIDE (IRBlaster_IRQHandler = 0x3000151)
                [!provide]                PROVIDE (PINT0_IRQHandler = 0x3000151)
                [!provide]                PROVIDE (PINT1_IRQHandler = 0x3000151)
                [!provide]                PROVIDE (PINT2_IRQHandler = 0x3000151)
                [!provide]                PROVIDE (PINT3_IRQHandler = 0x3000151)
                [!provide]                PROVIDE (SPIFI_IRQHandler = 0x3000151)
                [!provide]                PROVIDE (Timer0_IRQHandler = 0x3000151)
                [!provide]                PROVIDE (Timer1_IRQHandler = 0x3000151)
                [!provide]                PROVIDE (USART0_IRQHandler = 0x3000151)
                [!provide]                PROVIDE (USART1_IRQHandler = 0x3000151)
                [!provide]                PROVIDE (I2C0_IRQHandler = 0x3000151)
                [!provide]                PROVIDE (I2C1_IRQHandler = 0x3000151)
                [!provide]                PROVIDE (SPI0_IRQHandler = 0x3000151)
                [!provide]                PROVIDE (SPI1_IRQHandler = 0x3000151)
                [!provide]                PROVIDE (PWM0_IRQHandler = 0x3000151)
                [!provide]                PROVIDE (PWM1_IRQHandler = 0x3000151)
                [!provide]                PROVIDE (PWM2_IRQHandler = 0x3000151)
                [!provide]                PROVIDE (PWM3_IRQHandler = 0x3000151)
                [!provide]                PROVIDE (PWM4_IRQHandler = 0x3000151)
                [!provide]                PROVIDE (PWM5_IRQHandler = 0x3000151)
                [!provide]                PROVIDE (PWM6_IRQHandler = 0x3000151)
                [!provide]                PROVIDE (PWM7_IRQHandler = 0x3000151)
                [!provide]                PROVIDE (PWM8_IRQHandler = 0x3000151)
                [!provide]                PROVIDE (PWM9_IRQHandler = 0x3000151)
                [!provide]                PROVIDE (PWM10_IRQHandler = 0x3000151)
                [!provide]                PROVIDE (I2C2_IRQHandler = 0x3000151)
                [!provide]                PROVIDE (RTC_IRQHandler = 0x3000151)
                [!provide]                PROVIDE (NFCTag_IRQHandler = 0x3000151)
                [!provide]                PROVIDE (MAILBOX_IRQHandler = 0x3000151)
                [!provide]                PROVIDE (ADC_SEQA_IRQHandler = 0x3000151)
                [!provide]                PROVIDE (ADC_SEQB_IRQHandler = 0x3000151)
                [!provide]                PROVIDE (ADC_THCMP_OVR_IRQHandler = 0x3000151)
                [!provide]                PROVIDE (DMIC_IRQHandler = 0x3000151)
                [!provide]                PROVIDE (HWVAD_IRQHandler = 0x3000151)
                [!provide]                PROVIDE (BLE_DP_IRQHandler = 0x3000151)
                [!provide]                PROVIDE (BLE_DP0_IRQHandler = 0x3000151)
                [!provide]                PROVIDE (BLE_DP1_IRQHandler = 0x3000151)
                [!provide]                PROVIDE (BLE_DP2_IRQHandler = 0x3000151)
                [!provide]                PROVIDE (BLE_LL_ALL_IRQHandler = 0x3000151)
                0x03006b65                PROVIDE (ZIGBEE_MAC_IRQHandler = 0x3006b65)
                0x03000151                PROVIDE (ZIGBEE_MODEM_IRQHandler = 0x3000151)
                [!provide]                PROVIDE (RFP_TMU_IRQHandler = 0x3000151)
                [!provide]                PROVIDE (RFP_AGC_IRQHandler = 0x3000151)
                [!provide]                PROVIDE (ISO7816_IRQHandler = 0x3000151)
                [!provide]                PROVIDE (ANA_COMP_IRQHandler = 0x3000151)
                [!provide]                PROVIDE (WAKE_UP_TIMER0_IRQHandler = 0x3000151)
                [!provide]                PROVIDE (WAKE_UP_TIMER1_IRQHandler = 0x3000151)
                [!provide]                PROVIDE (PVT_AMBER0_IRQHandler = 0x3000151)
                [!provide]                PROVIDE (PVT_RED0_IRQHandler = 0x3000151)
                [!provide]                PROVIDE (PVT_AMBER1_IRQHandler = 0x3000151)
                [!provide]                PROVIDE (PVT_RED1_IRQHandler = 0x3000151)
                [!provide]                PROVIDE (Chip_LOWPOWER_SetUpLowPowerModeWakeUpTimer = 0x30038d1)
                [!provide]                PROVIDE (Chip_LOWPOWER_SetSystemFrequency = 0x3003d55)
                [!provide]                PROVIDE (Chip_LOWPOWER_SetMemoryLowPowerMode = 0x3003d89)
                [!provide]                PROVIDE (Chip_LOWPOWER_GetSystemVoltages = 0x3003de1)
                [!provide]                PROVIDE (Chip_LOWPOWER_SetSystemVoltages = 0x3003e99)
                [!provide]                PROVIDE (Chip_LOWPOWER_SetLowPowerMode = 0x300404d)
                [!provide]                PROVIDE (Chip_LOWPOWER_ChipSoftwareReset = 0x3003fa1)
                [!provide]                PROVIDE (Chip_LOWPOWER_ArmSoftwareReset = 0x300400d)
                0x00000400                BOOT_RESUME_STACK_SIZE = 0x400
                0x00000fe0                STACK_SIZE = 0xfe0
                0x00000000                FLASH_BASE_DEFAULT = 0x0
                0x000a0000                FLASH_SIZE_DEFAULT = 0xa0000
                0x04000400                RAM0_BASE_DEFAULT = 0x4000400
                0x00015c00                RAM0_SIZE_DEFAULT = 0x15c00
                0x00004000                FLASH_SIZE_SSBL = 0x4000
                0x0004f000                FLASH_SIZE_ZIGBEE_STACK = 0x4f000
                0x00040000                FLASH_SIZE_BLE_STACK = 0x40000
                0x00000000                FLASH_BASE_SSBL = FLASH_BASE_DEFAULT
                0x00004000                FLASH_BASE_ZIGBEE_STACK = (FLASH_BASE_SSBL + FLASH_SIZE_SSBL)
                0x00053000                FLASH_BASE_BLE_STACK = (FLASH_BASE_ZIGBEE_STACK + FLASH_SIZE_ZIGBEE_STACK)
                0x00000000                MEM_FLASH_BASE = DEFINED (MEM_FLASH_BASE)?MEM_FLASH_BASE:DEFINED (BUILD_SSBL)?FLASH_BASE_SSBL:DEFINED (BUILD_ZIGBEE_STACK)?FLASH_BASE_ZIGBEE_STACK:DEFINED (BUILD_BLE_STACK)?FLASH_BASE_BLE_STACK:FLASH_BASE_DEFAULT
                0x000a0000                MEM_FLASH_SIZE = DEFINED (MEM_FLASH_SIZE)?MEM_FLASH_SIZE:DEFINED (BUILD_SSBL)?FLASH_SIZE_SSBL:DEFINED (BUILD_ZIGBEE_STACK)?FLASH_SIZE_ZIGBEE_STACK:DEFINED (BUILD_BLE_STACK)?FLASH_SIZE_BLE_STACK:FLASH_SIZE_DEFAULT
                0x04000400                MEM_RAM0_BASE = DEFINED (MEM_RAM0_BASE)?MEM_RAM0_BASE:RAM0_BASE_DEFAULT
                0x00015c00                MEM_RAM0_SIZE = DEFINED (MEM_RAM0_SIZE)?MEM_RAM0_SIZE:RAM0_SIZE_DEFAULT
                0x00000000                __base_Flash640 = MEM_FLASH_BASE
                0x00000000                __base_Flash = MEM_FLASH_BASE
                0x000a0000                __top_Flash640 = (MEM_FLASH_BASE + MEM_FLASH_SIZE)
                0x000a0000                __top_Flash = (MEM_FLASH_BASE + MEM_FLASH_SIZE)
                0x04000400                __base_RAM0 = MEM_RAM0_BASE
                0x04000400                __base_RAM = MEM_RAM0_BASE
                0x04016000                __top_RAM0 = (MEM_RAM0_BASE + MEM_RAM0_SIZE)
                0x04016000                __top_RAM = (MEM_RAM0_BASE + MEM_RAM0_SIZE)
                0x04020000                __base_RAM1 = 0x4020000
                0x04020000                __base_RAM2 = 0x4020000
                0x04030000                __top_RAM1 = 0x4030000
                0x04030000                __top_RAM2 = 0x4030000
                0x00000150                _zigbee_hdr = (__base_Flash640 + 0x150)
                0x000002f4                HEAP_SIZE = DEFINED (HEAP_SIZE)?HEAP_SIZE:0x2f4
                0x00000000                m_flash_start = 0x0
                0x0009ffff                m_flash_end = 0x9ffff
                0x000a0000                m_flash_size = 0xa0000
                0x00000200                m_sector_size = 0x200
                0x00000200                m_fsl_prodInfo_size = m_sector_size
                0x0009ddff                m_fsl_prodInfo_end = ((m_flash_size - (0x11 * m_sector_size)) - 0x1)
                0x0009dc00                m_fsl_prodInfo_start = ((m_fsl_prodInfo_end - m_fsl_prodInfo_size) + 0x1)
                0x00007e00                NV_STORAGE_SIZE = (0x3f * m_sector_size)
                0x0009dbff                NV_STORAGE_START_ADDRESS = (m_fsl_prodInfo_start - 0x1)
                0x00095e00                NV_STORAGE_END_ADDRESS = ((NV_STORAGE_START_ADDRESS - NV_STORAGE_SIZE) + 0x1)
                0x00095dff                INT_STORAGE_START = (NV_STORAGE_END_ADDRESS - 0x1)
                0x00048000                INT_STORAGE_END = 0x48000
                0x0004ddff                INT_STORAGE_SIZE = (INT_STORAGE_START - INT_STORAGE_END)
                0x0009dc00                FREESCALE_PROD_DATA_BASE_ADDR = m_fsl_prodInfo_start
                0x00000200                INT_STORAGE_SECTOR_SIZE = m_sector_size
                0x00000200                M_VECTOR_RAM_SIZE = DEFINED (__ram_vector_table__)?vector_table_size:0x0

.headerA        0x00000000      0x150
                0x00000000                _flash_start = ABSOLUTE (.)
                0x00000000                _flash_beg = ABSOLUTE (.)
 FILL mask 0xff
                0x00000000                __vectors_start__ = ABSOLUTE (.)
                0x00000000                __VECTOR_TABLE = .
                0x00000000                __Vectors = .
 *(.isr_vector)
 .isr_vector    0x00000000      0x120 ../../../Binaries/DimmerSwitch_OM15082/obj/startup_K32W061.o
                0x00000000                g_pfnVectors
                0x00000120                . = ALIGN (0x4)
                0x00000120                __data_section_table = .
                0x00000120        0x4 LONG 0x26b10 LOADADDR (.data)
                0x00000124        0x4 LONG 0x40127b0 ADDR (.data)
                0x00000128        0x4 LONG 0x5e0 SIZEOF (.data)
                0x0000012c        0x4 LONG 0x26b0c LOADADDR (.data_RAM2)
                0x00000130        0x4 LONG 0x4020000 ADDR (.data_RAM2)
                0x00000134        0x4 LONG 0x0 SIZEOF (.data_RAM2)
                0x00000138                __data_discard_section_table = .
                0x00000138        0x4 LONG 0x26b0c LOADADDR (.data_discard)
                0x0000013c        0x4 LONG 0x4000600 ADDR (.data_discard)
                0x00000140        0x4 LONG 0x0 (_edata_discard - _data_discard)
                0x00000144                __data_section_table_end = .
 FILL mask 0xff
                0x00000150                . = ALIGN (0x10)
 *fill*         0x00000144        0xc ff

.ro_nonce       0x00000150        0x0
                0x00000150                _FlsNonceStart = ABSOLUTE (.)
 *(.ro_nonce)
 FILL mask 0xff
                0x00000150                . = ALIGN (0x10)

.ro_ota_header  0x00000150        0x0
                0x00000150                _enc_start = ABSOLUTE (.)
                0x00000150                _enc_offset = (_enc_start & 0xf)
                0x00000150                _FlsOtaHeader = ABSOLUTE (.)
 *(.ro_ota_header)
 FILL mask 0xff
                0x00000150                . = ALIGN (0x10)

.ro_se_lnkKey   0x00000150        0x0
                0x00000150                _FlsLinkKey = ABSOLUTE (.)
 *(.ro_se_lnkKey)
 FILL mask 0xff
                0x00000150                . = ALIGN (0x10)

.headerB        0x00000150       0x18
 FILL mask 0xff
                0x00000150                __bss_section_table = .
                0x00000150        0x4 LONG 0x4012d90 ADDR (.bss)
                0x00000154        0x4 LONG 0x3250 SIZEOF (.bss)
                0x00000158        0x4 LONG 0x4020000 ADDR (.bss_RAM2)
                0x0000015c        0x4 LONG 0x0 SIZEOF (.bss_RAM2)
                0x00000160                __bss_discard_section_table = .
                0x00000160        0x4 LONG 0x4000600 ADDR (.bss_discard)
                0x00000164        0x4 LONG 0xa5c (_ebss_discard - _bss_discard)
                0x00000168                __bss_section_table_end = .

.filler         0x00000168       0x18
                0x00000168        0x1 BYTE 0xff
 FILL mask 0xff
                0x00000180                . = ALIGN (0x40)
 *fill*         0x00000169       0x17 ff

.text           0x00000180    0x26984
 FILL mask 0xff
 *(.after_vectors*)
 .after_vectors.reset
                0x00000180       0x20 ../../../Binaries/DimmerSwitch_OM15082/obj/startup_K32W061.o
                0x00000180                ResetISR
 .after_vectors
                0x000001a0      0x18c ../../../Binaries/DimmerSwitch_OM15082/obj/startup_K32W061.o
                0x000001a0                WAKE_UP_TIMER0_IRQHandler
                0x000001a0                PWM8_IRQHandler
                0x000001a0                PWM5_IRQHandler
                0x000001a0                CIC_IRB_DriverIRQHandler
                0x000001a0                PWM9_IRQHandler
                0x000001a0                BLE_DP1_IRQHandler
                0x000001a0                PWM1_IRQHandler
                0x000001a0                BLE_DP2_IRQHandler
                0x000001a0                PWM6_IRQHandler
                0x000001a0                BLE_DP_IRQHandler
                0x000001a0                ADC_SEQB_IRQHandler
                0x000001a0                ADC_THCMP_OVR_IRQHandler
                0x000001a0                PIN_INT3_DriverIRQHandler
                0x000001a0                PIN_INT2_DriverIRQHandler
                0x000001a0                PWM3_IRQHandler
                0x000001a0                PIN_INT0_DriverIRQHandler
                0x000001a0                NFCTag_IRQHandler
                0x000001a0                BLE_LL_ALL_IRQHandler
                0x000001a0                IntDefaultHandler
                0x000001a0                ISO7816_IRQHandler
                0x000001a0                PVT_RED1_IRQHandler
                0x000001a0                DMIC0_DriverIRQHandler
                0x000001a0                RTC_IRQHandler
                0x000001a0                RFP_AGC_IRQHandler
                0x000001a0                PVT_AMBER0_IRQHandler
                0x000001a0                SHA_IRQHandler
                0x000001a0                BLE_DP0_IRQHandler
                0x000001a0                PWM2_IRQHandler
                0x000001a0                PIN_INT1_DriverIRQHandler
                0x000001a0                PVT_RED0_IRQHandler
                0x000001a0                HWVAD0_DriverIRQHandler
                0x000001a0                PVT_AMBER1_IRQHandler
                0x000001a0                PWM10_IRQHandler
                0x000001a0                PWM4_IRQHandler
                0x000001a0                PWM7_IRQHandler
                0x000001a0                MAILBOX_IRQHandler
                0x000001a0                BLE_WakeupTimer_IRQHandler
                0x000001a0                ADC_SEQA_IRQHandler
                0x000001a0                ANA_COMP_IRQHandler
                0x000001a0                SPIFI_IRQHandler
                0x000001a0                PWM0_IRQHandler
                0x000001a2                NMI_Handler
                0x000001ac                SVC_Handler
                0x000001ae                DebugMon_Handler
                0x000001b0                PendSV_Handler
                0x000001b4                MAC_154_IRQHandler
                0x000001d8                MODEM_154_IRQHandler
                0x000001fc                data_init
                0x00000210                bss_init
                0x00000232                ResetISR2
 *(.text*)
 .text.System_IRQHandler
                0x0000032c       0x78 ../../../Binaries/DimmerSwitch_OM15082/obj/app_main.o
                0x0000032c                System_IRQHandler
 .text.main_task
                0x000003a4       0x60 ../../../Binaries/DimmerSwitch_OM15082/obj/app_main.o
                0x000003a4                main_task
 .text.APP_vSetUpHardware
                0x00000404       0x9c ../../../Binaries/DimmerSwitch_OM15082/obj/app_main.o
                0x00000404                APP_vSetUpHardware
 .text.APP_vInitResources
                0x000004a0       0xb0 ../../../Binaries/DimmerSwitch_OM15082/obj/app_main.o
                0x000004a0                APP_vInitResources
 .text.APP_vInitLeds
                0x00000550       0x50 ../../../Binaries/DimmerSwitch_OM15082/obj/app_main.o
                0x00000550                APP_vInitLeds
 .text.APP_vSetLED
                0x000005a0       0x2c ../../../Binaries/DimmerSwitch_OM15082/obj/app_main.o
                0x000005a0                APP_vSetLED
 .text.APP_vRadioTempUpdate
                0x000005cc       0x94 ../../../Binaries/DimmerSwitch_OM15082/obj/app_main.o
                0x000005cc                APP_vRadioTempUpdate
 .text.bRadioCB_WriteNVM
                0x00000660       0x16 ../../../Binaries/DimmerSwitch_OM15082/obj/app_main.o
                0x00000660                bRadioCB_WriteNVM
 .text.u16RadioCB_ReadNVM
                0x00000676       0x22 ../../../Binaries/DimmerSwitch_OM15082/obj/app_main.o
                0x00000676                u16RadioCB_ReadNVM
 .text.ZPS_u8GrabMutexLock
                0x00000698       0x30 ../../../Binaries/DimmerSwitch_OM15082/obj/port_JN518x.o
                0x00000698                ZPS_u8GrabMutexLock
 .text.ZPS_u8ReleaseMutexLock
                0x000006c8       0x1e ../../../Binaries/DimmerSwitch_OM15082/obj/port_JN518x.o
                0x000006c8                ZPS_u8ReleaseMutexLock
 *fill*         0x000006e6        0x2 ff
 .text.ZPS_eEnterCriticalSection
                0x000006e8       0x2c ../../../Binaries/DimmerSwitch_OM15082/obj/port_JN518x.o
                0x000006e8                ZPS_eEnterCriticalSection
 .text.ZPS_eExitCriticalSection
                0x00000714       0x16 ../../../Binaries/DimmerSwitch_OM15082/obj/port_JN518x.o
                0x00000714                ZPS_eExitCriticalSection
 *fill*         0x0000072a        0x2 ff
 .text.PDUM_vInit
                0x0000072c       0x28 ../../../Binaries/DimmerSwitch_OM15082/obj/pdum_gen.o
                0x0000072c                PDUM_vInit
 .text.zps_vGetZpsMutex
                0x00000754        0x8 ../../../Binaries/DimmerSwitch_OM15082/obj/zps_gen.o
                0x00000754                zps_vGetZpsMutex
 .text.vZdoServersInit
                0x0000075c       0xe4 ../../../Binaries/DimmerSwitch_OM15082/obj/zps_gen.o
                0x0000075c                vZdoServersInit
 .text.ZPS_pvAplZdoGetAplHandle
                0x00000840        0xc ../../../Binaries/DimmerSwitch_OM15082/obj/zps_gen.o
                0x00000840                ZPS_pvAplZdoGetAplHandle
 .text.ZPS_u32ApsFcSaveCountBitShift
                0x0000084c        0x4 ../../../Binaries/DimmerSwitch_OM15082/obj/zps_gen.o
                0x0000084c                ZPS_u32ApsFcSaveCountBitShift
 .text.ZPS_psAplDefaultDistributedAPSLinkKey
                0x00000850        0x8 ../../../Binaries/DimmerSwitch_OM15082/obj/zps_gen.o
                0x00000850                ZPS_psAplDefaultDistributedAPSLinkKey
 .text.ZPS_psAplDefaultGlobalAPSLinkKey
                0x00000858        0x8 ../../../Binaries/DimmerSwitch_OM15082/obj/zps_gen.o
                0x00000858                ZPS_psAplDefaultGlobalAPSLinkKey
 .text.ZPS_ps_groupPdmTable
                0x00000860        0x8 ../../../Binaries/DimmerSwitch_OM15082/obj/zps_gen.o
                0x00000860                ZPS_ps_groupPdmTable
 .text.ZPS_pu8MaxZpsConfigEp
                0x00000868        0x8 ../../../Binaries/DimmerSwitch_OM15082/obj/zps_gen.o
                0x00000868                ZPS_pu8MaxZpsConfigEp
 .text.ZPS_pau8EpMapPresent
                0x00000870        0x8 ../../../Binaries/DimmerSwitch_OM15082/obj/zps_gen.o
                0x00000870                ZPS_pau8EpMapPresent
 .text.ZPS_u8ConfigStackProfileId
                0x00000878        0xc ../../../Binaries/DimmerSwitch_OM15082/obj/zps_gen.o
                0x00000878                ZPS_u8ConfigStackProfileId
 .text.ZPS_u32NwkFcSaveCountBitShift
                0x00000884        0x4 ../../../Binaries/DimmerSwitch_OM15082/obj/zps_gen.o
                0x00000884                ZPS_u32NwkFcSaveCountBitShift
 .text.ZPS_psMacIFTGetTable
                0x00000888        0x8 ../../../Binaries/DimmerSwitch_OM15082/obj/zps_gen.o
                0x00000888                ZPS_psMacIFTGetTable
 .text.ZPS_psMacIFTGetInterface
                0x00000890       0x18 ../../../Binaries/DimmerSwitch_OM15082/obj/zps_gen.o
                0x00000890                ZPS_psMacIFTGetInterface
 .text.ZPS_vGetGpContext
                0x000008a8        0xc ../../../Binaries/DimmerSwitch_OM15082/obj/zps_gen.o
                0x000008a8                ZPS_vGetGpContext
 .text.ZPS_vGetOptionalFeatures
                0x000008b4        0x2 ../../../Binaries/DimmerSwitch_OM15082/obj/zps_gen.o
                0x000008b4                ZPS_vGetOptionalFeatures
 *fill*         0x000008b6        0x2 ff
 .text.vfExtendedStatusCallBack
                0x000008b8        0xc ../../../Binaries/DimmerSwitch_OM15082/obj/app_start_switch.o
                0x000008b8                vfExtendedStatusCallBack
 .text.PreSleep
                0x000008c4       0x94 ../../../Binaries/DimmerSwitch_OM15082/obj/app_start_switch.o
 .text.Wakeup   0x00000958       0x38 ../../../Binaries/DimmerSwitch_OM15082/obj/app_start_switch.o
 .text.vAppMain
                0x00000990      0x104 ../../../Binaries/DimmerSwitch_OM15082/obj/app_start_switch.o
                0x00000990                vAppMain
 .text.vAppRegisterPWRCallbacks
                0x00000a94       0x1c ../../../Binaries/DimmerSwitch_OM15082/obj/app_start_switch.o
                0x00000a94                vAppRegisterPWRCallbacks
 .text.hardware_init
                0x00000ab0       0x30 ../../../Binaries/DimmerSwitch_OM15082/obj/app_start_switch.o
                0x00000ab0                hardware_init
 .text.eApp_ZCL_RegisterEndpoint
                0x00000ae0       0x10 ../../../Binaries/DimmerSwitch_OM15082/obj/App_DimmerSwitch.o
                0x00000ae0                eApp_ZCL_RegisterEndpoint
 .text.vAPP_ZCL_DeviceSpecific_Init
                0x00000af0       0x78 ../../../Binaries/DimmerSwitch_OM15082/obj/App_DimmerSwitch.o
                0x00000af0                vAPP_ZCL_DeviceSpecific_Init
 .text.vAPP_ZCL_DeviceSpecific_SetIdentifyTime
                0x00000b68        0xc ../../../Binaries/DimmerSwitch_OM15082/obj/App_DimmerSwitch.o
                0x00000b68                vAPP_ZCL_DeviceSpecific_SetIdentifyTime
 .text.vAPP_ZCL_DeviceSpecific_UpdateIdentify
                0x00000b74       0x14 ../../../Binaries/DimmerSwitch_OM15082/obj/App_DimmerSwitch.o
                0x00000b74                vAPP_ZCL_DeviceSpecific_UpdateIdentify
 .text.vAPP_ZCL_DeviceSpecific_IdentifyOff
                0x00000b88       0x14 ../../../Binaries/DimmerSwitch_OM15082/obj/App_DimmerSwitch.o
                0x00000b88                vAPP_ZCL_DeviceSpecific_IdentifyOff
 .text.app_u8GetDeviceEndpoint
                0x00000b9c        0x4 ../../../Binaries/DimmerSwitch_OM15082/obj/App_DimmerSwitch.o
                0x00000b9c                app_u8GetDeviceEndpoint
 .text.vWakeCallBack
                0x00000ba0       0x10 ../../../Binaries/DimmerSwitch_OM15082/obj/app_zlo_switch_node.o
                0x00000ba0                vWakeCallBack
 .text.vHandleJoinAndRejoin
                0x00000bb0       0x7c ../../../Binaries/DimmerSwitch_OM15082/obj/app_zlo_switch_node.o
 .text.vLoadKeepAliveTime
                0x00000c2c       0x3c ../../../Binaries/DimmerSwitch_OM15082/obj/app_zlo_switch_node.o
 .text.vLoadDeepSleepTimer
                0x00000c68       0x14 ../../../Binaries/DimmerSwitch_OM15082/obj/app_zlo_switch_node.o
                0x00000c68                vLoadDeepSleepTimer
 .text.bGoingDeepSleep
                0x00000c7c       0x10 ../../../Binaries/DimmerSwitch_OM15082/obj/app_zlo_switch_node.o
                0x00000c7c                bGoingDeepSleep
 .text.bWaitingToSleep
                0x00000c8c       0x10 ../../../Binaries/DimmerSwitch_OM15082/obj/app_zlo_switch_node.o
                0x00000c8c                bWaitingToSleep
 .text.vAppOnOff
                0x00000c9c       0x40 ../../../Binaries/DimmerSwitch_OM15082/obj/app_zlo_switch_node.o
                0x00000c9c                vAppOnOff
 .text.vAppLevelMove
                0x00000cdc       0x4c ../../../Binaries/DimmerSwitch_OM15082/obj/app_zlo_switch_node.o
                0x00000cdc                vAppLevelMove
 .text.vAppLevelStop
                0x00000d28       0x44 ../../../Binaries/DimmerSwitch_OM15082/obj/app_zlo_switch_node.o
                0x00000d28                vAppLevelStop
 .text.vReloadSleepTimers
                0x00000d6c       0x12 ../../../Binaries/DimmerSwitch_OM15082/obj/app_zlo_switch_node.o
                0x00000d6c                vReloadSleepTimers
 *fill*         0x00000d7e        0x2 ff
 .text.APP_taskSwitch
                0x00000d80       0x7c ../../../Binaries/DimmerSwitch_OM15082/obj/app_zlo_switch_node.o
                0x00000d80                APP_taskSwitch
 .text.vUpdateKeepAliveTimer
                0x00000dfc       0xe4 ../../../Binaries/DimmerSwitch_OM15082/obj/app_zlo_switch_node.o
                0x00000dfc                vUpdateKeepAliveTimer
 .text.APP_cbTimerPoll
                0x00000ee0       0x64 ../../../Binaries/DimmerSwitch_OM15082/obj/app_zlo_switch_node.o
                0x00000ee0                APP_cbTimerPoll
 .text.APP_vStartUpHW
                0x00000f44       0x30 ../../../Binaries/DimmerSwitch_OM15082/obj/app_zlo_switch_node.o
                0x00000f44                APP_vStartUpHW
 .text.APP_vFactoryResetRecords
                0x00000f74       0x44 ../../../Binaries/DimmerSwitch_OM15082/obj/app_zlo_switch_node.o
                0x00000f74                APP_vFactoryResetRecords
 .text.APP_vBdbCallback
                0x00000fb8      0x2f0 ../../../Binaries/DimmerSwitch_OM15082/obj/app_zlo_switch_node.o
                0x00000fb8                APP_vBdbCallback
 .text.APP_vInitialiseNode
                0x000012a8      0x130 ../../../Binaries/DimmerSwitch_OM15082/obj/app_zlo_switch_node.o
                0x000012a8                APP_vInitialiseNode
 .text.APP_ZCL_cbGeneralCallback
                0x000013d8        0x2 ../../../Binaries/DimmerSwitch_OM15082/obj/app_zcl_switch_task.o
 .text.vSetThreeLeds
                0x000013da       0x22 ../../../Binaries/DimmerSwitch_OM15082/obj/app_zcl_switch_task.o
 .text.APP_ZCL_cbEndpointCallback
                0x000013fc       0x88 ../../../Binaries/DimmerSwitch_OM15082/obj/app_zcl_switch_task.o
 .text.APP_ZCL_vInitialise
                0x00001484       0x48 ../../../Binaries/DimmerSwitch_OM15082/obj/app_zcl_switch_task.o
                0x00001484                APP_ZCL_vInitialise
 .text.APP_vRadioTempUpdateMs
                0x000014cc       0x10 ../../../Binaries/DimmerSwitch_OM15082/obj/app_zcl_switch_task.o
                0x000014cc                APP_vRadioTempUpdateMs
 .text.APP_cbTimerZclTick
                0x000014dc       0x98 ../../../Binaries/DimmerSwitch_OM15082/obj/app_zcl_switch_task.o
                0x000014dc                APP_cbTimerZclTick
 .text.APP_ZCL_vEventHandler
                0x00001574       0x18 ../../../Binaries/DimmerSwitch_OM15082/obj/app_zcl_switch_task.o
                0x00001574                APP_ZCL_vEventHandler
 .text.gint_callback
                0x0000158c       0x38 ../../../Binaries/DimmerSwitch_OM15082/obj/app_buttons.o
                0x0000158c                gint_callback
 .text.APP_u32GetSwitchIOState
                0x000015c4       0x1c ../../../Binaries/DimmerSwitch_OM15082/obj/app_buttons.o
                0x000015c4                APP_u32GetSwitchIOState
 .text.APP_cbTimerButtonScan
                0x000015e0       0xd0 ../../../Binaries/DimmerSwitch_OM15082/obj/app_buttons.o
                0x000015e0                APP_cbTimerButtonScan
 .text.APP_bButtonInitialise
                0x000016b0       0x90 ../../../Binaries/DimmerSwitch_OM15082/obj/app_buttons.o
                0x000016b0                APP_bButtonInitialise
 .text.vSwitchStateMachine
                0x00001740      0x104 ../../../Binaries/DimmerSwitch_OM15082/obj/app_switch_state_machine.o
 .text.vApp_ProcessKeyCombination
                0x00001844       0xb8 ../../../Binaries/DimmerSwitch_OM15082/obj/app_switch_state_machine.o
                0x00001844                vApp_ProcessKeyCombination
 .text.eGetSwitchState
                0x000018fc        0xc ../../../Binaries/DimmerSwitch_OM15082/obj/app_switch_state_machine.o
                0x000018fc                eGetSwitchState
 .text.DbgConsole_SendDataReliable
                0x00001908       0x4c ../../../Binaries/DimmerSwitch_OM15082/obj/fsl_debug_console.o
                0x00001908                DbgConsole_SendDataReliable
 .text.DbgConsole_PrintCallback
                0x00001954       0x3a ../../../Binaries/DimmerSwitch_OM15082/obj/fsl_debug_console.o
 *fill*         0x0000198e        0x2 ff
 .text.DbgConsole_Init
                0x00001990       0x9c ../../../Binaries/DimmerSwitch_OM15082/obj/fsl_debug_console.o
                0x00001990                DbgConsole_Init
 .text.DbgConsole_Deinit
                0x00001a2c       0x38 ../../../Binaries/DimmerSwitch_OM15082/obj/fsl_debug_console.o
                0x00001a2c                DbgConsole_Deinit
 .text.DbgConsole_Printf
                0x00001a64       0x40 ../../../Binaries/DimmerSwitch_OM15082/obj/fsl_debug_console.o
                0x00001a64                DbgConsole_Printf
 .text.GPIO_PinInit
                0x00001aa4       0x2e ../../../Binaries/DimmerSwitch_OM15082/obj/fsl_gpio.o
                0x00001aa4                GPIO_PinInit
 *fill*         0x00001ad2        0x2 ff
 .text.BOARD_InitClocks
                0x00001ad4       0x98 ../../../Binaries/DimmerSwitch_OM15082/obj/hardware_init.o
                0x00001ad4                BOARD_InitClocks
 .text.BOARD_InitHardware
                0x00001b6c       0x4c ../../../Binaries/DimmerSwitch_OM15082/obj/hardware_init.o
                0x00001b6c                BOARD_InitHardware
 .text.BOARD_InitPins
                0x00001bb8       0x1c ../../../Binaries/DimmerSwitch_OM15082/obj/pin_mux.o
                0x00001bb8                BOARD_InitPins
 .text.BOARD_SetPinsForPowerMode
                0x00001bd4       0x34 ../../../Binaries/DimmerSwitch_OM15082/obj/pin_mux.o
                0x00001bd4                BOARD_SetPinsForPowerMode
 .text.GINT_GetInstance
                0x00001c08       0x28 ../../../Binaries/DimmerSwitch_OM15082/obj/fsl_gint.o
 .text.GINT_Init
                0x00001c30       0x24 ../../../Binaries/DimmerSwitch_OM15082/obj/fsl_gint.o
                0x00001c30                GINT_Init
 .text.GINT_SetCtrl
                0x00001c54       0x2c ../../../Binaries/DimmerSwitch_OM15082/obj/fsl_gint.o
                0x00001c54                GINT_SetCtrl
 .text.GINT_ConfigPins
                0x00001c80        0xa ../../../Binaries/DimmerSwitch_OM15082/obj/fsl_gint.o
                0x00001c80                GINT_ConfigPins
 *fill*         0x00001c8a        0x2 ff
 .text.GINT_EnableCallback
                0x00001c8c       0x20 ../../../Binaries/DimmerSwitch_OM15082/obj/fsl_gint.o
                0x00001c8c                GINT_EnableCallback
 .text.GINT_DisableCallback
                0x00001cac       0x2c ../../../Binaries/DimmerSwitch_OM15082/obj/fsl_gint.o
                0x00001cac                GINT_DisableCallback
 .text.GINT0_DriverIRQHandler
                0x00001cd8       0x24 ../../../Binaries/DimmerSwitch_OM15082/obj/fsl_gint.o
                0x00001cd8                GINT0_DriverIRQHandler
 .text.flashConfig_ExtractGpAdcTrimValues
                0x00001cfc       0x34 ../../../Binaries/DimmerSwitch_OM15082/obj/temp_sensor_drv.o
                0x00001cfc                flashConfig_ExtractGpAdcTrimValues
 .text.flashConfig_ExtractTempSensorTrimValues
                0x00001d30       0x60 ../../../Binaries/DimmerSwitch_OM15082/obj/temp_sensor_drv.o
                0x00001d30                flashConfig_ExtractTempSensorTrimValues
 .text.temp_computation
                0x00001d90       0x80 ../../../Binaries/DimmerSwitch_OM15082/obj/temp_sensor_drv.o
                0x00001d90                temp_computation
 .text.ADC_Configuration
                0x00001e10       0x78 ../../../Binaries/DimmerSwitch_OM15082/obj/temp_sensor_drv.o
                0x00001e10                ADC_Configuration
 .text.load_calibration_param_from_flash
                0x00001e88       0x84 ../../../Binaries/DimmerSwitch_OM15082/obj/temp_sensor_drv.o
                0x00001e88                load_calibration_param_from_flash
 .text.get_temperature
                0x00001f0c      0x118 ../../../Binaries/DimmerSwitch_OM15082/obj/temp_sensor_drv.o
                0x00001f0c                get_temperature
 .text.ADC_GetInstance.part.0
                0x00002024       0x1c ../../../Binaries/DimmerSwitch_OM15082/obj/fsl_adc.o
 .text.ADC_Init
                0x00002040       0xa4 ../../../Binaries/DimmerSwitch_OM15082/obj/fsl_adc.o
                0x00002040                ADC_Init
 .text.ADC_SetConvSeqAConfig
                0x000020e4       0x54 ../../../Binaries/DimmerSwitch_OM15082/obj/fsl_adc.o
                0x000020e4                ADC_SetConvSeqAConfig
 .text.ADC_GetChannelConversionResult
                0x00002138       0x80 ../../../Binaries/DimmerSwitch_OM15082/obj/fsl_adc.o
                0x00002138                ADC_GetChannelConversionResult
 .text.ADC_EnableTemperatureSensor
                0x000021b8       0x4c ../../../Binaries/DimmerSwitch_OM15082/obj/fsl_adc.o
                0x000021b8                ADC_EnableTemperatureSensor
 .text.BOARD_GetClock32MCapacitanceCharacteristics
                0x00002204        0x8 ../../../Binaries/DimmerSwitch_OM15082/obj/board_utility.o
                0x00002204                BOARD_GetClock32MCapacitanceCharacteristics
 .text.ZQ_vQueueCreate
                0x0000220c        0xe ../../../Binaries/DimmerSwitch_OM15082/obj/ZQueue.o
                0x0000220c                ZQ_vQueueCreate
 .text.ZQ_bQueueSend
                0x0000221a       0x4a ../../../Binaries/DimmerSwitch_OM15082/obj/ZQueue.o
                0x0000221a                ZQ_bQueueSend
 .text.ZQ_bQueueReceive
                0x00002264       0x3a ../../../Binaries/DimmerSwitch_OM15082/obj/ZQueue.o
                0x00002264                ZQ_bQueueReceive
 .text.ZQ_u32QueueGetQueueSize
                0x0000229e        0x4 ../../../Binaries/DimmerSwitch_OM15082/obj/ZQueue.o
                0x0000229e                ZQ_u32QueueGetQueueSize
 .text.ZQ_u32QueueGetQueueMessageWaiting
                0x000022a2        0x4 ../../../Binaries/DimmerSwitch_OM15082/obj/ZQueue.o
                0x000022a2                ZQ_u32QueueGetQueueMessageWaiting
 *fill*         0x000022a6        0x2 ff
 .text.ZTIMER_eInit
                0x000022a8       0x24 ../../../Binaries/DimmerSwitch_OM15082/obj/ZTimer.o
                0x000022a8                ZTIMER_eInit
 .text.ZTIMER_vTask
                0x000022cc       0x90 ../../../Binaries/DimmerSwitch_OM15082/obj/ZTimer.o
                0x000022cc                ZTIMER_vTask
 .text.ZTIMER_eOpen
                0x0000235c       0x38 ../../../Binaries/DimmerSwitch_OM15082/obj/ZTimer.o
                0x0000235c                ZTIMER_eOpen
 .text.ZTIMER_eStart
                0x00002394       0x50 ../../../Binaries/DimmerSwitch_OM15082/obj/ZTimer.o
                0x00002394                ZTIMER_eStart
 .text.ZTIMER_eStop
                0x000023e4       0x48 ../../../Binaries/DimmerSwitch_OM15082/obj/ZTimer.o
                0x000023e4                ZTIMER_eStop
 .text.ZTIMER_eGetState
                0x0000242c       0x10 ../../../Binaries/DimmerSwitch_OM15082/obj/ZTimer.o
                0x0000242c                ZTIMER_eGetState
 .text.ZPS_pau8GetBdbDistributedLinkKey
                0x0000243c        0x8 ../../../Binaries/DimmerSwitch_OM15082/obj/app_zps_link_keys.o
                0x0000243c                ZPS_pau8GetBdbDistributedLinkKey
 .text.OSA_EnableIRQGlobal
                0x00002444       0x14 ../../../Binaries/DimmerSwitch_OM15082/obj/fsl_os_abstraction_bm.o
                0x00002444                OSA_EnableIRQGlobal
 .text.OSA_DisableIRQGlobal
                0x00002458       0x10 ../../../Binaries/DimmerSwitch_OM15082/obj/fsl_os_abstraction_bm.o
                0x00002458                OSA_DisableIRQGlobal
 .text.task_init
                0x00002468       0x3c ../../../Binaries/DimmerSwitch_OM15082/obj/fsl_os_abstraction_bm.o
                0x00002468                task_init
 .text.OSA_TaskCreate
                0x000024a4       0x80 ../../../Binaries/DimmerSwitch_OM15082/obj/fsl_os_abstraction_bm.o
                0x000024a4                OSA_TaskCreate
 .text.OSA_TimeInit
                0x00002524       0x30 ../../../Binaries/DimmerSwitch_OM15082/obj/fsl_os_abstraction_bm.o
                0x00002524                OSA_TimeInit
 .text.OSA_TimeGetMsec
                0x00002554        0xc ../../../Binaries/DimmerSwitch_OM15082/obj/fsl_os_abstraction_bm.o
                0x00002554                OSA_TimeGetMsec
 .text.OSA_EventCreate
                0x00002560        0x4 ../../../Binaries/DimmerSwitch_OM15082/obj/fsl_os_abstraction_bm.o
                0x00002560                OSA_EventCreate
 .text.OSA_EventSet
                0x00002564        0x4 ../../../Binaries/DimmerSwitch_OM15082/obj/fsl_os_abstraction_bm.o
                0x00002564                OSA_EventSet
 .text.OSA_EventWait
                0x00002568        0x4 ../../../Binaries/DimmerSwitch_OM15082/obj/fsl_os_abstraction_bm.o
                0x00002568                OSA_EventWait
 .text.OSA_InterruptEnable
                0x0000256c        0x4 ../../../Binaries/DimmerSwitch_OM15082/obj/fsl_os_abstraction_bm.o
                0x0000256c                OSA_InterruptEnable
 .text.OSA_InterruptDisable
                0x00002570        0x4 ../../../Binaries/DimmerSwitch_OM15082/obj/fsl_os_abstraction_bm.o
                0x00002570                OSA_InterruptDisable
 .text.OSA_InterruptEnableRestricted
                0x00002574       0x1a ../../../Binaries/DimmerSwitch_OM15082/obj/fsl_os_abstraction_bm.o
                0x00002574                OSA_InterruptEnableRestricted
 .text.OSA_InterruptEnableRestore
                0x0000258e        0x8 ../../../Binaries/DimmerSwitch_OM15082/obj/fsl_os_abstraction_bm.o
                0x0000258e                OSA_InterruptEnableRestore
 .text.OSA_InstallIntHandler
                0x00002596        0x6 ../../../Binaries/DimmerSwitch_OM15082/obj/fsl_os_abstraction_bm.o
                0x00002596                OSA_InstallIntHandler
 .text.OSA_Start
                0x0000259c       0x2c ../../../Binaries/DimmerSwitch_OM15082/obj/fsl_os_abstraction_bm.o
                0x0000259c                OSA_Start
 .text.startup.main
                0x000025c8       0x20 ../../../Binaries/DimmerSwitch_OM15082/obj/fsl_os_abstraction_bm.o
                0x000025c8                main
 .text.SysTick_Handler
                0x000025e8       0x10 ../../../Binaries/DimmerSwitch_OM15082/obj/fsl_os_abstraction_bm.o
                0x000025e8                SysTick_Handler
 .text.zps_bAplZdpUnpackNwkAddressResponse.part.0
                0x000025f8       0x84 ../../../Binaries/DimmerSwitch_OM15082/obj/appZdpExtraction.o
 .text.zps_bAplZdpUnpackIeeeAddressResponse
                0x0000267c        0x8 ../../../Binaries/DimmerSwitch_OM15082/obj/appZdpExtraction.o
                0x0000267c                zps_bAplZdpUnpackIeeeAddressResponse
 .text.zps_bAplZdpUnpackNodeDescResponse
                0x00002684       0x78 ../../../Binaries/DimmerSwitch_OM15082/obj/appZdpExtraction.o
                0x00002684                zps_bAplZdpUnpackNodeDescResponse
 .text.zps_bAplZdpUnpackSimpleDescResponse
                0x000026fc       0xba ../../../Binaries/DimmerSwitch_OM15082/obj/appZdpExtraction.o
                0x000026fc                zps_bAplZdpUnpackSimpleDescResponse
 *fill*         0x000027b6        0x2 ff
 .text.ZPS_bAppAddBeaconFilter
                0x000027b8        0xc ../../../Binaries/DimmerSwitch_OM15082/obj/appZpsBeaconHandler.o
                0x000027b8                ZPS_bAppAddBeaconFilter
 .text.ZPS_bAppRemoveBeaconFilter
                0x000027c4        0xc ../../../Binaries/DimmerSwitch_OM15082/obj/appZpsBeaconHandler.o
                0x000027c4                ZPS_bAppRemoveBeaconFilter
 .text.ZPS_bAppPassBeaconToHigherLayer
                0x000027d0      0x10c ../../../Binaries/DimmerSwitch_OM15082/obj/appZpsBeaconHandler.o
                0x000027d0                ZPS_bAppPassBeaconToHigherLayer
 .text.BOARD_InitDebugConsole
                0x000028dc       0x28 ../../../Binaries/DimmerSwitch_OM15082/obj/board.o
                0x000028dc                BOARD_InitDebugConsole
 .text.BOARD_DbgDiagEnable
                0x00002904        0x2 ../../../Binaries/DimmerSwitch_OM15082/obj/board.o
                0x00002904                BOARD_DbgDiagEnable
 .text.BOARD_GetCtimerClock
                0x00002906        0x4 ../../../Binaries/DimmerSwitch_OM15082/obj/board.o
                0x00002906                BOARD_GetCtimerClock
 *fill*         0x0000290a        0x2 ff
 .text.SystemCoreClockUpdate
                0x0000290c       0xa0 ../../../Binaries/DimmerSwitch_OM15082/obj/system_K32W061.o
                0x0000290c                SystemCoreClockUpdate
 .text.SystemInit
                0x000029ac       0x44 ../../../Binaries/DimmerSwitch_OM15082/obj/system_K32W061.o
                0x000029ac                SystemInit
 .text.DMIC0_IRQHandler
                0x000029f0        0x8 ../../../Binaries/DimmerSwitch_OM15082/obj/startup_K32W061.o
                0x000029f0                DMIC0_IRQHandler
 .text.CIC_IRB_IRQHandler
                0x000029f8        0x8 ../../../Binaries/DimmerSwitch_OM15082/obj/startup_K32W061.o
                0x000029f8                CIC_IRB_IRQHandler
 .text.HWVAD0_IRQHandler
                0x00002a00        0x8 ../../../Binaries/DimmerSwitch_OM15082/obj/startup_K32W061.o
                0x00002a00                HWVAD0_IRQHandler
 .text.PINT0_IRQHandler
                0x00002a08        0x8 ../../../Binaries/DimmerSwitch_OM15082/obj/startup_K32W061.o
                0x00002a08                PINT0_IRQHandler
 .text.PINT1_IRQHandler
                0x00002a10        0x8 ../../../Binaries/DimmerSwitch_OM15082/obj/startup_K32W061.o
                0x00002a10                PINT1_IRQHandler
 .text.PINT2_IRQHandler
                0x00002a18        0x8 ../../../Binaries/DimmerSwitch_OM15082/obj/startup_K32W061.o
                0x00002a18                PINT2_IRQHandler
 .text.PINT3_IRQHandler
                0x00002a20        0x8 ../../../Binaries/DimmerSwitch_OM15082/obj/startup_K32W061.o
                0x00002a20                PINT3_IRQHandler
 .text.GINT0_IRQHandler
                0x00002a28        0x8 ../../../Binaries/DimmerSwitch_OM15082/obj/startup_K32W061.o
                0x00002a28                GINT0_IRQHandler
 .text.CTIMER0_IRQHandler
                0x00002a30        0x8 ../../../Binaries/DimmerSwitch_OM15082/obj/startup_K32W061.o
                0x00002a30                CTIMER0_IRQHandler
 .text.CTIMER1_IRQHandler
                0x00002a38        0x8 ../../../Binaries/DimmerSwitch_OM15082/obj/startup_K32W061.o
                0x00002a38                CTIMER1_IRQHandler
 .text.FLEXCOMM0_IRQHandler
                0x00002a40        0x8 ../../../Binaries/DimmerSwitch_OM15082/obj/startup_K32W061.o
                0x00002a40                FLEXCOMM0_IRQHandler
 .text.FLEXCOMM1_IRQHandler
                0x00002a48        0x8 ../../../Binaries/DimmerSwitch_OM15082/obj/startup_K32W061.o
                0x00002a48                FLEXCOMM1_IRQHandler
 .text.FLEXCOMM2_IRQHandler
                0x00002a50        0x8 ../../../Binaries/DimmerSwitch_OM15082/obj/startup_K32W061.o
                0x00002a50                FLEXCOMM2_IRQHandler
 .text.FLEXCOMM3_IRQHandler
                0x00002a58        0x8 ../../../Binaries/DimmerSwitch_OM15082/obj/startup_K32W061.o
                0x00002a58                FLEXCOMM3_IRQHandler
 .text.FLEXCOMM4_IRQHandler
                0x00002a60        0x8 ../../../Binaries/DimmerSwitch_OM15082/obj/startup_K32W061.o
                0x00002a60                FLEXCOMM4_IRQHandler
 .text.FLEXCOMM5_IRQHandler
                0x00002a68        0x8 ../../../Binaries/DimmerSwitch_OM15082/obj/startup_K32W061.o
                0x00002a68                FLEXCOMM5_IRQHandler
 .text.FLEXCOMM6_IRQHandler
                0x00002a70        0x8 ../../../Binaries/DimmerSwitch_OM15082/obj/startup_K32W061.o
                0x00002a70                FLEXCOMM6_IRQHandler
 .text.WWDT_GetInstance
                0x00002a78       0x28 ../../../Binaries/DimmerSwitch_OM15082/obj/fsl_wwdt.o
 .text.WWDT_GetDefaultConfig
                0x00002aa0       0x3c ../../../Binaries/DimmerSwitch_OM15082/obj/fsl_wwdt.o
                0x00002aa0                WWDT_GetDefaultConfig
 .text.WWDT_Init
                0x00002adc       0xc0 ../../../Binaries/DimmerSwitch_OM15082/obj/fsl_wwdt.o
                0x00002adc                WWDT_Init
 .text.WWDT_Deinit
                0x00002b9c       0x10 ../../../Binaries/DimmerSwitch_OM15082/obj/fsl_wwdt.o
                0x00002b9c                WWDT_Deinit
 .text.WWDT_Refresh
                0x00002bac       0x14 ../../../Binaries/DimmerSwitch_OM15082/obj/fsl_wwdt.o
                0x00002bac                WWDT_Refresh
 .text.WWDT_ClearStatusFlags
                0x00002bc0       0x28 ../../../Binaries/DimmerSwitch_OM15082/obj/fsl_wwdt.o
                0x00002bc0                WWDT_ClearStatusFlags
 .text.CLOCK_u8OscCapConvert
                0x00002be8       0x22 ../../../Binaries/DimmerSwitch_OM15082/obj/fsl_clock.o
 *fill*         0x00002c0a        0x2 ff
 .text.CLOCK_AttachClk
                0x00002c0c      0x108 ../../../Binaries/DimmerSwitch_OM15082/obj/fsl_clock.o
                0x00002c0c                CLOCK_AttachClk
 .text.CLOCK_SetClkDiv
                0x00002d14       0x5a ../../../Binaries/DimmerSwitch_OM15082/obj/fsl_clock.o
                0x00002d14                CLOCK_SetClkDiv
 *fill*         0x00002d6e        0x2 ff
 .text.CLOCK_GetXtal32kFreq
                0x00002d70       0x18 ../../../Binaries/DimmerSwitch_OM15082/obj/fsl_clock.o
                0x00002d70                CLOCK_GetXtal32kFreq
 .text.CLOCK_GetFro32kFreq
                0x00002d88       0x18 ../../../Binaries/DimmerSwitch_OM15082/obj/fsl_clock.o
                0x00002d88                CLOCK_GetFro32kFreq
 .text.CLOCK_GetOsc32kFreq
                0x00002da0       0x14 ../../../Binaries/DimmerSwitch_OM15082/obj/fsl_clock.o
                0x00002da0                CLOCK_GetOsc32kFreq
 .text.CLOCK_GetFro12MFreq
                0x00002db4       0x18 ../../../Binaries/DimmerSwitch_OM15082/obj/fsl_clock.o
                0x00002db4                CLOCK_GetFro12MFreq
 .text.CLOCK_GetFro32MFreq
                0x00002dcc       0x18 ../../../Binaries/DimmerSwitch_OM15082/obj/fsl_clock.o
                0x00002dcc                CLOCK_GetFro32MFreq
 .text.CLOCK_GetOsc32MFreq
                0x00002de4       0x18 ../../../Binaries/DimmerSwitch_OM15082/obj/fsl_clock.o
                0x00002de4                CLOCK_GetOsc32MFreq
 .text.CLOCK_GetWdtOscFreq
                0x00002dfc       0x2c ../../../Binaries/DimmerSwitch_OM15082/obj/fsl_clock.o
                0x00002dfc                CLOCK_GetWdtOscFreq
 .text.CLOCK_GetFro48MFreq
                0x00002e28       0x18 ../../../Binaries/DimmerSwitch_OM15082/obj/fsl_clock.o
                0x00002e28                CLOCK_GetFro48MFreq
 .text.CLOCK_GetPWMClockFreq
                0x00002e40       0x1e ../../../Binaries/DimmerSwitch_OM15082/obj/fsl_clock.o
                0x00002e40                CLOCK_GetPWMClockFreq
 *fill*         0x00002e5e        0x2 ff
 .text.CLOCK_GetMainClockRate
                0x00002e60       0x40 ../../../Binaries/DimmerSwitch_OM15082/obj/fsl_clock.o
                0x00002e60                CLOCK_GetMainClockRate
 .text.CLOCK_GetCoreSysClkFreq
                0x00002ea0       0x18 ../../../Binaries/DimmerSwitch_OM15082/obj/fsl_clock.o
                0x00002ea0                CLOCK_GetCoreSysClkFreq
 .text.CLOCK_GetFRGInputClock
                0x00002eb8       0x26 ../../../Binaries/DimmerSwitch_OM15082/obj/fsl_clock.o
                0x00002eb8                CLOCK_GetFRGInputClock
 .text.CLOCK_GetFRGClock
                0x00002ede       0x32 ../../../Binaries/DimmerSwitch_OM15082/obj/fsl_clock.o
                0x00002ede                CLOCK_GetFRGClock
 .text.CLOCK_GetFro64MFreq
                0x00002f10       0x18 ../../../Binaries/DimmerSwitch_OM15082/obj/fsl_clock.o
                0x00002f10                CLOCK_GetFro64MFreq
 .text.CLOCK_GetClkOutFreq
                0x00002f28       0x64 ../../../Binaries/DimmerSwitch_OM15082/obj/fsl_clock.o
                0x00002f28                CLOCK_GetClkOutFreq
 .text.CLOCK_GetSpifiOscFreq
                0x00002f8c       0x48 ../../../Binaries/DimmerSwitch_OM15082/obj/fsl_clock.o
                0x00002f8c                CLOCK_GetSpifiOscFreq
 .text.CLOCK_GetApbCLkFreq
                0x00002fd4       0x2c ../../../Binaries/DimmerSwitch_OM15082/obj/fsl_clock.o
                0x00002fd4                CLOCK_GetApbCLkFreq
 .text.CLOCK_GetFreq
                0x00003000      0x108 ../../../Binaries/DimmerSwitch_OM15082/obj/fsl_clock.o
                0x00003000                CLOCK_GetFreq
 .text.CLOCK_DisableClock
                0x00003108       0xa4 ../../../Binaries/DimmerSwitch_OM15082/obj/fsl_clock.o
                0x00003108                CLOCK_DisableClock
 .text.CLOCK_IsClockEnable
                0x000031ac       0x1e ../../../Binaries/DimmerSwitch_OM15082/obj/fsl_clock.o
                0x000031ac                CLOCK_IsClockEnable
 .text.CLOCK_EnableAPBBridge
                0x000031ca        0xe ../../../Binaries/DimmerSwitch_OM15082/obj/fsl_clock.o
                0x000031ca                CLOCK_EnableAPBBridge
 .text.CLOCK_uDelay
                0x000031d8       0x60 ../../../Binaries/DimmerSwitch_OM15082/obj/fsl_clock.o
                0x000031d8                CLOCK_uDelay
 .text.CLOCK_SetXtal32M_LDO
                0x00003238       0x30 ../../../Binaries/DimmerSwitch_OM15082/obj/fsl_clock.o
                0x00003238                CLOCK_SetXtal32M_LDO
 .text.CLOCK_Xtal32M_Trim
                0x00003268       0xf0 ../../../Binaries/DimmerSwitch_OM15082/obj/fsl_clock.o
                0x00003268                CLOCK_Xtal32M_Trim
 .text.CLOCK_XtalBasicTrim
                0x00003358       0x30 ../../../Binaries/DimmerSwitch_OM15082/obj/fsl_clock.o
                0x00003358                CLOCK_XtalBasicTrim
 .text.CLOCK_Xtal32M_WaitUntilStable
                0x00003388       0x14 ../../../Binaries/DimmerSwitch_OM15082/obj/fsl_clock.o
                0x00003388                CLOCK_Xtal32M_WaitUntilStable
 .text.CLOCK_EnableClock
                0x0000339c       0xe0 ../../../Binaries/DimmerSwitch_OM15082/obj/fsl_clock.o
                0x0000339c                CLOCK_EnableClock
 .text.RESET_SetPeripheralReset
                0x0000347c       0x54 ../../../Binaries/DimmerSwitch_OM15082/obj/fsl_reset.o
                0x0000347c                RESET_SetPeripheralReset
 .text.RESET_ClearPeripheralReset
                0x000034d0       0x58 ../../../Binaries/DimmerSwitch_OM15082/obj/fsl_reset.o
                0x000034d0                RESET_ClearPeripheralReset
 .text.RESET_PeripheralReset
                0x00003528       0x12 ../../../Binaries/DimmerSwitch_OM15082/obj/fsl_reset.o
                0x00003528                RESET_PeripheralReset
 *fill*         0x0000353a        0x2 ff
 .text.RESET_SystemReset
                0x0000353c        0xc ../../../Binaries/DimmerSwitch_OM15082/obj/fsl_reset.o
                0x0000353c                RESET_SystemReset
 .text.TRNG_GetDefaultConfig
                0x00003548       0x14 ../../../Binaries/DimmerSwitch_OM15082/obj/fsl_rng.o
                0x00003548                TRNG_GetDefaultConfig
 .text.TRNG_Init
                0x0000355c       0x6c ../../../Binaries/DimmerSwitch_OM15082/obj/fsl_rng.o
                0x0000355c                TRNG_Init
 .text.TRNG_GetRandomData
                0x000035c8       0x32 ../../../Binaries/DimmerSwitch_OM15082/obj/fsl_rng.o
                0x000035c8                TRNG_GetRandomData
 *fill*         0x000035fa        0x2 ff
 .text.USART_Deinit
                0x000035fc       0x40 ../../../Binaries/DimmerSwitch_OM15082/obj/fsl_usart.o
                0x000035fc                USART_Deinit
 .text.USART_GetDefaultConfig
                0x0000363c       0x40 ../../../Binaries/DimmerSwitch_OM15082/obj/fsl_usart.o
                0x0000363c                USART_GetDefaultConfig
 .text.USART_SetBaudRate
                0x0000367c       0xa4 ../../../Binaries/DimmerSwitch_OM15082/obj/fsl_usart.o
                0x0000367c                USART_SetBaudRate
 .text.USART_Init
                0x00003720      0x10c ../../../Binaries/DimmerSwitch_OM15082/obj/fsl_usart.o
                0x00003720                USART_Init
 .text.USART_WriteBlocking
                0x0000382c       0x48 ../../../Binaries/DimmerSwitch_OM15082/obj/fsl_usart.o
                0x0000382c                USART_WriteBlocking
 .text.FLEXCOMM_GetInstance
                0x00003874       0x34 ../../../Binaries/DimmerSwitch_OM15082/obj/fsl_flexcomm.o
                0x00003874                FLEXCOMM_GetInstance
 .text.FLEXCOMM_Init
                0x000038a8       0x6c ../../../Binaries/DimmerSwitch_OM15082/obj/fsl_flexcomm.o
                0x000038a8                FLEXCOMM_Init
 .text.FLEXCOMM0_DriverIRQHandler
                0x00003914       0x3c ../../../Binaries/DimmerSwitch_OM15082/obj/fsl_flexcomm.o
                0x00003914                FLEXCOMM0_DriverIRQHandler
 .text.FLEXCOMM1_DriverIRQHandler
                0x00003950       0x3c ../../../Binaries/DimmerSwitch_OM15082/obj/fsl_flexcomm.o
                0x00003950                FLEXCOMM1_DriverIRQHandler
 .text.FLEXCOMM2_DriverIRQHandler
                0x0000398c       0x3c ../../../Binaries/DimmerSwitch_OM15082/obj/fsl_flexcomm.o
                0x0000398c                FLEXCOMM2_DriverIRQHandler
 .text.FLEXCOMM3_DriverIRQHandler
                0x000039c8       0x38 ../../../Binaries/DimmerSwitch_OM15082/obj/fsl_flexcomm.o
                0x000039c8                FLEXCOMM3_DriverIRQHandler
 .text.FLEXCOMM4_DriverIRQHandler
                0x00003a00       0x3c ../../../Binaries/DimmerSwitch_OM15082/obj/fsl_flexcomm.o
                0x00003a00                FLEXCOMM4_DriverIRQHandler
 .text.FLEXCOMM5_DriverIRQHandler
                0x00003a3c       0x3c ../../../Binaries/DimmerSwitch_OM15082/obj/fsl_flexcomm.o
                0x00003a3c                FLEXCOMM5_DriverIRQHandler
 .text.FLEXCOMM6_DriverIRQHandler
                0x00003a78       0x3c ../../../Binaries/DimmerSwitch_OM15082/obj/fsl_flexcomm.o
                0x00003a78                FLEXCOMM6_DriverIRQHandler
 .text.FLASH_Wait
                0x00003ab4       0x12 ../../../Binaries/DimmerSwitch_OM15082/obj/fsl_flash.o
                0x00003ab4                FLASH_Wait
 .text.FLASH_Erase
                0x00003ac6       0x44 ../../../Binaries/DimmerSwitch_OM15082/obj/fsl_flash.o
                0x00003ac6                FLASH_Erase
 .text.FLASH_ErasePages
                0x00003b0a        0xe ../../../Binaries/DimmerSwitch_OM15082/obj/fsl_flash.o
                0x00003b0a                FLASH_ErasePages
 .text.FLASH_BlankCheck
                0x00003b18       0x1a ../../../Binaries/DimmerSwitch_OM15082/obj/fsl_flash.o
                0x00003b18                FLASH_BlankCheck
 .text.FLASH_MarginCheck
                0x00003b32       0x1a ../../../Binaries/DimmerSwitch_OM15082/obj/fsl_flash.o
                0x00003b32                FLASH_MarginCheck
 .text.FLASH_Program
                0x00003b4c       0x38 ../../../Binaries/DimmerSwitch_OM15082/obj/fsl_flash.o
                0x00003b4c                FLASH_Program
 .text.InstallIRQHandler
                0x00003b84       0x5c ../../../Binaries/DimmerSwitch_OM15082/obj/fsl_common.o
                0x00003b84                InstallIRQHandler
 .text.SDK_DelayAtLeastUs
                0x00003be0       0x58 ../../../Binaries/DimmerSwitch_OM15082/obj/fsl_common.o
                0x00003be0                SDK_DelayAtLeastUs
 .text.swap_bytes
                0x00003c38        0x4 ../../../Binaries/DimmerSwitch_OM15082/obj/fsl_aes.o
 .text.aes_one_block
                0x00003c3c       0x3c ../../../Binaries/DimmerSwitch_OM15082/obj/fsl_aes.o
 .text.aes_set_forward
                0x00003c78       0x16 ../../../Binaries/DimmerSwitch_OM15082/obj/fsl_aes.o
 .text.AES_SetKey
                0x00003c8e       0x5c ../../../Binaries/DimmerSwitch_OM15082/obj/fsl_aes.o
                0x00003c8e                AES_SetKey
 .text.AES_EncryptEcb
                0x00003cea       0x3a ../../../Binaries/DimmerSwitch_OM15082/obj/fsl_aes.o
                0x00003cea                AES_EncryptEcb
 .text.AES_Init
                0x00003d24        0x8 ../../../Binaries/DimmerSwitch_OM15082/obj/fsl_aes.o
                0x00003d24                AES_Init
 .text.POWER_FlexcomClocksDisable
                0x00003d2c       0x3e ../../../Binaries/DimmerSwitch_OM15082/obj/fsl_power.o
 *fill*         0x00003d6a        0x2 ff
 .text.POWER_GetResetCause
                0x00003d6c       0x4c ../../../Binaries/DimmerSwitch_OM15082/obj/fsl_power.o
                0x00003d6c                POWER_GetResetCause
 .text.POWER_ClearResetCause
                0x00003db8        0xc ../../../Binaries/DimmerSwitch_OM15082/obj/fsl_power.o
                0x00003db8                POWER_ClearResetCause
 .text.POWER_ApplyActiveVoltage
                0x00003dc4      0x128 ../../../Binaries/DimmerSwitch_OM15082/obj/fsl_power.o
                0x00003dc4                POWER_ApplyActiveVoltage
 .text.POWER_SetTrimDefaultActiveVoltage
                0x00003eec       0x50 ../../../Binaries/DimmerSwitch_OM15082/obj/fsl_power.o
                0x00003eec                POWER_SetTrimDefaultActiveVoltage
 .text.POWER_Init
                0x00003f3c       0x20 ../../../Binaries/DimmerSwitch_OM15082/obj/fsl_power.o
                0x00003f3c                POWER_Init
 .text.POWER_EnterPowerDownMode
                0x00003f5c      0x360 ../../../Binaries/DimmerSwitch_OM15082/obj/fsl_power.o
                0x00003f5c                POWER_EnterPowerDownMode
 .text.POWER_EnterDeepDownMode
                0x000042bc       0xdc ../../../Binaries/DimmerSwitch_OM15082/obj/fsl_power.o
                0x000042bc                POWER_EnterDeepDownMode
 .text.POWER_EnterPowerMode
                0x00004398       0x16 ../../../Binaries/DimmerSwitch_OM15082/obj/fsl_power.o
                0x00004398                POWER_EnterPowerMode
 .text.WTIMER_Init
                0x000043ae       0x18 ../../../Binaries/DimmerSwitch_OM15082/obj/fsl_wtimer.o
                0x000043ae                WTIMER_Init
 *fill*         0x000043c6        0x2 ff
 .text.WTIMER_GetStatusFlags
                0x000043c8       0x2c ../../../Binaries/DimmerSwitch_OM15082/obj/fsl_wtimer.o
                0x000043c8                WTIMER_GetStatusFlags
 .text.WTIMER_EnableInterrupts
                0x000043f4       0x40 ../../../Binaries/DimmerSwitch_OM15082/obj/fsl_wtimer.o
                0x000043f4                WTIMER_EnableInterrupts
 .text.WTIMER_StartTimer
                0x00004434       0x78 ../../../Binaries/DimmerSwitch_OM15082/obj/fsl_wtimer.o
                0x00004434                WTIMER_StartTimer
 .text.WTIMER_ReadTimerSafe
                0x000044ac       0x28 ../../../Binaries/DimmerSwitch_OM15082/obj/fsl_wtimer.o
                0x000044ac                WTIMER_ReadTimerSafe
 .text.WTIMER_ReadTimer
                0x000044d4       0x1c ../../../Binaries/DimmerSwitch_OM15082/obj/fsl_wtimer.o
                0x000044d4                WTIMER_ReadTimer
 .text.WTIMER_ClearStatusFlags
                0x000044f0       0x3c ../../../Binaries/DimmerSwitch_OM15082/obj/fsl_wtimer.o
                0x000044f0                WTIMER_ClearStatusFlags
 .text.WTIMER_StopTimer
                0x0000452c       0x38 ../../../Binaries/DimmerSwitch_OM15082/obj/fsl_wtimer.o
                0x0000452c                WTIMER_StopTimer
 .text.INPUTMUX_Init
                0x00004564        0x6 ../../../Binaries/DimmerSwitch_OM15082/obj/fsl_inputmux.o
                0x00004564                INPUTMUX_Init
 .text.INPUTMUX_AttachSignal
                0x0000456a        0xe ../../../Binaries/DimmerSwitch_OM15082/obj/fsl_inputmux.o
                0x0000456a                INPUTMUX_AttachSignal
 .text.FMEAS_GetCountWithScale
                0x00004578       0x26 ../../../Binaries/DimmerSwitch_OM15082/obj/fsl_fmeas.o
                0x00004578                FMEAS_GetCountWithScale
 *fill*         0x0000459e        0x2 ff
 .text.vDebugExceptionHandlersInitialise
                0x000045a0       0x28 ../../../Binaries/DimmerSwitch_OM15082/obj/Exceptions_NVIC.o
                0x000045a0                vDebugExceptionHandlersInitialise
 .text.ExceptionUnwindStack
                0x000045c8       0x98 ../../../Binaries/DimmerSwitch_OM15082/obj/MicroExceptions_arm.o
                0x000045c8                ExceptionUnwindStack
 .text.HardFault_Handler
                0x00004660        0x8 ../../../Binaries/DimmerSwitch_OM15082/obj/MicroExceptions_arm.o
                0x00004660                HardFault_Handler
 .text.BusFault_Handler
                0x00004668        0x8 ../../../Binaries/DimmerSwitch_OM15082/obj/MicroExceptions_arm.o
                0x00004668                BusFault_Handler
 .text.UsageFault_Handler
                0x00004670        0x8 ../../../Binaries/DimmerSwitch_OM15082/obj/MicroExceptions_arm.o
                0x00004670                UsageFault_Handler
 .text.MemManage_Handler
                0x00004678        0x8 ../../../Binaries/DimmerSwitch_OM15082/obj/MicroExceptions_arm.o
                0x00004678                MemManage_Handler
 .text.vPrintRegisterBit
                0x00004680       0x14 ../../../Binaries/DimmerSwitch_OM15082/obj/MicroExceptions_arm.o
                0x00004680                vPrintRegisterBit
 .text.vPrintSystemHandlerAndControlStateRegisterBitFields
                0x00004694       0xc8 ../../../Binaries/DimmerSwitch_OM15082/obj/MicroExceptions_arm.o
                0x00004694                vPrintSystemHandlerAndControlStateRegisterBitFields
 .text.vPrintConfigurableFaultStatusRegisterBitFields
                0x0000475c      0x158 ../../../Binaries/DimmerSwitch_OM15082/obj/MicroExceptions_arm.o
                0x0000475c                vPrintConfigurableFaultStatusRegisterBitFields
 .text.vDebugBusFaultHandler
                0x000048b4      0x18c ../../../Binaries/DimmerSwitch_OM15082/obj/MicroExceptions_arm.o
                0x000048b4                vDebugBusFaultHandler
 .text.vDebugUsageFaultHandler
                0x00004a40      0x168 ../../../Binaries/DimmerSwitch_OM15082/obj/MicroExceptions_arm.o
                0x00004a40                vDebugUsageFaultHandler
 .text.vDebugMemoryFaultHandler
                0x00004ba8      0x18c ../../../Binaries/DimmerSwitch_OM15082/obj/MicroExceptions_arm.o
                0x00004ba8                vDebugMemoryFaultHandler
 .text.vPrintHardFaultStatusRegisterBitFields
                0x00004d34       0x48 ../../../Binaries/DimmerSwitch_OM15082/obj/MicroExceptions_arm.o
                0x00004d34                vPrintHardFaultStatusRegisterBitFields
 .text.vDebugHardFaultHandler
                0x00004d7c      0x228 ../../../Binaries/DimmerSwitch_OM15082/obj/MicroExceptions_arm.o
                0x00004d7c                vDebugHardFaultHandler
 .text.vDebugInit
                0x00004fa4        0x2 ../../../Binaries/DimmerSwitch_OM15082/obj/Debug.o
                0x00004fa4                vDebugInit
 .text.vDebugHex
                0x00004fa6       0x48 ../../../Binaries/DimmerSwitch_OM15082/obj/Debug.o
                0x00004fa6                vDebugHex
 .text.vDebugNonInt
                0x00004fee        0x4 ../../../Binaries/DimmerSwitch_OM15082/obj/Debug.o
                0x00004fee                vDebugNonInt
 .text.vDebugHexNonInt
                0x00004ff2        0x4 ../../../Binaries/DimmerSwitch_OM15082/obj/Debug.o
                0x00004ff2                vDebugHexNonInt
 .text.FLib_MemCpy
                0x00004ff6       0x14 ../../../Binaries/DimmerSwitch_OM15082/obj/FunctionLib.o
                0x00004ff6                FLib_MemCpy
 .text.FLib_MemCmp
                0x0000500a       0x1c ../../../Binaries/DimmerSwitch_OM15082/obj/FunctionLib.o
                0x0000500a                FLib_MemCmp
 .text.FLib_MemSet
                0x00005026        0xe ../../../Binaries/DimmerSwitch_OM15082/obj/FunctionLib.o
                0x00005026                FLib_MemSet
 .text.SecLib_Init
                0x00005034        0xc ../../../Binaries/DimmerSwitch_OM15082/obj/SecLib.o
                0x00005034                SecLib_Init
 .text.AES_128_Encrypt
                0x00005040       0x24 ../../../Binaries/DimmerSwitch_OM15082/obj/SecLib.o
                0x00005040                AES_128_Encrypt
 .text.AES_128_ECB_Encrypt
                0x00005064       0x28 ../../../Binaries/DimmerSwitch_OM15082/obj/SecLib.o
                0x00005064                AES_128_ECB_Encrypt
 .text.bACI_WriteKey
                0x0000508c       0x14 ../../../Binaries/DimmerSwitch_OM15082/obj/SecLib.o
                0x0000508c                bACI_WriteKey
 .text.vACI_OptimisedCcmStar
                0x000050a0      0x22c ../../../Binaries/DimmerSwitch_OM15082/obj/SecLib.o
                0x000050a0                vACI_OptimisedCcmStar
 .text.RNG_Init
                0x000052cc       0x3c ../../../Binaries/DimmerSwitch_OM15082/obj/RNG.o
                0x000052cc                RNG_Init
 .text.RNG_GetRandomNo
                0x00005308        0xe ../../../Binaries/DimmerSwitch_OM15082/obj/RNG.o
                0x00005308                RNG_GetRandomNo
 .text.RND_u32GetRand256
                0x00005316       0x12 ../../../Binaries/DimmerSwitch_OM15082/obj/RNG.o
                0x00005316                RND_u32GetRand256
 .text.RND_u32GetRand
                0x00005328       0x1e ../../../Binaries/DimmerSwitch_OM15082/obj/RNG.o
                0x00005328                RND_u32GetRand
 .text.ListInit
                0x00005346        0xc ../../../Binaries/DimmerSwitch_OM15082/obj/GenericList.o
                0x00005346                ListInit
 .text.ListAddTail
                0x00005352       0x3c ../../../Binaries/DimmerSwitch_OM15082/obj/GenericList.o
                0x00005352                ListAddTail
 .text.ListRemoveHead
                0x0000538e       0x36 ../../../Binaries/DimmerSwitch_OM15082/obj/GenericList.o
                0x0000538e                ListRemoveHead
 .text.ListGetAvailable
                0x000053c4        0x8 ../../../Binaries/DimmerSwitch_OM15082/obj/GenericList.o
                0x000053c4                ListGetAvailable
 .text.ListAddTailMsg
                0x000053cc        0x6 ../../../Binaries/DimmerSwitch_OM15082/obj/Messaging.o
                0x000053cc                ListAddTailMsg
 .text.ListRemoveHeadMsg
                0x000053d2        0xc ../../../Binaries/DimmerSwitch_OM15082/obj/Messaging.o
                0x000053d2                ListRemoveHeadMsg
 .text.MSG_Free
                0x000053de        0xa ../../../Binaries/DimmerSwitch_OM15082/obj/Messaging.o
                0x000053de                MSG_Free
 .text.MEM_Init
                0x000053e8       0x74 ../../../Binaries/DimmerSwitch_OM15082/obj/MemManager.o
                0x000053e8                MEM_Init
 .text.MEM_BufferAllocWithId
                0x0000545c       0x60 ../../../Binaries/DimmerSwitch_OM15082/obj/MemManager.o
                0x0000545c                MEM_BufferAllocWithId
 .text.MEM_BufferFree
                0x000054bc       0x68 ../../../Binaries/DimmerSwitch_OM15082/obj/MemManager.o
                0x000054bc                MEM_BufferFree
 .text.StackTimer_ISR
                0x00005524       0x28 ../../../Binaries/DimmerSwitch_OM15082/obj/TimersManager.o
                0x00005524                StackTimer_ISR
 .text.TMR_NotifyClkChanged
                0x0000554c       0x44 ../../../Binaries/DimmerSwitch_OM15082/obj/TimersManager.o
                0x0000554c                TMR_NotifyClkChanged
 .text.TMR_Init
                0x00005590       0x64 ../../../Binaries/DimmerSwitch_OM15082/obj/TimersManager.o
                0x00005590                TMR_Init
 .text.TMR_StopTimer
                0x000055f4       0x7c ../../../Binaries/DimmerSwitch_OM15082/obj/TimersManager.o
                0x000055f4                TMR_StopTimer
 .text.TMR_Task
                0x00005670      0x1c8 ../../../Binaries/DimmerSwitch_OM15082/obj/TimersManager.o
                0x00005670                TMR_Task
 .text.StackTimer_Init
                0x00005838       0x58 ../../../Binaries/DimmerSwitch_OM15082/obj/TMR_Adapter.o
                0x00005838                StackTimer_Init
 .text.StackTimer_Enable
                0x00005890       0x10 ../../../Binaries/DimmerSwitch_OM15082/obj/TMR_Adapter.o
                0x00005890                StackTimer_Enable
 .text.StackTimer_GetInputFrequency
                0x000058a0        0xc ../../../Binaries/DimmerSwitch_OM15082/obj/TMR_Adapter.o
                0x000058a0                StackTimer_GetInputFrequency
 .text.StackTimer_GetCounterValue
                0x000058ac        0xc ../../../Binaries/DimmerSwitch_OM15082/obj/TMR_Adapter.o
                0x000058ac                StackTimer_GetCounterValue
 .text.StackTimer_SetOffsetTicks
                0x000058b8       0x14 ../../../Binaries/DimmerSwitch_OM15082/obj/TMR_Adapter.o
                0x000058b8                StackTimer_SetOffsetTicks
 .text.StackTimer_ClearIntFlag