Archive member included to satisfy reference by file (symbol)

../../../../../SDKPackages/K32W061DK6/middleware/wireless/framework/PDUM/Library\libPDUM.a(pdum_apl.o)
                              ../../../Binaries/GpEhSwitch_OM15082/obj/appZdpExtraction.o (PDUM_u16APduInstanceReadNBO)
../../../../../SDKPackages/K32W061DK6/middleware/wireless/framework/PDUM/Library\libPDUM.a(pdum.o)
                              ../../../../../SDKPackages/K32W061DK6/middleware/wireless/framework/PDUM/Library\libPDUM.a(pdum_apl.o) (PDUM_u16SizeNBO)
../../../../../SDKPackages/K32W061DK6/middleware/wireless/zigbee/Library\libZPSAPL.a(zps_apl_af.o)
                              ../../../Binaries/GpEhSwitch_OM15082/obj/appZdpExtraction.o (u16Read16Nbo)
../../../../../SDKPackages/K32W061DK6/middleware/wireless/zigbee/Library\libZPSAPL.a(zps_apl_apsde.o)
                              ../../../../../SDKPackages/K32W061DK6/middleware/wireless/zigbee/Library\libZPSAPL.a(zps_apl_af.o) (ZPS_vAplHandleApsdeReqRsp)
../../../../../SDKPackages/K32W061DK6/middleware/wireless/zigbee/Library\libZPSAPL.a(zps_apl_apsme.o)
                              ../../../../../SDKPackages/K32W061DK6/middleware/wireless/zigbee/Library\libZPSAPL.a(zps_apl_af.o) (zps_eAplApsmeVerifyKeyReqRsp)
../../../../../SDKPackages/K32W061DK6/middleware/wireless/zigbee/Library\libZPSAPL.a(zps_apl_aps_nlde.o)
                              ../../../../../SDKPackages/K32W061DK6/middleware/wireless/zigbee/Library\libZPSAPL.a(zps_apl_apsde.o) (zps_vAplApsInitDuplicateTable)
../../../../../SDKPackages/K32W061DK6/middleware/wireless/zigbee/Library\libZPSAPL.a(zps_apl_sec.o)
                              ../../../../../SDKPackages/K32W061DK6/middleware/wireless/zigbee/Library\libZPSAPL.a(zps_apl_apsme.o) (zps_vGenerateHashForVerifiedKey)
../../../../../SDKPackages/K32W061DK6/middleware/wireless/zigbee/Library\libZPSAPL.a(zps_apl_aib.o)
                              ../../../Binaries/GpEhSwitch_OM15082/obj/appZpsExtendedDebug.o (zps_psAplAibGetAib)
../../../../../SDKPackages/K32W061DK6/middleware/wireless/zigbee/Library\libZPSAPL.a(zps_apl_zdo_nwkmanager.o)
                              ../../../../../SDKPackages/K32W061DK6/middleware/wireless/zigbee/Library\libZPSAPL.a(zps_apl_apsme.o) (zps_vAplSaveRecord)
../../../../../SDKPackages/K32W061DK6/middleware/wireless/zigbee/Library\libZPSAPL.a(zps_apl_zdo_trust_center.o)
                              ../../../../../SDKPackages/K32W061DK6/middleware/wireless/zigbee/Library\libZPSAPL.a(zps_apl_aps_nlde.o) (zps_eAplTrustCenterFindDevice)
../../../../../SDKPackages/K32W061DK6/middleware/wireless/zigbee/Library\libZPSAPL.a(zps_apl_zdo_common.o)
                              ../../../../../SDKPackages/K32W061DK6/middleware/wireless/zigbee/Library\libZPSAPL.a(zps_apl_zdo_nwkmanager.o) (zps_eAplZdoNlmeleaveWrapper)
../../../../../SDKPackages/K32W061DK6/middleware/wireless/zigbee/Library\libZPSAPL.a(zps_apl_mac_isr.o)
                              ../../../../../SDKPackages/K32W061DK6/middleware/wireless/zigbee/Library\libZPSAPL.a(zps_apl_zdo_nwkmanager.o) (zps_vAplAfIsrInit)
../../../../../SDKPackages/K32W061DK6/middleware/wireless/zigbee/Library\libZPSAPL.a(zps_apl_zdo_parent_annce_server.o)
                              ../../../../../SDKPackages/K32W061DK6/middleware/wireless/zigbee/Library\libZPSAPL.a(zps_apl_zdo_nwkmanager.o) (ZPS_vSendParentAnnounce)
../../../../../SDKPackages/K32W061DK6/middleware/wireless/zigbee/Library\libZPSAPL.a(zps_apl_zdo_bound_data_request_manager.o)
                              ../../../../../SDKPackages/K32W061DK6/middleware/wireless/zigbee/Library\libZPSAPL.a(zps_apl_af.o) (zps_eAplZdoBdrmRequestSend)
../../../../../SDKPackages/K32W061DK6/middleware/wireless/zigbee/Library\libZPSAPL.a(zps_apl_zdp_apsde_req.o)
                              ../../../../../SDKPackages/K32W061DK6/middleware/wireless/zigbee/Library\libZPSAPL.a(zps_apl_zdo_parent_annce_server.o) (zps_eAplZdpApsdeReqInternal)
../../../../../SDKPackages/K32W061DK6/middleware/wireless/zigbee/Library\libZPSAPL.a(zps_apl_zdp_device_annce.o)
                              ../../../../../SDKPackages/K32W061DK6/middleware/wireless/zigbee/Library\libZPSAPL.a(zps_apl_zdo_nwkmanager.o) (zps_eAplZdpDeviceAnnceRequest)
../../../../../SDKPackages/K32W061DK6/middleware/wireless/zigbee/Library\libZPSAPL.a(zps_apl_zdp_parent_annce_rsp.o)
                              ../../../../../SDKPackages/K32W061DK6/middleware/wireless/zigbee/Library\libZPSAPL.a(zps_apl_zdo_parent_annce_server.o) (zps_eZdpParentAnnceResponse)
../../../../../SDKPackages/K32W061DK6/middleware/wireless/zigbee/Library\libZPSAPL.a(zps_apl_af_apsde.o)
                              ../../../../../SDKPackages/K32W061DK6/middleware/wireless/zigbee/Library\libZPSAPL.a(zps_apl_apsde.o) (zps_vAplApsInitFragReceivePool)
../../../../../SDKPackages/K32W061DK6/middleware/wireless/zigbee/Library\libZPSAPL.a(zps_apl_task.o)
[...]
Memory Configuration

Name             Origin             Length             Attributes
Flash640         0x00000000         0x000a0000         xr
RAM0             0x04000400         0x00015c00         xrw
RAM1             0x04020000         0x00010000         xrw
*default*        0x00000000         0xffffffff

Linker script and memory map

                0x00000200                vector_table_size = 0x200
                0x00000001                __ram_vector_table__ = 0x1
                0x000002f4                HEAP_SIZE = 0x2f4
START GROUP
LOAD ../../../Binaries/GpEhSwitch_OM15082/obj/app_main.o
LOAD ../../../Binaries/GpEhSwitch_OM15082/obj/EH_IEEE_802154_Switch.o
LOAD ../../../Binaries/GpEhSwitch_OM15082/obj/EH_IEEE_Features.o
LOAD ../../../Binaries/GpEhSwitch_OM15082/obj/EH_IEEE_Commands.o
LOAD ../../../Binaries/GpEhSwitch_OM15082/obj/app_nvm.o
LOAD ../../../Binaries/GpEhSwitch_OM15082/obj/EH_Button.o
LOAD ../../../Binaries/GpEhSwitch_OM15082/obj/fsl_debug_console.o
LOAD ../../../Binaries/GpEhSwitch_OM15082/obj/fsl_gpio.o
LOAD ../../../Binaries/GpEhSwitch_OM15082/obj/fsl_gint.o
LOAD ../../../Binaries/GpEhSwitch_OM15082/obj/hardware_init.o
LOAD ../../../Binaries/GpEhSwitch_OM15082/obj/pin_mux.o
LOAD ../../../Binaries/GpEhSwitch_OM15082/obj/port_JN518x.o
LOAD ../../../Binaries/GpEhSwitch_OM15082/obj/board_utility.o
LOAD ../../../Binaries/GpEhSwitch_OM15082/obj/ZQueue.o
LOAD ../../../Binaries/GpEhSwitch_OM15082/obj/ZTimer.o
LOAD ../../../Binaries/GpEhSwitch_OM15082/obj/app_zps_link_keys.o
LOAD ../../../Binaries/GpEhSwitch_OM15082/obj/fsl_os_abstraction_bm.o
LOAD ../../../Binaries/GpEhSwitch_OM15082/obj/appZdpExtraction.o
LOAD ../../../Binaries/GpEhSwitch_OM15082/obj/appZpsBeaconHandler.o
LOAD ../../../Binaries/GpEhSwitch_OM15082/obj/appZpsExtendedDebug.o
LOAD ../../../Binaries/GpEhSwitch_OM15082/obj/board.o
LOAD ../../../Binaries/GpEhSwitch_OM15082/obj/clock_config.o
LOAD ../../../Binaries/GpEhSwitch_OM15082/obj/system_K32W061.o
LOAD ../../../Binaries/GpEhSwitch_OM15082/obj/startup_K32W061.o
LOAD ../../../Binaries/GpEhSwitch_OM15082/obj/fsl_wwdt.o
LOAD ../../../Binaries/GpEhSwitch_OM15082/obj/fsl_clock.o
LOAD ../../../Binaries/GpEhSwitch_OM15082/obj/fsl_reset.o
LOAD ../../../Binaries/GpEhSwitch_OM15082/obj/fsl_rng.o
LOAD ../../../Binaries/GpEhSwitch_OM15082/obj/fsl_usart.o
LOAD ../../../Binaries/GpEhSwitch_OM15082/obj/fsl_flexcomm.o
LOAD ../../../Binaries/GpEhSwitch_OM15082/obj/fsl_flash.o
LOAD ../../../Binaries/GpEhSwitch_OM15082/obj/fsl_common.o
LOAD ../../../Binaries/GpEhSwitch_OM15082/obj/fsl_aes.o
LOAD ../../../Binaries/GpEhSwitch_OM15082/obj/fsl_power.o
LOAD ../../../Binaries/GpEhSwitch_OM15082/obj/fsl_wtimer.o
LOAD ../../../Binaries/GpEhSwitch_OM15082/obj/fsl_inputmux.o
LOAD ../../../Binaries/GpEhSwitch_OM15082/obj/fsl_fmeas.o
LOAD ../../../Binaries/GpEhSwitch_OM15082/obj/Exceptions_NVIC.o
LOAD ../../../Binaries/GpEhSwitch_OM15082/obj/MicroExceptions_arm.o
LOAD ../../../Binaries/GpEhSwitch_OM15082/obj/Debug.o
LOAD ../../../Binaries/GpEhSwitch_OM15082/obj/FunctionLib.o
LOAD ../../../Binaries/GpEhSwitch_OM15082/obj/SecLib.o
LOAD ../../../Binaries/GpEhSwitch_OM15082/obj/RNG.o
LOAD ../../../Binaries/GpEhSwitch_OM15082/obj/GenericList.o
LOAD ../../../Binaries/GpEhSwitch_OM15082/obj/Messaging.o
LOAD ../../../Binaries/GpEhSwitch_OM15082/obj/MemManager.o
LOAD ../../../Binaries/GpEhSwitch_OM15082/obj/TimersManager.o
LOAD ../../../Binaries/GpEhSwitch_OM15082/obj/TMR_Adapter.o
LOAD ../../../Binaries/GpEhSwitch_OM15082/obj/fsl_ctimer.o
LOAD ../../../Binaries/GpEhSwitch_OM15082/obj/fsl_rtc.o
LOAD ../../../Binaries/GpEhSwitch_OM15082/obj/Panic.o
LOAD ../../../Binaries/GpEhSwitch_OM15082/obj/fsl_dma.o
LOAD ../../../Binaries/GpEhSwitch_OM15082/obj/MicroInt_arm_sdk2.o
LOAD ../../../Binaries/GpEhSwitch_OM15082/obj/PWR.o
LOAD ../../../Binaries/GpEhSwitch_OM15082/obj/PWR_setjmp.o
LOAD ../../../Binaries/GpEhSwitch_OM15082/obj/PWRLib.o
LOAD ../../../Binaries/GpEhSwitch_OM15082/obj/GPIO_Adapter.o
LOAD ../../../Binaries/GpEhSwitch_OM15082/obj/fsl_str.o
LOAD ../../../Binaries/GpEhSwitch_OM15082/obj/serial_manager.o
LOAD ../../../Binaries/GpEhSwitch_OM15082/obj/serial_port_uart.o
LOAD ../../../Binaries/GpEhSwitch_OM15082/obj/usart_adapter.o
LOAD ../../../Binaries/GpEhSwitch_OM15082/obj/fsl_assert.o
LOAD ../../../Binaries/GpEhSwitch_OM15082/obj/Heap.o
LOAD ../../../../../SDKPackages/K32W061DK6/middleware/wireless/zigbee/Library\libZPSTSV.a
LOAD ../../../../../SDKPackages/K32W061DK6/middleware/wireless/framework/PDUM/Library\libPDUM.a
LOAD ../../../../../SDKPackages/K32W061DK6/middleware/wireless/framework/PDM/Library\libPDM.a
LOAD ../../../../../SDKPackages/K32W061DK6/middleware/wireless/zigbee/Library\libZPSAPL.a
LOAD ../../../../../SDKPackages/K32W061DK6/middleware/wireless/zigbee/Library\libZPSMAC_Mini_SOC.a
LOAD ../../../../../SDKPackages/K32W061DK6/middleware/wireless/framework/PWRM/Library\libPWRM.a
LOAD ../../../../../SDKPackages/K32W061DK6/middleware/wireless/zigbee/Library\libZPSNWK_ZED.a
LOAD ../../../../../SDKPackages/K32W061DK6/middleware/wireless/framework/SecLib\lib_crypto_m4.a
LOAD ../../../../../SDKPackages/K32W061DK6/middleware/wireless/ieee-802.15.4/lib\libMiniMac.a
LOAD ../../../../../SDKPackages/K32W061DK6/middleware/wireless/framework/XCVR/lib\libRadio.a
END GROUP
START GROUP
LOAD e:/nxp/mcuxpressoide_11.2.0_4120/ide/tools/bin/../lib/gcc/arm-none-eabi/9.2.1/thumb/v7e-m/nofp\libgcc.a
LOAD e:/nxp/mcuxpressoide_11.2.0_4120/ide/tools/bin/../lib/gcc/arm-none-eabi/9.2.1/../../../../arm-none-eabi/lib/thumb/v7e-m/nofp\libc.a
END GROUP
START GROUP
LOAD e:/nxp/mcuxpressoide_11.2.0_4120/ide/tools/bin/../lib/gcc/arm-none-eabi/9.2.1/thumb/v7e-m/nofp\libgcc.a
LOAD e:/nxp/mcuxpressoide_11.2.0_4120/ide/tools/bin/../lib/gcc/arm-none-eabi/9.2.1/../../../../arm-none-eabi/lib/thumb/v7e-m/nofp\libc.a
LOAD e:/nxp/mcuxpressoide_11.2.0_4120/ide/tools/bin/../lib/gcc/arm-none-eabi/9.2.1/../../../../arm-none-eabi/lib/thumb/v7e-m/nofp\libnosys.a
END GROUP
                [!provide]                PROVIDE (aesInit = 0x3001161)
                [!provide]                PROVIDE (aesWriteByte = 0x3001175)
                [!provide]                PROVIDE (aesWrite = 0x300118d)
                [!provide]                PROVIDE (aesRead = 0x30011a5)
                [!provide]                PROVIDE (aesWriteBlock = 0x30011c1)
                [!provide]                PROVIDE (aesReadBlock = 0x30011e9)
                [!provide]                PROVIDE (aesMode = 0x3001211)
                [!provide]                PROVIDE (aesAbort = 0x3001269)
                [!provide]                PROVIDE (aesLoadCounter = 0x3001291)
                [!provide]                PROVIDE (aesLoadKeyFromSW = 0x30012a9)
                [!provide]                PROVIDE (aesLoadIV = 0x30012fd)
                [!provide]                PROVIDE (aesProcess = 0x30013d1)
                [!provide]                PROVIDE (aesWriteYInputGf128 = 0x300132d)
                [!provide]                PROVIDE (aesReadGf128Hash = 0x300135d)
                [!provide]                PROVIDE (aesReadGcmTag = 0x300138d)
                [!provide]                PROVIDE (aesGetDriverVersion = 0x30013bd)
                [!provide]                PROVIDE (aesIsSupported = 0x300115d)
                [!provide]                PROVIDE (BOOT_CPU_Slave_Boot = 0x3000489)
                [!provide]                PROVIDE (BOOT_CPU_Slave_Disable = 0x30004f1)
                [!provide]                PROVIDE (BOOT_RemapAddress = 0x3000dc9)
                [!provide]                PROVIDE (boot_Verify_eScoreImageList = 0x30003e5)
                [!provide]                PROVIDE (BOOT_FindImage = 0x3000519)
                [!provide]                PROVIDE (BOOT_GetStartPowerMode = 0x3000e9d)
                [!provide]                PROVIDE (BOOT_SetResumeStackPointer = 0x3000ea9)
                [!provide]                PROVIDE (ROM_GetFlash = 0x3000e0d)
                [!provide]                PROVIDE (ROM_GetSRAM0 = 0x3000e21)
                [!provide]                PROVIDE (ROM_GetSRAM1 = 0x3000e35)
                [!provide]                PROVIDE (psector_Read_HwTestModeDisable = 0x30054d1)
                [!provide]                PROVIDE (psector_Read_ISP_AccessLevel = 0x30054f5)
                [!provide]                PROVIDE (flashConfig_ExtractTempSensorTrimValues = 0x3001fbd)
                [!provide]                PROVIDE (flashConfig_ExtractRfpModemTrimValues = 0x3002065)
                [!provide]                PROVIDE (flashConfig_ExtractUlpbgTrimValues = 0x30020a5)
                [!provide]                PROVIDE (flashConfig_ExtractFro1MTrimValues = 0x30020fd)
                [!provide]                PROVIDE (flashConfig_ExtractGpAdcTrimValues = 0x3002131)
                [!provide]                PROVIDE (flashConfig_ExtractFRO32kTrimValues = 0x3002189)
                [!provide]                PROVIDE (flashConfig_ExtractDcDcTrimValues = 0x30021bd)
                [!provide]                PROVIDE (efuse_ReadBit = 0x3001671)
                [!provide]                PROVIDE (ISP_Entry = 0x3002fb1)
                [!provide]                PROVIDE (MPU_pSectorGrantAccessRights = 0x30017e5)
                [!provide]                PROVIDE (MPU_pSectorWithdrawAccessRights = 0x3001841)
                [!provide]                PROVIDE (MPU_GetCurrentSettings = 0x300178d)
                [!provide]                PROVIDE (MPU_SetRegionAccessRights = 0x3001821)
                [!provide]                PROVIDE (MPU_ClearRegionSetting = 0x300184d)
                [!provide]                PROVIDE (MPU_AllocateRegionDesc = 0x30017c1)
                [!provide]                PROVIDE (nxHal_Patch_Init = 0x300473d)
                [!provide]                PROVIDE (nxHal_Patch_SetSVCHandler = 0x30047bd)
                [!provide]                PROVIDE (nxHal_Patch_Apply = 0x3004839)
                [!provide]                PROVIDE (nxHal_Patch_EnableDisable = 0x30047c9)
                [!provide]                PROVIDE (nxHal_Patch_GetGlobalPatchMarkerIndex = 0x3004821)
                [!provide]                PROVIDE (nxHal_Patch_ReadPatchEntry = 0x300482d)
                [!provide]                PROVIDE (nxHal_Patch_LoadDynamicPatches = 0x300488d)
                [!provide]                PROVIDE (eSCORE_PatchTestFunction1 = 0x3004919)
                [!provide]                PROVIDE (eSCORE_PatchTestFunction2 = 0x300492d)
                [!provide]                PROVIDE (eSCORE_PatchTestFunction3 = 0x3004941)
                [!provide]                PROVIDE (pmc_reset_get_cause = 0x30046e9)
                [!provide]                PROVIDE (pmc_reset_clear_cause = 0x30046f5)
                [!provide]                PROVIDE (psector_WriteUpdatePage = 0x3004e11)
                [!provide]                PROVIDE (psector_EraseUpdate = 0x3004d59)
                [!provide]                PROVIDE (psector_Read_CustomerId = 0x30051dd)
                [!provide]                PROVIDE (psector_Read_RomPatchInfo = 0x3005209)
                [!provide]                PROVIDE (psector_Read_ImgAuthLevel = 0x3005299)
                [!provide]                PROVIDE (psector_Read_AppSearchGranularity = 0x30052d5)
                [!provide]                PROVIDE (psector_Read_QspiAppSearchGranularity = 0x3005305)
                [!provide]                PROVIDE (psector_Read_UnlockKey = 0x3005519)
                [!provide]                PROVIDE (psector_Read_DeviceId = 0x3005329)
                [!provide]                PROVIDE (psector_Read_ISP_protocol_key = 0x3005355)
                [!provide]                PROVIDE (psector_ReadIeee802_15_4_MacId2 = 0x3005385)
                [!provide]                PROVIDE (psector_ReadIeee802_15_4_MacId1 = 0x30053b1)
                [!provide]                PROVIDE (psector_Read_MinDeviceId = 0x30053dd)
                [!provide]                PROVIDE (psector_Read_MaxDeviceId = 0x3005409)
                [!provide]                PROVIDE (psector_Read_MinVersion = 0x3005439)
                [!provide]                PROVIDE (psector_SetEscoreImageData = 0x300545d)
                [!provide]                PROVIDE (psector_ReadEscoreImageData = 0x3005491)
                [!provide]                PROVIDE (psector_Read_ImagePubKey = 0x3005531)
                [!provide]                PROVIDE (psector_ReadData = 0x3004ef1)
                [!provide]                PROVIDE (psector_CalculateChecksum = 0x30050bd)
                [!provide]                PROVIDE (secure_VerifySignature = 0x3005c65)
                [!provide]                PROVIDE (secure_VerifyBlock = 0x3005cad)
                [!provide]                PROVIDE (secure_VerifyCertificate = 0x3005cd1)
                [!provide]                PROVIDE (secure_VerifyImage = 0x3005d59)
                [!provide]                PROVIDE (NMI_Handler = 0x300012d)
                [!provide]                PROVIDE (HardFault_Handler = 0x3000131)
                [!provide]                PROVIDE (MemManage_Handler = 0x3000135)
                [!provide]                PROVIDE (BusFault_Handler = 0x3000e81)
                [!provide]                PROVIDE (UsageFault_Handler = 0x300013d)
                [!provide]                PROVIDE (SVC_Handler = 0x3005e85)
                [!provide]                PROVIDE (DebugMon_Handler = 0x3000145)
                [!provide]                PROVIDE (PendSV_Handler = 0x3000149)
                [!provide]                PROVIDE (SysTick_Handler = 0x300014d)
                [!provide]                PROVIDE (IntDefaultHandler = 0x3000151)
                [!provide]                PROVIDE (System_IRQHandler = 0x3000151)
                [!provide]                PROVIDE (DMA_IRQHandler = 0x3000151)
                [!provide]                PROVIDE (GINT_IRQHandler = 0x3000151)
                [!provide]                PROVIDE (IRBlaster_IRQHandler = 0x3000151)
                [!provide]                PROVIDE (PINT0_IRQHandler = 0x3000151)
                [!provide]                PROVIDE (PINT1_IRQHandler = 0x3000151)
                [!provide]                PROVIDE (PINT2_IRQHandler = 0x3000151)
                [!provide]                PROVIDE (PINT3_IRQHandler = 0x3000151)
                [!provide]                PROVIDE (SPIFI_IRQHandler = 0x3000151)
                [!provide]                PROVIDE (Timer0_IRQHandler = 0x3000151)
                [!provide]                PROVIDE (Timer1_IRQHandler = 0x3000151)
                [!provide]                PROVIDE (USART0_IRQHandler = 0x3000151)
                [!provide]                PROVIDE (USART1_IRQHandler = 0x3000151)
                [!provide]                PROVIDE (I2C0_IRQHandler = 0x3000151)
                [!provide]                PROVIDE (I2C1_IRQHandler = 0x3000151)
                [!provide]                PROVIDE (SPI0_IRQHandler = 0x3000151)
                [!provide]                PROVIDE (SPI1_IRQHandler = 0x3000151)
                [!provide]                PROVIDE (PWM0_IRQHandler = 0x3000151)
                [!provide]                PROVIDE (PWM1_IRQHandler = 0x3000151)
                [!provide]                PROVIDE (PWM2_IRQHandler = 0x3000151)
                [!provide]                PROVIDE (PWM3_IRQHandler = 0x3000151)
                [!provide]                PROVIDE (PWM4_IRQHandler = 0x3000151)
                [!provide]                PROVIDE (PWM5_IRQHandler = 0x3000151)
                [!provide]                PROVIDE (PWM6_IRQHandler = 0x3000151)
                [!provide]                PROVIDE (PWM7_IRQHandler = 0x3000151)
                [!provide]                PROVIDE (PWM8_IRQHandler = 0x3000151)
                [!provide]                PROVIDE (PWM9_IRQHandler = 0x3000151)
                [!provide]                PROVIDE (PWM10_IRQHandler = 0x3000151)
                [!provide]                PROVIDE (I2C2_IRQHandler = 0x3000151)
                [!provide]                PROVIDE (RTC_IRQHandler = 0x3000151)
                [!provide]                PROVIDE (NFCTag_IRQHandler = 0x3000151)
                [!provide]                PROVIDE (MAILBOX_IRQHandler = 0x3000151)
                [!provide]                PROVIDE (ADC_SEQA_IRQHandler = 0x3000151)
                [!provide]                PROVIDE (ADC_SEQB_IRQHandler = 0x3000151)
                [!provide]                PROVIDE (ADC_THCMP_OVR_IRQHandler = 0x3000151)
                [!provide]                PROVIDE (DMIC_IRQHandler = 0x3000151)
                [!provide]                PROVIDE (HWVAD_IRQHandler = 0x3000151)
                [!provide]                PROVIDE (BLE_DP_IRQHandler = 0x3000151)
                [!provide]                PROVIDE (BLE_DP0_IRQHandler = 0x3000151)
                [!provide]                PROVIDE (BLE_DP1_IRQHandler = 0x3000151)
                [!provide]                PROVIDE (BLE_DP2_IRQHandler = 0x3000151)
                [!provide]                PROVIDE (BLE_LL_ALL_IRQHandler = 0x3000151)
                0x03006b65                PROVIDE (ZIGBEE_MAC_IRQHandler = 0x3006b65)
                0x03000151                PROVIDE (ZIGBEE_MODEM_IRQHandler = 0x3000151)
                [!provide]                PROVIDE (RFP_TMU_IRQHandler = 0x3000151)
                [!provide]                PROVIDE (RFP_AGC_IRQHandler = 0x3000151)
                [!provide]                PROVIDE (ISO7816_IRQHandler = 0x3000151)
                [!provide]                PROVIDE (ANA_COMP_IRQHandler = 0x3000151)
                [!provide]                PROVIDE (WAKE_UP_TIMER0_IRQHandler = 0x3000151)
                [!provide]                PROVIDE (WAKE_UP_TIMER1_IRQHandler = 0x3000151)
                [!provide]                PROVIDE (PVT_AMBER0_IRQHandler = 0x3000151)
                [!provide]                PROVIDE (PVT_RED0_IRQHandler = 0x3000151)
                [!provide]                PROVIDE (PVT_AMBER1_IRQHandler = 0x3000151)
                [!provide]                PROVIDE (PVT_RED1_IRQHandler = 0x3000151)
                [!provide]                PROVIDE (Chip_LOWPOWER_SetUpLowPowerModeWakeUpTimer = 0x30038d1)
                [!provide]                PROVIDE (Chip_LOWPOWER_SetSystemFrequency = 0x3003d55)
                [!provide]                PROVIDE (Chip_LOWPOWER_SetMemoryLowPowerMode = 0x3003d89)
                [!provide]                PROVIDE (Chip_LOWPOWER_GetSystemVoltages = 0x3003de1)
                [!provide]                PROVIDE (Chip_LOWPOWER_SetSystemVoltages = 0x3003e99)
                [!provide]                PROVIDE (Chip_LOWPOWER_SetLowPowerMode = 0x300404d)
                [!provide]                PROVIDE (Chip_LOWPOWER_ChipSoftwareReset = 0x3003fa1)
                [!provide]                PROVIDE (Chip_LOWPOWER_ArmSoftwareReset = 0x300400d)
                0x00000400                BOOT_RESUME_STACK_SIZE = 0x400
                0x00000fe0                STACK_SIZE = 0xfe0
                0x00000000                FLASH_BASE_DEFAULT = 0x0
                0x000a0000                FLASH_SIZE_DEFAULT = 0xa0000
                0x04000400                RAM0_BASE_DEFAULT = 0x4000400
                0x00015c00                RAM0_SIZE_DEFAULT = 0x15c00
                0x00004000                FLASH_SIZE_SSBL = 0x4000
                0x0004f000                FLASH_SIZE_ZIGBEE_STACK = 0x4f000
                0x00040000                FLASH_SIZE_BLE_STACK = 0x40000
                0x00000000                FLASH_BASE_SSBL = FLASH_BASE_DEFAULT
                0x00004000                FLASH_BASE_ZIGBEE_STACK = (FLASH_BASE_SSBL + FLASH_SIZE_SSBL)
                0x00053000                FLASH_BASE_BLE_STACK = (FLASH_BASE_ZIGBEE_STACK + FLASH_SIZE_ZIGBEE_STACK)
                0x00000000                MEM_FLASH_BASE = DEFINED (MEM_FLASH_BASE)?MEM_FLASH_BASE:DEFINED (BUILD_SSBL)?FLASH_BASE_SSBL:DEFINED (BUILD_ZIGBEE_STACK)?FLASH_BASE_ZIGBEE_STACK:DEFINED (BUILD_BLE_STACK)?FLASH_BASE_BLE_STACK:FLASH_BASE_DEFAULT
                0x000a0000                MEM_FLASH_SIZE = DEFINED (MEM_FLASH_SIZE)?MEM_FLASH_SIZE:DEFINED (BUILD_SSBL)?FLASH_SIZE_SSBL:DEFINED (BUILD_ZIGBEE_STACK)?FLASH_SIZE_ZIGBEE_STACK:DEFINED (BUILD_BLE_STACK)?FLASH_SIZE_BLE_STACK:FLASH_SIZE_DEFAULT
                0x04000400                MEM_RAM0_BASE = DEFINED (MEM_RAM0_BASE)?MEM_RAM0_BASE:RAM0_BASE_DEFAULT
                0x00015c00                MEM_RAM0_SIZE = DEFINED (MEM_RAM0_SIZE)?MEM_RAM0_SIZE:RAM0_SIZE_DEFAULT
                0x00000000                __base_Flash640 = MEM_FLASH_BASE
                0x00000000                __base_Flash = MEM_FLASH_BASE
                0x000a0000                __top_Flash640 = (MEM_FLASH_BASE + MEM_FLASH_SIZE)
                0x000a0000                __top_Flash = (MEM_FLASH_BASE + MEM_FLASH_SIZE)
                0x04000400                __base_RAM0 = MEM_RAM0_BASE
                0x04000400                __base_RAM = MEM_RAM0_BASE
                0x04016000                __top_RAM0 = (MEM_RAM0_BASE + MEM_RAM0_SIZE)
                0x04016000                __top_RAM = (MEM_RAM0_BASE + MEM_RAM0_SIZE)
                0x04020000                __base_RAM1 = 0x4020000
                0x04020000                __base_RAM2 = 0x4020000
                0x04030000                __top_RAM1 = 0x4030000
                0x04030000                __top_RAM2 = 0x4030000
                0x00000150                _zigbee_hdr = (__base_Flash640 + 0x150)
                0x000002f4                HEAP_SIZE = DEFINED (HEAP_SIZE)?HEAP_SIZE:0x2f4
                0x00000000                m_flash_start = 0x0
                0x0009ffff                m_flash_end = 0x9ffff
                0x000a0000                m_flash_size = 0xa0000
                0x00000200                m_sector_size = 0x200
                0x00000200                m_fsl_prodInfo_size = m_sector_size
                0x0009ddff                m_fsl_prodInfo_end = ((m_flash_size - (0x11 * m_sector_size)) - 0x1)
                0x0009dc00                m_fsl_prodInfo_start = ((m_fsl_prodInfo_end - m_fsl_prodInfo_size) + 0x1)
                0x00007e00                NV_STORAGE_SIZE = (0x3f * m_sector_size)
                0x0009dbff                NV_STORAGE_START_ADDRESS = (m_fsl_prodInfo_start - 0x1)
                0x00095e00                NV_STORAGE_END_ADDRESS = ((NV_STORAGE_START_ADDRESS - NV_STORAGE_SIZE) + 0x1)
                0x00095dff                INT_STORAGE_START = (NV_STORAGE_END_ADDRESS - 0x1)
                0x00048000                INT_STORAGE_END = 0x48000
                0x0004ddff                INT_STORAGE_SIZE = (INT_STORAGE_START - INT_STORAGE_END)
                0x0009dc00                FREESCALE_PROD_DATA_BASE_ADDR = m_fsl_prodInfo_start
                0x00000200                INT_STORAGE_SECTOR_SIZE = m_sector_size
                0x00000200                M_VECTOR_RAM_SIZE = DEFINED (__ram_vector_table__)?vector_table_size:0x0

.headerA        0x00000000      0x150
                0x00000000                _flash_start = ABSOLUTE (.)
                0x00000000                _flash_beg = ABSOLUTE (.)
 FILL mask 0xff
                0x00000000                __vectors_start__ = ABSOLUTE (.)
                0x00000000                __VECTOR_TABLE = .
                0x00000000                __Vectors = .
 *(.isr_vector)
 .isr_vector    0x00000000      0x120 ../../../Binaries/GpEhSwitch_OM15082/obj/startup_K32W061.o
                0x00000000                g_pfnVectors
                0x00000120                . = ALIGN (0x4)
                0x00000120                __data_section_table = .
                0x00000120        0x4 LONG 0x94e0 LOADADDR (.data)
                0x00000124        0x4 LONG 0x4015af0 ADDR (.data)
                0x00000128        0x4 LONG 0x90 SIZEOF (.data)
                0x0000012c        0x4 LONG 0x94d0 LOADADDR (.data_RAM2)
                0x00000130        0x4 LONG 0x4020000 ADDR (.data_RAM2)
                0x00000134        0x4 LONG 0x0 SIZEOF (.data_RAM2)
                0x00000138                __data_discard_section_table = .
                0x00000138        0x4 LONG 0x94d0 LOADADDR (.data_discard)
                0x0000013c        0x4 LONG 0x4000600 ADDR (.data_discard)
                0x00000140        0x4 LONG 0x0 (_edata_discard - _data_discard)
                0x00000144                __data_section_table_end = .
 FILL mask 0xff
                0x00000150                . = ALIGN (0x10)
 *fill*         0x00000144        0xc ff

.ro_nonce       0x00000150        0x0
                0x00000150                _FlsNonceStart = ABSOLUTE (.)
 *(.ro_nonce)
 FILL mask 0xff
                0x00000150                . = ALIGN (0x10)

.ro_ota_header  0x00000150        0x0
                0x00000150                _enc_start = ABSOLUTE (.)
                0x00000150                _enc_offset = (_enc_start & 0xf)
                0x00000150                _FlsOtaHeader = ABSOLUTE (.)
 *(.ro_ota_header)
 FILL mask 0xff
                0x00000150                . = ALIGN (0x10)

.ro_se_lnkKey   0x00000150        0x0
                0x00000150                _FlsLinkKey = ABSOLUTE (.)
 *(.ro_se_lnkKey)
 FILL mask 0xff
                0x00000150                . = ALIGN (0x10)

.headerB        0x00000150       0x18
 FILL mask 0xff
                0x00000150                __bss_section_table = .
                0x00000150        0x4 LONG 0x4015b80 ADDR (.bss)
                0x00000154        0x4 LONG 0x460 SIZEOF (.bss)
                0x00000158        0x4 LONG 0x4020000 ADDR (.bss_RAM2)
                0x0000015c        0x4 LONG 0x0 SIZEOF (.bss_RAM2)
                0x00000160                __bss_discard_section_table = .
                0x00000160        0x4 LONG 0x4000600 ADDR (.bss_discard)
                0x00000164        0x4 LONG 0x0 (_ebss_discard - _bss_discard)
                0x00000168                __bss_section_table_end = .

.filler         0x00000168       0x18
                0x00000168        0x1 BYTE 0xff
 FILL mask 0xff
                0x00000180                . = ALIGN (0x40)
 *fill*         0x00000169       0x17 ff

.text           0x00000180     0x9348
 FILL mask 0xff
 *(.after_vectors*)
 .after_vectors.reset
                0x00000180       0x20 ../../../Binaries/GpEhSwitch_OM15082/obj/startup_K32W061.o
                0x00000180                ResetISR
 .after_vectors
                0x000001a0      0x18c ../../../Binaries/GpEhSwitch_OM15082/obj/startup_K32W061.o
                0x000001a0                WAKE_UP_TIMER0_IRQHandler
                0x000001a0                PWM8_IRQHandler
                0x000001a0                PWM5_IRQHandler
                0x000001a0                CIC_IRB_DriverIRQHandler
                0x000001a0                PWM9_IRQHandler
                0x000001a0                BLE_DP1_IRQHandler
                0x000001a0                PWM1_IRQHandler
                0x000001a0                BLE_DP2_IRQHandler
                0x000001a0                PWM6_IRQHandler
                0x000001a0                BLE_DP_IRQHandler
                0x000001a0                ADC_SEQB_IRQHandler
                0x000001a0                ADC_THCMP_OVR_IRQHandler
                0x000001a0                PIN_INT3_DriverIRQHandler
                0x000001a0                PIN_INT2_DriverIRQHandler
                0x000001a0                PWM3_IRQHandler
                0x000001a0                PIN_INT0_DriverIRQHandler
                0x000001a0                NFCTag_IRQHandler
                0x000001a0                BLE_LL_ALL_IRQHandler
                0x000001a0                IntDefaultHandler
                0x000001a0                ISO7816_IRQHandler
                0x000001a0                PVT_RED1_IRQHandler
                0x000001a0                DMIC0_DriverIRQHandler
                0x000001a0                RTC_IRQHandler
                0x000001a0                RFP_AGC_IRQHandler
                0x000001a0                PVT_AMBER0_IRQHandler
                0x000001a0                SHA_IRQHandler
                0x000001a0                BLE_DP0_IRQHandler
                0x000001a0                PWM2_IRQHandler
                0x000001a0                PIN_INT1_DriverIRQHandler
                0x000001a0                PVT_RED0_IRQHandler
                0x000001a0                HWVAD0_DriverIRQHandler
                0x000001a0                PVT_AMBER1_IRQHandler
                0x000001a0                PWM10_IRQHandler
                0x000001a0                PWM4_IRQHandler
                0x000001a0                PWM7_IRQHandler
                0x000001a0                MAILBOX_IRQHandler
                0x000001a0                BLE_WakeupTimer_IRQHandler
                0x000001a0                ADC_SEQA_IRQHandler
                0x000001a0                ANA_COMP_IRQHandler
                0x000001a0                SPIFI_IRQHandler
                0x000001a0                System_IRQHandler
                0x000001a0                PWM0_IRQHandler
                0x000001a2                NMI_Handler
                0x000001ac                SVC_Handler
                0x000001ae                DebugMon_Handler
                0x000001b0                PendSV_Handler
                0x000001b4                MAC_154_IRQHandler
                0x000001d8                MODEM_154_IRQHandler
                0x000001fc                data_init
                0x00000210                bss_init
                0x00000232                ResetISR2
 *(.text*)
 .text.APP_cbTimerShortPress
                0x0000032c        0xc ../../../Binaries/GpEhSwitch_OM15082/obj/app_main.o
                0x0000032c                APP_cbTimerShortPress
 .text.APP_cbTimerReceive
                0x00000338        0x2 ../../../Binaries/GpEhSwitch_OM15082/obj/app_main.o
                0x00000338                APP_cbTimerReceive
 *fill*         0x0000033a        0x2 ff
 .text.bHandleEventSend
                0x0000033c       0x8c ../../../Binaries/GpEhSwitch_OM15082/obj/app_main.o
                0x0000033c                bHandleEventSend
 .text.APP_vInitResources
                0x000003c8       0x50 ../../../Binaries/GpEhSwitch_OM15082/obj/app_main.o
                0x000003c8                APP_vInitResources
 .text.vInterruptFired
                0x00000418       0x1c ../../../Binaries/GpEhSwitch_OM15082/obj/EH_IEEE_802154_Switch.o
 .text.vSendMACFrame
                0x00000434       0x68 ../../../Binaries/GpEhSwitch_OM15082/obj/EH_IEEE_802154_Switch.o
                0x00000434                vSendMACFrame
 .text.vEnableRxAndReceive
                0x0000049c       0x58 ../../../Binaries/GpEhSwitch_OM15082/obj/EH_IEEE_802154_Switch.o
                0x0000049c                vEnableRxAndReceive
 .text.vAppMain
                0x000004f4       0x38 ../../../Binaries/GpEhSwitch_OM15082/obj/EH_IEEE_802154_Switch.o
                0x000004f4                vAppMain
 .text.APP_vSetUpHardware
                0x0000052c       0x58 ../../../Binaries/GpEhSwitch_OM15082/obj/EH_IEEE_802154_Switch.o
                0x0000052c                APP_vSetUpHardware
 .text.main_task
                0x00000584       0x30 ../../../Binaries/GpEhSwitch_OM15082/obj/EH_IEEE_802154_Switch.o
                0x00000584                main_task
 .text.hardware_init
                0x000005b4       0x18 ../../../Binaries/GpEhSwitch_OM15082/obj/EH_IEEE_802154_Switch.o
                0x000005b4                hardware_init
 .text.vSendDecommissioingCmd
                0x000005cc       0x48 ../../../Binaries/GpEhSwitch_OM15082/obj/EH_IEEE_Features.o
                0x000005cc                vSendDecommissioingCmd
 .text.vClearPersistentData
                0x00000614       0x68 ../../../Binaries/GpEhSwitch_OM15082/obj/EH_IEEE_Features.o
                0x00000614                vClearPersistentData
 .text.vLoadPersistentData
                0x0000067c       0x30 ../../../Binaries/GpEhSwitch_OM15082/obj/EH_IEEE_Features.o
                0x0000067c                vLoadPersistentData
 .text.vHandleOperationalState
                0x000006ac       0x30 ../../../Binaries/GpEhSwitch_OM15082/obj/EH_IEEE_Features.o
                0x000006ac                vHandleOperationalState
 .text.bEncryptDecyptKey
                0x000006dc       0xf4 ../../../Binaries/GpEhSwitch_OM15082/obj/EH_IEEE_Features.o
                0x000006dc                bEncryptDecyptKey
 .text.vHandleRxMacFrame
                0x000007d0      0x138 ../../../Binaries/GpEhSwitch_OM15082/obj/EH_IEEE_Features.o
                0x000007d0                vHandleRxMacFrame
 .text.vSendChannelRequestCmd
                0x00000908       0x9c ../../../Binaries/GpEhSwitch_OM15082/obj/EH_IEEE_Features.o
                0x00000908                vSendChannelRequestCmd
 .text.vSendCommissioningCmd
                0x000009a4       0xa0 ../../../Binaries/GpEhSwitch_OM15082/obj/EH_IEEE_Features.o
                0x000009a4                vSendCommissioningCmd
 .text.vSendGPDSuccessCmd
                0x00000a44       0x44 ../../../Binaries/GpEhSwitch_OM15082/obj/EH_IEEE_Features.o
                0x00000a44                vSendGPDSuccessCmd
 .text.bHandleCommissioningStateMachine
                0x00000a88       0x4c ../../../Binaries/GpEhSwitch_OM15082/obj/EH_IEEE_Features.o
                0x00000a88                bHandleCommissioningStateMachine
 .text.HandleGPDStateMachine
                0x00000ad4       0x34 ../../../Binaries/GpEhSwitch_OM15082/obj/EH_IEEE_Features.o
                0x00000ad4                HandleGPDStateMachine
 .text.GPD_ConstructMACAndNetworkHeader
                0x00000b08       0xa0 ../../../Binaries/GpEhSwitch_OM15082/obj/EH_IEEE_Commands.o
                0x00000b08                GPD_ConstructMACAndNetworkHeader
 .text.GPD_ConstructMaintenaceFrame
                0x00000ba8       0x38 ../../../Binaries/GpEhSwitch_OM15082/obj/EH_IEEE_Commands.o
                0x00000ba8                GPD_ConstructMaintenaceFrame
 .text.bGPD_SecureFrame
                0x00000be0      0x20c ../../../Binaries/GpEhSwitch_OM15082/obj/EH_IEEE_Commands.o
                0x00000be0                bGPD_SecureFrame
 .text.bGPD_ParseMACFrame
                0x00000dec      0x108 ../../../Binaries/GpEhSwitch_OM15082/obj/EH_IEEE_Commands.o
                0x00000dec                bGPD_ParseMACFrame
 .text.GPD_SendSpecificCommand
                0x00000ef4       0x5c ../../../Binaries/GpEhSwitch_OM15082/obj/EH_IEEE_Commands.o
                0x00000ef4                GPD_SendSpecificCommand
 .text.GPD_SendOperationalCommand
                0x00000f50       0x4c ../../../Binaries/GpEhSwitch_OM15082/obj/EH_IEEE_Commands.o
                0x00000f50                GPD_SendOperationalCommand
 .text.bAPP_ReadBlock
                0x00000f9c       0x74 ../../../Binaries/GpEhSwitch_OM15082/obj/app_nvm.o
                0x00000f9c                bAPP_ReadBlock
 .text.bAPP_NVMWrite
                0x00001010       0x60 ../../../Binaries/GpEhSwitch_OM15082/obj/app_nvm.o
                0x00001010                bAPP_NVMWrite
 .text.bAPP_NVMWriteBlock
                0x00001070       0x38 ../../../Binaries/GpEhSwitch_OM15082/obj/app_nvm.o
                0x00001070                bAPP_NVMWriteBlock
 .text.gint_callback
                0x000010a8       0x50 ../../../Binaries/GpEhSwitch_OM15082/obj/EH_Button.o
                0x000010a8                gint_callback
 .text.vHandleButtonPress
                0x000010f8       0xf4 ../../../Binaries/GpEhSwitch_OM15082/obj/EH_Button.o
                0x000010f8                vHandleButtonPress
 .text.APP_cbTimerButtonScan
                0x000011ec       0xf4 ../../../Binaries/GpEhSwitch_OM15082/obj/EH_Button.o
                0x000011ec                APP_cbTimerButtonScan
 .text.bButtonInitialize
                0x000012e0       0x90 ../../../Binaries/GpEhSwitch_OM15082/obj/EH_Button.o
                0x000012e0                bButtonInitialize
 .text.DbgConsole_SendDataReliable
                0x00001370       0x4c ../../../Binaries/GpEhSwitch_OM15082/obj/fsl_debug_console.o
                0x00001370                DbgConsole_SendDataReliable
 .text.DbgConsole_PrintCallback
                0x000013bc       0x3a ../../../Binaries/GpEhSwitch_OM15082/obj/fsl_debug_console.o
 *fill*         0x000013f6        0x2 ff
 .text.DbgConsole_Init
                0x000013f8       0x9c ../../../Binaries/GpEhSwitch_OM15082/obj/fsl_debug_console.o
                0x000013f8                DbgConsole_Init
 .text.DbgConsole_Printf
                0x00001494       0x40 ../../../Binaries/GpEhSwitch_OM15082/obj/fsl_debug_console.o
                0x00001494                DbgConsole_Printf
 .text.GPIO_PinInit
                0x000014d4       0x2e ../../../Binaries/GpEhSwitch_OM15082/obj/fsl_gpio.o
                0x000014d4                GPIO_PinInit
 *fill*         0x00001502        0x2 ff
 .text.GINT_GetInstance
                0x00001504       0x28 ../../../Binaries/GpEhSwitch_OM15082/obj/fsl_gint.o
 .text.GINT_Init
                0x0000152c       0x24 ../../../Binaries/GpEhSwitch_OM15082/obj/fsl_gint.o
                0x0000152c                GINT_Init
 .text.GINT_SetCtrl
                0x00001550       0x2c ../../../Binaries/GpEhSwitch_OM15082/obj/fsl_gint.o
                0x00001550                GINT_SetCtrl
 .text.GINT_ConfigPins
                0x0000157c        0xa ../../../Binaries/GpEhSwitch_OM15082/obj/fsl_gint.o
                0x0000157c                GINT_ConfigPins
 *fill*         0x00001586        0x2 ff
 .text.GINT_EnableCallback
                0x00001588       0x20 ../../../Binaries/GpEhSwitch_OM15082/obj/fsl_gint.o
                0x00001588                GINT_EnableCallback
 .text.GINT_DisableCallback
                0x000015a8       0x2c ../../../Binaries/GpEhSwitch_OM15082/obj/fsl_gint.o
                0x000015a8                GINT_DisableCallback
 .text.GINT0_DriverIRQHandler
                0x000015d4       0x24 ../../../Binaries/GpEhSwitch_OM15082/obj/fsl_gint.o
                0x000015d4                GINT0_DriverIRQHandler
 .text.BOARD_InitClocks
                0x000015f8       0x84 ../../../Binaries/GpEhSwitch_OM15082/obj/hardware_init.o
                0x000015f8                BOARD_InitClocks
 .text.BOARD_InitHardware
                0x0000167c       0x4c ../../../Binaries/GpEhSwitch_OM15082/obj/hardware_init.o
                0x0000167c                BOARD_InitHardware
 .text.BOARD_InitPins
                0x000016c8       0x1c ../../../Binaries/GpEhSwitch_OM15082/obj/pin_mux.o
                0x000016c8                BOARD_InitPins
 .text.BOARD_GetClock32MCapacitanceCharacteristics
                0x000016e4        0x8 ../../../Binaries/GpEhSwitch_OM15082/obj/board_utility.o
                0x000016e4                BOARD_GetClock32MCapacitanceCharacteristics
 .text.ZTIMER_eInit
                0x000016ec       0x24 ../../../Binaries/GpEhSwitch_OM15082/obj/ZTimer.o
                0x000016ec                ZTIMER_eInit
 .text.ZTIMER_vTask
                0x00001710       0x90 ../../../Binaries/GpEhSwitch_OM15082/obj/ZTimer.o
                0x00001710                ZTIMER_vTask
 .text.ZTIMER_eOpen
                0x000017a0       0x38 ../../../Binaries/GpEhSwitch_OM15082/obj/ZTimer.o
                0x000017a0                ZTIMER_eOpen
 .text.ZTIMER_eStart
                0x000017d8       0x50 ../../../Binaries/GpEhSwitch_OM15082/obj/ZTimer.o
                0x000017d8                ZTIMER_eStart
 .text.ZTIMER_eStop
                0x00001828       0x48 ../../../Binaries/GpEhSwitch_OM15082/obj/ZTimer.o
                0x00001828                ZTIMER_eStop
 .text.OSA_EnableIRQGlobal
                0x00001870       0x14 ../../../Binaries/GpEhSwitch_OM15082/obj/fsl_os_abstraction_bm.o
                0x00001870                OSA_EnableIRQGlobal
 .text.OSA_DisableIRQGlobal
                0x00001884       0x10 ../../../Binaries/GpEhSwitch_OM15082/obj/fsl_os_abstraction_bm.o
                0x00001884                OSA_DisableIRQGlobal
 .text.task_init
                0x00001894       0x3c ../../../Binaries/GpEhSwitch_OM15082/obj/fsl_os_abstraction_bm.o
                0x00001894                task_init
 .text.OSA_TaskCreate
                0x000018d0       0x80 ../../../Binaries/GpEhSwitch_OM15082/obj/fsl_os_abstraction_bm.o
                0x000018d0                OSA_TaskCreate
 .text.OSA_TimeInit
                0x00001950       0x30 ../../../Binaries/GpEhSwitch_OM15082/obj/fsl_os_abstraction_bm.o
                0x00001950                OSA_TimeInit
 .text.OSA_TimeGetMsec
                0x00001980        0xc ../../../Binaries/GpEhSwitch_OM15082/obj/fsl_os_abstraction_bm.o
                0x00001980                OSA_TimeGetMsec
 .text.OSA_InterruptEnable
                0x0000198c        0x4 ../../../Binaries/GpEhSwitch_OM15082/obj/fsl_os_abstraction_bm.o
                0x0000198c                OSA_InterruptEnable
 .text.OSA_InterruptDisable
                0x00001990        0x4 ../../../Binaries/GpEhSwitch_OM15082/obj/fsl_os_abstraction_bm.o
                0x00001990                OSA_InterruptDisable
 .text.OSA_Start
                0x00001994       0x2c ../../../Binaries/GpEhSwitch_OM15082/obj/fsl_os_abstraction_bm.o
                0x00001994                OSA_Start
 .text.startup.main
                0x000019c0       0x20 ../../../Binaries/GpEhSwitch_OM15082/obj/fsl_os_abstraction_bm.o
                0x000019c0                main
 .text.SysTick_Handler
                0x000019e0       0x10 ../../../Binaries/GpEhSwitch_OM15082/obj/fsl_os_abstraction_bm.o
                0x000019e0                SysTick_Handler
 .text.BOARD_InitDebugConsole
                0x000019f0       0x28 ../../../Binaries/GpEhSwitch_OM15082/obj/board.o
                0x000019f0                BOARD_InitDebugConsole
 .text.SystemCoreClockUpdate
                0x00001a18       0xa0 ../../../Binaries/GpEhSwitch_OM15082/obj/system_K32W061.o
                0x00001a18                SystemCoreClockUpdate
 .text.SystemInit
                0x00001ab8       0x44 ../../../Binaries/GpEhSwitch_OM15082/obj/system_K32W061.o
                0x00001ab8                SystemInit
 .text.DMIC0_IRQHandler
                0x00001afc        0x8 ../../../Binaries/GpEhSwitch_OM15082/obj/startup_K32W061.o
                0x00001afc                DMIC0_IRQHandler
 .text.CIC_IRB_IRQHandler
                0x00001b04        0x8 ../../../Binaries/GpEhSwitch_OM15082/obj/startup_K32W061.o
                0x00001b04                CIC_IRB_IRQHandler
 .text.HWVAD0_IRQHandler
                0x00001b0c        0x8 ../../../Binaries/GpEhSwitch_OM15082/obj/startup_K32W061.o
                0x00001b0c                HWVAD0_IRQHandler
 .text.PINT0_IRQHandler
                0x00001b14        0x8 ../../../Binaries/GpEhSwitch_OM15082/obj/startup_K32W061.o
                0x00001b14                PINT0_IRQHandler
 .text.PINT1_IRQHandler
                0x00001b1c        0x8 ../../../Binaries/GpEhSwitch_OM15082/obj/startup_K32W061.o
                0x00001b1c                PINT1_IRQHandler
 .text.PINT2_IRQHandler
                0x00001b24        0x8 ../../../Binaries/GpEhSwitch_OM15082/obj/startup_K32W061.o
                0x00001b24                PINT2_IRQHandler
 .text.PINT3_IRQHandler
                0x00001b2c        0x8 ../../../Binaries/GpEhSwitch_OM15082/obj/startup_K32W061.o
                0x00001b2c                PINT3_IRQHandler
 .text.GINT0_IRQHandler
                0x00001b34        0x8 ../../../Binaries/GpEhSwitch_OM15082/obj/startup_K32W061.o
                0x00001b34                GINT0_IRQHandler
 .text.CTIMER0_IRQHandler
                0x00001b3c        0x8 ../../../Binaries/GpEhSwitch_OM15082/obj/startup_K32W061.o
                0x00001b3c                CTIMER0_IRQHandler
 .text.CTIMER1_IRQHandler
                0x00001b44        0x8 ../../../Binaries/GpEhSwitch_OM15082/obj/startup_K32W061.o
                0x00001b44                CTIMER1_IRQHandler
 .text.FLEXCOMM0_IRQHandler
                0x00001b4c        0x8 ../../../Binaries/GpEhSwitch_OM15082/obj/startup_K32W061.o
                0x00001b4c                FLEXCOMM0_IRQHandler
 .text.FLEXCOMM1_IRQHandler
                0x00001b54        0x8 ../../../Binaries/GpEhSwitch_OM15082/obj/startup_K32W061.o
                0x00001b54                FLEXCOMM1_IRQHandler
 .text.FLEXCOMM2_IRQHandler
                0x00001b5c        0x8 ../../../Binaries/GpEhSwitch_OM15082/obj/startup_K32W061.o
                0x00001b5c                FLEXCOMM2_IRQHandler
 .text.FLEXCOMM3_IRQHandler
                0x00001b64        0x8 ../../../Binaries/GpEhSwitch_OM15082/obj/startup_K32W061.o
                0x00001b64                FLEXCOMM3_IRQHandler
 .text.FLEXCOMM4_IRQHandler
                0x00001b6c        0x8 ../../../Binaries/GpEhSwitch_OM15082/obj/startup_K32W061.o
                0x00001b6c                FLEXCOMM4_IRQHandler
 .text.FLEXCOMM5_IRQHandler
                0x00001b74        0x8 ../../../Binaries/GpEhSwitch_OM15082/obj/startup_K32W061.o
                0x00001b74                FLEXCOMM5_IRQHandler
 .text.FLEXCOMM6_IRQHandler
                0x00001b7c        0x8 ../../../Binaries/GpEhSwitch_OM15082/obj/startup_K32W061.o
                0x00001b7c                FLEXCOMM6_IRQHandler
 .text.WWDT_GetInstance
                0x00001b84       0x28 ../../../Binaries/GpEhSwitch_OM15082/obj/fsl_wwdt.o
 .text.WWDT_Deinit
                0x00001bac       0x10 ../../../Binaries/GpEhSwitch_OM15082/obj/fsl_wwdt.o
                0x00001bac                WWDT_Deinit
 .text.WWDT_Refresh
                0x00001bbc       0x14 ../../../Binaries/GpEhSwitch_OM15082/obj/fsl_wwdt.o
                0x00001bbc                WWDT_Refresh
 .text.CLOCK_u8OscCapConvert
                0x00001bd0       0x22 ../../../Binaries/GpEhSwitch_OM15082/obj/fsl_clock.o
 *fill*         0x00001bf2        0x2 ff
 .text.CLOCK_AttachClk
                0x00001bf4      0x108 ../../../Binaries/GpEhSwitch_OM15082/obj/fsl_clock.o
                0x00001bf4                CLOCK_AttachClk
 .text.CLOCK_GetXtal32kFreq
                0x00001cfc       0x18 ../../../Binaries/GpEhSwitch_OM15082/obj/fsl_clock.o
                0x00001cfc                CLOCK_GetXtal32kFreq
 .text.CLOCK_GetFro32kFreq
                0x00001d14       0x18 ../../../Binaries/GpEhSwitch_OM15082/obj/fsl_clock.o
                0x00001d14                CLOCK_GetFro32kFreq
 .text.CLOCK_GetOsc32kFreq
                0x00001d2c       0x14 ../../../Binaries/GpEhSwitch_OM15082/obj/fsl_clock.o
                0x00001d2c                CLOCK_GetOsc32kFreq
 .text.CLOCK_GetFro12MFreq
                0x00001d40       0x18 ../../../Binaries/GpEhSwitch_OM15082/obj/fsl_clock.o
                0x00001d40                CLOCK_GetFro12MFreq
 .text.CLOCK_GetFro32MFreq
                0x00001d58       0x18 ../../../Binaries/GpEhSwitch_OM15082/obj/fsl_clock.o
                0x00001d58                CLOCK_GetFro32MFreq
 .text.CLOCK_GetOsc32MFreq
                0x00001d70       0x18 ../../../Binaries/GpEhSwitch_OM15082/obj/fsl_clock.o
                0x00001d70                CLOCK_GetOsc32MFreq
 .text.CLOCK_GetWdtOscFreq
                0x00001d88       0x2c ../../../Binaries/GpEhSwitch_OM15082/obj/fsl_clock.o
                0x00001d88                CLOCK_GetWdtOscFreq
 .text.CLOCK_GetFro48MFreq
                0x00001db4       0x18 ../../../Binaries/GpEhSwitch_OM15082/obj/fsl_clock.o
                0x00001db4                CLOCK_GetFro48MFreq
 .text.CLOCK_GetPWMClockFreq
                0x00001dcc       0x1e ../../../Binaries/GpEhSwitch_OM15082/obj/fsl_clock.o
                0x00001dcc                CLOCK_GetPWMClockFreq
 *fill*         0x00001dea        0x2 ff
 .text.CLOCK_GetMainClockRate
                0x00001dec       0x40 ../../../Binaries/GpEhSwitch_OM15082/obj/fsl_clock.o
                0x00001dec                CLOCK_GetMainClockRate
 .text.CLOCK_GetCoreSysClkFreq
                0x00001e2c       0x18 ../../../Binaries/GpEhSwitch_OM15082/obj/fsl_clock.o
                0x00001e2c                CLOCK_GetCoreSysClkFreq
 .text.CLOCK_GetFRGInputClock
                0x00001e44       0x26 ../../../Binaries/GpEhSwitch_OM15082/obj/fsl_clock.o
                0x00001e44                CLOCK_GetFRGInputClock
 .text.CLOCK_GetFRGClock
                0x00001e6a       0x32 ../../../Binaries/GpEhSwitch_OM15082/obj/fsl_clock.o
                0x00001e6a                CLOCK_GetFRGClock
 .text.CLOCK_GetFro64MFreq
                0x00001e9c       0x18 ../../../Binaries/GpEhSwitch_OM15082/obj/fsl_clock.o
                0x00001e9c                CLOCK_GetFro64MFreq
 .text.CLOCK_GetClkOutFreq
                0x00001eb4       0x64 ../../../Binaries/GpEhSwitch_OM15082/obj/fsl_clock.o
                0x00001eb4                CLOCK_GetClkOutFreq
 .text.CLOCK_GetSpifiOscFreq
                0x00001f18       0x48 ../../../Binaries/GpEhSwitch_OM15082/obj/fsl_clock.o
                0x00001f18                CLOCK_GetSpifiOscFreq
 .text.CLOCK_GetApbCLkFreq
                0x00001f60       0x2c ../../../Binaries/GpEhSwitch_OM15082/obj/fsl_clock.o
                0x00001f60                CLOCK_GetApbCLkFreq
 .text.CLOCK_GetFreq
                0x00001f8c      0x108 ../../../Binaries/GpEhSwitch_OM15082/obj/fsl_clock.o
                0x00001f8c                CLOCK_GetFreq
 .text.CLOCK_DisableClock
                0x00002094       0xa4 ../../../Binaries/GpEhSwitch_OM15082/obj/fsl_clock.o
                0x00002094                CLOCK_DisableClock
 .text.CLOCK_EnableAPBBridge
                0x00002138        0xe ../../../Binaries/GpEhSwitch_OM15082/obj/fsl_clock.o
                0x00002138                CLOCK_EnableAPBBridge
 *fill*         0x00002146        0x2 ff
 .text.CLOCK_uDelay
                0x00002148       0x60 ../../../Binaries/GpEhSwitch_OM15082/obj/fsl_clock.o
                0x00002148                CLOCK_uDelay
 .text.CLOCK_SetXtal32M_LDO
                0x000021a8       0x30 ../../../Binaries/GpEhSwitch_OM15082/obj/fsl_clock.o
                0x000021a8                CLOCK_SetXtal32M_LDO
 .text.CLOCK_Xtal32M_Trim
                0x000021d8       0xf0 ../../../Binaries/GpEhSwitch_OM15082/obj/fsl_clock.o
                0x000021d8                CLOCK_Xtal32M_Trim
 .text.CLOCK_XtalBasicTrim
                0x000022c8       0x30 ../../../Binaries/GpEhSwitch_OM15082/obj/fsl_clock.o
                0x000022c8                CLOCK_XtalBasicTrim
 .text.CLOCK_Xtal32M_WaitUntilStable
                0x000022f8       0x14 ../../../Binaries/GpEhSwitch_OM15082/obj/fsl_clock.o
                0x000022f8                CLOCK_Xtal32M_WaitUntilStable
 .text.CLOCK_EnableClock
                0x0000230c       0xe0 ../../../Binaries/GpEhSwitch_OM15082/obj/fsl_clock.o
                0x0000230c                CLOCK_EnableClock
 .text.RESET_SetPeripheralReset
                0x000023ec       0x54 ../../../Binaries/GpEhSwitch_OM15082/obj/fsl_reset.o
                0x000023ec                RESET_SetPeripheralReset
 .text.RESET_ClearPeripheralReset
                0x00002440       0x58 ../../../Binaries/GpEhSwitch_OM15082/obj/fsl_reset.o
                0x00002440                RESET_ClearPeripheralReset
 .text.RESET_PeripheralReset
                0x00002498       0x12 ../../../Binaries/GpEhSwitch_OM15082/obj/fsl_reset.o
                0x00002498                RESET_PeripheralReset
 *fill*         0x000024aa        0x2 ff
 .text.USART_GetDefaultConfig
                0x000024ac       0x40 ../../../Binaries/GpEhSwitch_OM15082/obj/fsl_usart.o
                0x000024ac                USART_GetDefaultConfig
 .text.USART_SetBaudRate
                0x000024ec       0xa4 ../../../Binaries/GpEhSwitch_OM15082/obj/fsl_usart.o
                0x000024ec                USART_SetBaudRate
 .text.USART_Init
                0x00002590      0x10c ../../../Binaries/GpEhSwitch_OM15082/obj/fsl_usart.o
                0x00002590                USART_Init
 .text.USART_WriteBlocking
                0x0000269c       0x48 ../../../Binaries/GpEhSwitch_OM15082/obj/fsl_usart.o
                0x0000269c                USART_WriteBlocking
 .text.FLEXCOMM_GetInstance
                0x000026e4       0x34 ../../../Binaries/GpEhSwitch_OM15082/obj/fsl_flexcomm.o
                0x000026e4                FLEXCOMM_GetInstance
 .text.FLEXCOMM_Init
                0x00002718       0x6c ../../../Binaries/GpEhSwitch_OM15082/obj/fsl_flexcomm.o
                0x00002718                FLEXCOMM_Init
 .text.FLEXCOMM0_DriverIRQHandler
                0x00002784       0x3c ../../../Binaries/GpEhSwitch_OM15082/obj/fsl_flexcomm.o
                0x00002784                FLEXCOMM0_DriverIRQHandler
 .text.FLEXCOMM1_DriverIRQHandler
                0x000027c0       0x3c ../../../Binaries/GpEhSwitch_OM15082/obj/fsl_flexcomm.o
                0x000027c0                FLEXCOMM1_DriverIRQHandler
 .text.FLEXCOMM2_DriverIRQHandler
                0x000027fc       0x3c ../../../Binaries/GpEhSwitch_OM15082/obj/fsl_flexcomm.o
                0x000027fc                FLEXCOMM2_DriverIRQHandler
 .text.FLEXCOMM3_DriverIRQHandler
                0x00002838       0x38 ../../../Binaries/GpEhSwitch_OM15082/obj/fsl_flexcomm.o
                0x00002838                FLEXCOMM3_DriverIRQHandler
 .text.FLEXCOMM4_DriverIRQHandler
                0x00002870       0x3c ../../../Binaries/GpEhSwitch_OM15082/obj/fsl_flexcomm.o
                0x00002870                FLEXCOMM4_DriverIRQHandler
 .text.FLEXCOMM5_DriverIRQHandler
                0x000028ac       0x3c ../../../Binaries/GpEhSwitch_OM15082/obj/fsl_flexcomm.o
                0x000028ac                FLEXCOMM5_DriverIRQHandler
 .text.FLEXCOMM6_DriverIRQHandler
                0x000028e8       0x3c ../../../Binaries/GpEhSwitch_OM15082/obj/fsl_flexcomm.o
                0x000028e8                FLEXCOMM6_DriverIRQHandler
 .text.FLASH_Wait
                0x00002924       0x12 ../../../Binaries/GpEhSwitch_OM15082/obj/fsl_flash.o
                0x00002924                FLASH_Wait
 .text.FLASH_Erase
                0x00002936       0x44 ../../../Binaries/GpEhSwitch_OM15082/obj/fsl_flash.o
                0x00002936                FLASH_Erase
 .text.FLASH_ErasePages
                0x0000297a        0xe ../../../Binaries/GpEhSwitch_OM15082/obj/fsl_flash.o
                0x0000297a                FLASH_ErasePages
 .text.FLASH_BlankCheck
                0x00002988       0x1a ../../../Binaries/GpEhSwitch_OM15082/obj/fsl_flash.o
                0x00002988                FLASH_BlankCheck
 .text.FLASH_Program
                0x000029a2       0x38 ../../../Binaries/GpEhSwitch_OM15082/obj/fsl_flash.o
                0x000029a2                FLASH_Program
 .text.swap_bytes
                0x000029da        0x4 ../../../Binaries/GpEhSwitch_OM15082/obj/fsl_aes.o
 .text.aes_one_block
                0x000029de       0x3c ../../../Binaries/GpEhSwitch_OM15082/obj/fsl_aes.o
 .text.aes_set_forward
                0x00002a1a       0x16 ../../../Binaries/GpEhSwitch_OM15082/obj/fsl_aes.o
 .text.AES_SetKey
                0x00002a30       0x5c ../../../Binaries/GpEhSwitch_OM15082/obj/fsl_aes.o
                0x00002a30                AES_SetKey
 .text.AES_EncryptEcb
                0x00002a8c       0x3a ../../../Binaries/GpEhSwitch_OM15082/obj/fsl_aes.o
                0x00002a8c                AES_EncryptEcb
 *fill*         0x00002ac6        0x2 ff
 .text.POWER_ApplyActiveVoltage
                0x00002ac8      0x128 ../../../Binaries/GpEhSwitch_OM15082/obj/fsl_power.o
                0x00002ac8                POWER_ApplyActiveVoltage
 .text.POWER_SetTrimDefaultActiveVoltage
                0x00002bf0       0x50 ../../../Binaries/GpEhSwitch_OM15082/obj/fsl_power.o
                0x00002bf0                POWER_SetTrimDefaultActiveVoltage
 .text.POWER_Init
                0x00002c40       0x20 ../../../Binaries/GpEhSwitch_OM15082/obj/fsl_power.o
                0x00002c40                POWER_Init
 .text.WTIMER_StartTimer
                0x00002c60       0x78 ../../../Binaries/GpEhSwitch_OM15082/obj/fsl_wtimer.o
                0x00002c60                WTIMER_StartTimer
 .text.WTIMER_ClearStatusFlags
                0x00002cd8       0x3c ../../../Binaries/GpEhSwitch_OM15082/obj/fsl_wtimer.o
                0x00002cd8                WTIMER_ClearStatusFlags
 .text.WTIMER_StopTimer
                0x00002d14       0x38 ../../../Binaries/GpEhSwitch_OM15082/obj/fsl_wtimer.o
                0x00002d14                WTIMER_StopTimer
 .text.vDebugExceptionHandlersInitialise
                0x00002d4c       0x28 ../../../Binaries/GpEhSwitch_OM15082/obj/Exceptions_NVIC.o
                0x00002d4c                vDebugExceptionHandlersInitialise
 .text.ExceptionUnwindStack
                0x00002d74       0x98 ../../../Binaries/GpEhSwitch_OM15082/obj/MicroExceptions_arm.o
                0x00002d74                ExceptionUnwindStack
 .text.HardFault_Handler
                0x00002e0c        0x8 ../../../Binaries/GpEhSwitch_OM15082/obj/MicroExceptions_arm.o
                0x00002e0c                HardFault_Handler
 .text.BusFault_Handler
                0x00002e14        0x8 ../../../Binaries/GpEhSwitch_OM15082/obj/MicroExceptions_arm.o
                0x00002e14                BusFault_Handler
 .text.UsageFault_Handler
                0x00002e1c        0x8 ../../../Binaries/GpEhSwitch_OM15082/obj/MicroExceptions_arm.o
                0x00002e1c                UsageFault_Handler
 .text.MemManage_Handler
                0x00002e24        0x8 ../../../Binaries/GpEhSwitch_OM15082/obj/MicroExceptions_arm.o
                0x00002e24                MemManage_Handler
 .text.vPrintRegisterBit
                0x00002e2c       0x14 ../../../Binaries/GpEhSwitch_OM15082/obj/MicroExceptions_arm.o
                0x00002e2c                vPrintRegisterBit
 .text.vPrintSystemHandlerAndControlStateRegisterBitFields
                0x00002e40       0xc8 ../../../Binaries/GpEhSwitch_OM15082/obj/MicroExceptions_arm.o
                0x00002e40                vPrintSystemHandlerAndControlStateRegisterBitFields
 .text.vPrintConfigurableFaultStatusRegisterBitFields
                0x00002f08      0x158 ../../../Binaries/GpEhSwitch_OM15082/obj/MicroExceptions_arm.o
                0x00002f08                vPrintConfigurableFaultStatusRegisterBitFields
 .text.vDebugBusFaultHandler
                0x00003060      0x18c ../../../Binaries/GpEhSwitch_OM15082/obj/MicroExceptions_arm.o
                0x00003060                vDebugBusFaultHandler
 .text.vDebugUsageFaultHandler
                0x000031ec      0x168 ../../../Binaries/GpEhSwitch_OM15082/obj/MicroExceptions_arm.o
                0x000031ec                vDebugUsageFaultHandler
 .text.vDebugMemoryFaultHandler
                0x00003354      0x18c ../../../Binaries/GpEhSwitch_OM15082/obj/MicroExceptions_arm.o
                0x00003354                vDebugMemoryFaultHandler
 .text.vPrintHardFaultStatusRegisterBitFields
                0x000034e0       0x48 ../../../Binaries/GpEhSwitch_OM15082/obj/MicroExceptions_arm.o
                0x000034e0                vPrintHardFaultStatusRegisterBitFields
 .text.vDebugHardFaultHandler
                0x00003528      0x228 ../../../Binaries/GpEhSwitch_OM15082/obj/MicroExceptions_arm.o
                0x00003528                vDebugHardFaultHandler
 .text.vDebugInit
                0x00003750        0x2 ../../../Binaries/GpEhSwitch_OM15082/obj/Debug.o
                0x00003750                vDebugInit
 .text.vDebugHex
                0x00003752       0x48 ../../../Binaries/GpEhSwitch_OM15082/obj/Debug.o
                0x00003752                vDebugHex
 .text.vDebugNonInt
                0x0000379a        0x4 ../../../Binaries/GpEhSwitch_OM15082/obj/Debug.o
                0x0000379a                vDebugNonInt
 .text.vDebugHexNonInt
                0x0000379e        0x4 ../../../Binaries/GpEhSwitch_OM15082/obj/Debug.o
                0x0000379e                vDebugHexNonInt
 .text.FLib_MemCpy
                0x000037a2       0x14 ../../../Binaries/GpEhSwitch_OM15082/obj/FunctionLib.o
                0x000037a2                FLib_MemCpy
 .text.FLib_MemCmp
                0x000037b6       0x1c ../../../Binaries/GpEhSwitch_OM15082/obj/FunctionLib.o
                0x000037b6                FLib_MemCmp
 *fill*         0x000037d2        0x2 ff
 .text.AES_128_ECB_Encrypt
                0x000037d4       0x28 ../../../Binaries/GpEhSwitch_OM15082/obj/SecLib.o
                0x000037d4                AES_128_ECB_Encrypt
 .text.bACI_WriteKey
                0x000037fc       0x14 ../../../Binaries/GpEhSwitch_OM15082/obj/SecLib.o
                0x000037fc                bACI_WriteKey
 .text.vACI_OptimisedCcmStar
                0x00003810      0x22c ../../../Binaries/GpEhSwitch_OM15082/obj/SecLib.o
                0x00003810                vACI_OptimisedCcmStar
 .text.CTIMER_GenericIRQHandler
                0x00003a3c       0x60 ../../../Binaries/GpEhSwitch_OM15082/obj/fsl_ctimer.o
                0x00003a3c                CTIMER_GenericIRQHandler
 .text.CTIMER0_DriverIRQHandler
                0x00003a9c        0xe ../../../Binaries/GpEhSwitch_OM15082/obj/fsl_ctimer.o
                0x00003a9c                CTIMER0_DriverIRQHandler
 .text.CTIMER1_DriverIRQHandler
                0x00003aaa        0xe ../../../Binaries/GpEhSwitch_OM15082/obj/fsl_ctimer.o
                0x00003aaa                CTIMER1_DriverIRQHandler
 .text.DMA_GetInstance
                0x00003ab8       0x28 ../../../Binaries/GpEhSwitch_OM15082/obj/fsl_dma.o
 .text.DMA_IRQHandle
                0x00003ae0       0xa8 ../../../Binaries/GpEhSwitch_OM15082/obj/fsl_dma.o
                0x00003ae0                DMA_IRQHandle
 .text.DMA0_DriverIRQHandler
                0x00003b88       0x14 ../../../Binaries/GpEhSwitch_OM15082/obj/fsl_dma.o
                0x00003b88                DMA0_DriverIRQHandler
 .text.vMicroIntEnableOnly
                0x00003b9c       0x18 ../../../Binaries/GpEhSwitch_OM15082/obj/MicroInt_arm_sdk2.o
                0x00003b9c                vMicroIntEnableOnly
 .text.vMicroIntRestoreState
                0x00003bb4        0x8 ../../../Binaries/GpEhSwitch_OM15082/obj/MicroInt_arm_sdk2.o
                0x00003bb4                vMicroIntRestoreState
 .text.PWR_AllowDeviceToSleep
                0x00003bbc       0x1c ../../../Binaries/GpEhSwitch_OM15082/obj/PWR.o
                0x00003bbc                PWR_AllowDeviceToSleep
 .text.PWR_DisallowDeviceToSleep
                0x00003bd8       0x20 ../../../Binaries/GpEhSwitch_OM15082/obj/PWR.o
                0x00003bd8                PWR_DisallowDeviceToSleep
 .text.PWR_vWakeInterruptCallback
                0x00003bf8       0x40 ../../../Binaries/GpEhSwitch_OM15082/obj/PWR.o
                0x00003bf8                PWR_vWakeInterruptCallback
 .text.longjmp  0x00003c38       0x10 ../../../Binaries/GpEhSwitch_OM15082/obj/PWR_setjmp.o
                0x00003c38                PWR_longjmp
 .text.WarmMain
                0x00003c48       0x10 ../../../Binaries/GpEhSwitch_OM15082/obj/PWRLib.o
                0x00003c48                WarmMain
 .text.StrFormatPrintf
                0x00003c58      0x57c ../../../Binaries/GpEhSwitch_OM15082/obj/fsl_str.o
                0x00003c58                StrFormatPrintf
 .text.SerialManager_Init
                0x000041d4       0x58 ../../../Binaries/GpEhSwitch_OM15082/obj/serial_manager.o
                0x000041d4                SerialManager_Init
 .text.SerialManager_OpenWriteHandle
                0x0000422c       0x54 ../../../Binaries/GpEhSwitch_OM15082/obj/serial_manager.o
                0x0000422c                SerialManager_OpenWriteHandle
 .text.SerialManager_OpenReadHandle
                0x00004280       0x5c ../../../Binaries/GpEhSwitch_OM15082/obj/serial_manager.o
                0x00004280                SerialManager_OpenReadHandle
 .text.SerialManager_WriteBlocking
                0x000042dc       0x68 ../../../Binaries/GpEhSwitch_OM15082/obj/serial_manager.o
                0x000042dc                SerialManager_WriteBlocking
 .text.Serial_UartInit
                0x00004344       0x60 ../../../Binaries/GpEhSwitch_OM15082/obj/serial_port_uart.o
                0x00004344                Serial_UartInit
 .text.Serial_UartWrite
                0x000043a4       0x48 ../../../Binaries/GpEhSwitch_OM15082/obj/serial_port_uart.o
                0x000043a4                Serial_UartWrite
 .text.HAL_UartInit
                0x000043ec       0xc4 ../../../Binaries/GpEhSwitch_OM15082/obj/usart_adapter.o
                0x000043ec                HAL_UartInit
 .text.HAL_UartSendBlocking
                0x000044b0       0x54 ../../../Binaries/GpEhSwitch_OM15082/obj/usart_adapter.o
                0x000044b0                HAL_UartSendBlocking
 .text.__assert_func
                0x00004504       0x1c ../../../Binaries/GpEhSwitch_OM15082/obj/fsl_assert.o
                0x00004504                __assert_func
 .text.PWRM_eStartActivity
                0x00004520        0xa ../../../../../SDKPackages/K32W061DK6/middleware/wireless/framework/PWRM/Library\libPWRM.a(pwrm.o)
                0x00004520                PWRM_eStartActivity
 .text.PWRM_eFinishActivity
                0x0000452a        0xa ../../../../../SDKPackages/K32W061DK6/middleware/wireless/framework/PWRM/Library\libPWRM.a(pwrm.o)
                0x0000452a                PWRM_eFinishActivity
 .text.WAKE_UP_TIMER1_IRQHandler
                0x00004534       0x10 ../../../../../SDKPackages/K32W061DK6/middleware/wireless/framework/PWRM/Library\libPWRM.a(pwrm.o)
                0x00004534                WAKE_UP_TIMER1_IRQHandler
 .text.vMMAC_Enable
                0x00004544       0x68 ../../../../../SDKPackages/K32W061DK6/middleware/wireless/ieee-802.15.4/lib\libMiniMac.a(MMAC.o)
                0x00004544                vMMAC_Enable
 .text.vMMAC_EnableInterrupts
                0x000045ac       0x28 ../../../../../SDKPackages/K32W061DK6/middleware/wireless/ieee-802.15.4/lib\libMiniMac.a(MMAC.o)
                0x000045ac                vMMAC_EnableInterrupts
 .text.u32MMAC_GetPhyState
                0x000045d4       0x44 ../../../../../SDKPackages/K32W061DK6/middleware/wireless/ieee-802.15.4/lib\libMiniMac.a(MMAC.o)
                0x000045d4                u32MMAC_GetPhyState
 .text.vMMAC_CheckRxStarted
                0x00004618       0x64 ../../../../../SDKPackages/K32W061DK6/middleware/wireless/ieee-802.15.4/lib\libMiniMac.a(MMAC.o)
                0x00004618                vMMAC_CheckRxStarted
 .text.vMMAC_AbortRadio
                0x0000467c       0x4c ../../../../../SDKPackages/K32W061DK6/middleware/wireless/ieee-802.15.4/lib\libMiniMac.a(MMAC.o)
                0x0000467c                vMMAC_AbortRadio
 .text.vMMAC_RxCtlUpdate
                0x000046c8       0x44 ../../../../../SDKPackages/K32W061DK6/middleware/wireless/ieee-802.15.4/lib\libMiniMac.a(MMAC.o)
                0x000046c8                vMMAC_RxCtlUpdate
 .text.vMMAC_RadioOff
                0x0000470c        0x6 ../../../../../SDKPackages/K32W061DK6/middleware/wireless/ieee-802.15.4/lib\libMiniMac.a(MMAC.o)
                0x0000470c                vMMAC_RadioOff
 *fill*         0x00004712        0x2 ff
 .text.vMMAC_RadioToOffAndWait
                0x00004714       0x4c ../../../../../SDKPackages/K32W061DK6/middleware/wireless/ieee-802.15.4/lib\libMiniMac.a(MMAC.o)
                0x00004714                vMMAC_RadioToOffAndWait
 .text.vMMAC_StartMacTransmit
                0x00004760       0x2c ../../../../../SDKPackages/K32W061DK6/middleware/wireless/ieee-802.15.4/lib\libMiniMac.a(MMAC.o)
                0x00004760                vMMAC_StartMacTransmit
 .text.vMMAC_SetChannelAndPower
                0x0000478c       0x48 ../../../../../SDKPackages/K32W061DK6/middleware/wireless/ieee-802.15.4/lib\libMiniMac.a(MMAC.o)
                0x0000478c                vMMAC_SetChannelAndPower
 .text.vMMAC_StartMacReceive
                0x000047d4       0x2c ../../../../../SDKPackages/K32W061DK6/middleware/wireless/ieee-802.15.4/lib\libMiniMac.a(MMAC.o)
                0x000047d4                vMMAC_StartMacReceive
 .text.vMMAC_WriteCcaThreshold
                0x00004800       0x34 ../../../../../SDKPackages/K32W061DK6/middleware/wireless/ieee-802.15.4/lib\libMiniMac.a(MMAC.o)
                0x00004800                vMMAC_WriteCcaThreshold
 .text.vMMAC_SetHighPowerOptions
                0x00004834       0x10 ../../../../../SDKPackages/K32W061DK6/middleware/wireless/ieee-802.15.4/lib\libMiniMac.a(MMAC.o)
                0x00004834                vMMAC_SetHighPowerOptions
 .text.vMMAC_IntHandlerBbc
                0x00004844       0x30 ../../../../../SDKPackages/K32W061DK6/middleware/wireless/ieee-802.15.4/lib\libMiniMac.a(MMAC.o)
                0x00004844                vMMAC_IntHandlerBbc
 .text.vMMAC_IntHandlerPhy
                0x00004874       0x34 ../../../../../SDKPackages/K32W061DK6/middleware/wireless/ieee-802.15.4/lib\libMiniMac.a(MMAC.o)
                0x00004874                vMMAC_IntHandlerPhy
 .text.vMMAC_ConfigureRadio
                0x000048a8       0x28 ../../../../../SDKPackages/K32W061DK6/middleware/wireless/ieee-802.15.4/lib\libMiniMac.a(MMAC_RadioInit_JN518x.o)
                0x000048a8                vMMAC_ConfigureRadio
 .text.radio_IsNotC2MF
                0x000048d0       0x48 ../../../../../SDKPackages/K32W061DK6/middleware/wireless/framework/XCVR/lib\libRadio.a(radio.o)
                0x000048d0                radio_IsNotC2MF
 .text.radio_TX_ZigBee_pll_dac_banked_set
                0x00004918       0x44 ../../../../../SDKPackages/K32W061DK6/middleware/wireless/framework/XCVR/lib\libRadio.a(radio.o)
                0x00004918                radio_TX_ZigBee_pll_dac_banked_set
 .text.radio_fill_std_ZB_regs
                0x0000495c       0x18 ../../../../../SDKPackages/K32W061DK6/middleware/wireless/framework/XCVR/lib\libRadio.a(radio.o)
                0x0000495c                radio_fill_std_ZB_regs
 .text.radio_fill_std_BLE1M_regs
                0x00004974       0x18 ../../../../../SDKPackages/K32W061DK6/middleware/wireless/framework/XCVR/lib\libRadio.a(radio.o)
                0x00004974                radio_fill_std_BLE1M_regs
 .text.radio_fill_std_BLE2M_regs
                0x0000498c       0x18 ../../../../../SDKPackages/K32W061DK6/middleware/wireless/framework/XCVR/lib\libRadio.a(radio.o)
                0x0000498c                radio_fill_std_BLE2M_regs
 .text.radio_fill_zbble_ZB_regs
                0x000049a4       0x18 ../../../../../SDKPackages/K32W061DK6/middleware/wireless/framework/XCVR/lib\libRadio.a(radio.o)
                0x000049a4                radio_fill_zbble_ZB_regs
 .text.radio_fill_zbble_BLE_regs
                0x000049bc       0x18 ../../../../../SDKPackages/K32W061DK6/middleware/wireless/framework/XCVR/lib\libRadio.a(radio.o)
                0x000049bc                radio_fill_zbble_BLE_regs
 .text.radio_fill_regs
                0x000049d4       0x18 ../../../../../SDKPackages/K32W061DK6/middleware/wireless/framework/XCVR/lib\libRadio.a(radio.o)
                0x000049d4                radio_fill_regs
 .text.radio_power_down_to_off_polled
                0x000049ec       0x38 ../../../../../SDKPackages/K32W061DK6/middleware/wireless/framework/XCVR/lib\libRadio.a(radio.o)
                0x000049ec                radio_power_down_to_off_polled
 .text.radio_pre_start_to_pll_polled
                0x00004a24       0x78 ../../../../../SDKPackages/K32W061DK6/middleware/wireless/framework/XCVR/lib\libRadio.a(radio.o)
                0x00004a24                radio_pre_start_to_pll_polled
 .text.radio_rx_assert_polled
                0x00004a9c       0x38 ../../../../../SDKPackages/K32W061DK6/middleware/wireless/framework/XCVR/lib\libRadio.a(radio.o)
                0x00004a9c                radio_rx_assert_polled
 .text.radio_rx_deassert_polled
                0x00004ad4       0x38 ../../../../../SDKPackages/K32W061DK6/middleware/wireless/framework/XCVR/lib\libRadio.a(radio.o)
                0x00004ad4                radio_rx_deassert_polled
 .text.radio_RSSI_cal
                0x00004b0c       0x5c ../../../../../SDKPackages/K32W061DK6/middleware/wireless/framework/XCVR/lib\libRadio.a(radio.o)
                0x00004b0c                radio_RSSI_cal
 .text.radio_Init
                0x00004b68       0x3c ../../../../../SDKPackages/K32W061DK6/middleware/wireless/framework/XCVR/lib\libRadio.a(radio.o)
                0x00004b68                radio_Init
 .text.radio_TMU_Init
                0x00004ba4       0x14 ../../../../../SDKPackages/K32W061DK6/middleware/wireless/framework/XCVR/lib\libRadio.a(radio.o)
                0x00004ba4                radio_TMU_Init
 .text.radio_Use_Cal_Values
                0x00004bb8      0x140 ../../../../../SDKPackages/K32W061DK6/middleware/wireless/framework/XCVR/lib\libRadio.a(radio.o)
                0x00004bb8                radio_Use_Cal_Values
 .text.radio_Use_Retained_Cal_Values
                0x00004cf8       0x50 ../../../../../SDKPackages/K32W061DK6/middleware/wireless/framework/XCVR/lib\libRadio.a(radio.o)
                0x00004cf8                radio_Use_Retained_Cal_Values
 .text.radio_rfbandgap_cal
                0x00004d48       0x30 ../../../../../SDKPackages/K32W061DK6/middleware/wireless/framework/XCVR/lib\libRadio.a(radio.o)
                0x00004d48                radio_rfbandgap_cal
 .text.radio_Carrier_Frequency_Select_by_index
                0x00004d78       0x90 ../../../../../SDKPackages/K32W061DK6/middleware/wireless/framework/XCVR/lib\libRadio.a(radio.o)
                0x00004d78                radio_Carrier_Frequency_Select_by_index
 .text.radio_Synthesizer_Cw_Mode_Init
                0x00004e08       0x20 ../../../../../SDKPackages/K32W061DK6/middleware/wireless/framework/XCVR/lib\libRadio.a(radio.o)
                0x00004e08                radio_Synthesizer_Cw_Mode_Init
 .text.radio_Trx_Packet_SW_Ctrl_Init
                0x00004e28       0x20 ../../../../../SDKPackages/K32W061DK6/middleware/wireless/framework/XCVR/lib\libRadio.a(radio.o)
                0x00004e28                radio_Trx_Packet_SW_Ctrl_Init
 .text.radio_Disable_Auto_Kmod_Chan_and_Synth_Cal_Operation
                0x00004e48       0x20 ../../../../../SDKPackages/K32W061DK6/middleware/wireless/framework/XCVR/lib\libRadio.a(radio.o)
                0x00004e48                radio_Disable_Auto_Kmod_Chan_and_Synth_Cal_Operation
 .text.radio_Synthesizer_Cal_Startup_init
                0x00004e68       0x3c ../../../../../SDKPackages/K32W061DK6/middleware/wireless/framework/XCVR/lib\libRadio.a(radio.o)
                0x00004e68                radio_Synthesizer_Cal_Startup_init
 .text.radio_Synthesizer_Cal_Startup_algo
                0x00004ea4      0x114 ../../../../../SDKPackages/K32W061DK6/middleware/wireless/framework/XCVR/lib\libRadio.a(radio.o)
                0x00004ea4                radio_Synthesizer_Cal_Startup_algo
 .text.radio_Synthesizer_Cal_Startup
                0x00004fb8       0x7c ../../../../../SDKPackages/K32W061DK6/middleware/wireless/framework/XCVR/lib\libRadio.a(radio.o)
                0x00004fb8                radio_Synthesizer_Cal_Startup
 .text.radio_Synthesizer_Cal_Operation_And_Lock_init
                0x00005034       0x64 ../../../../../SDKPackages/K32W061DK6/middleware/wireless/framework/XCVR/lib\libRadio.a(radio.o)
                0x00005034                radio_Synthesizer_Cal_Operation_And_Lock_init
 .text.radio_Synthesizer_Cal_Operation_And_Lock_algo
                0x00005098       0x3c ../../../../../SDKPackages/K32W061DK6/middleware/wireless/framework/XCVR/lib\libRadio.a(radio.o)
                0x00005098                radio_Synthesizer_Cal_Operation_And_Lock_algo
 .text.radio_Synthesizer_Cal_Operation_And_Lock
                0x000050d4       0x14 ../../../../../SDKPackages/K32W061DK6/middleware/wireless/framework/XCVR/lib\libRadio.a(radio.o)
                0x000050d4                radio_Synthesizer_Cal_Operation_And_Lock
 .text.radio_Synthesizer_Kmod_Band_init
                0x000050e8       0xf8 ../../../../../SDKPackages/K32W061DK6/middleware/wireless/framework/XCVR/lib\libRadio.a(radio.o)
                0x000050e8                radio_Synthesizer_Kmod_Band_init
 .text.radio_Synthesizer_Kmod_Band_algo
                0x000051e0       0xc4 ../../../../../SDKPackages/K32W061DK6/middleware/wireless/framework/XCVR/lib\libRadio.a(radio.o)
                0x000051e0                radio_Synthesizer_Kmod_Band_algo
 .text.radio_Synthesizer_Kmod_Band
                0x000052a4      0x1ec ../../../../../SDKPackages/K32W061DK6/middleware/wireless/framework/XCVR/lib\libRadio.a(radio.o)
                0x000052a4                radio_Synthesizer_Kmod_Band
 .text.radio_Trx_Packet_HW_Ctrl_Init
                0x00005490       0x94 ../../../../../SDKPackages/K32W061DK6/middleware/wireless/framework/XCVR/lib\libRadio.a(radio.o)
                0x00005490                radio_Trx_Packet_HW_Ctrl_Init
 .text.radio_Synthesizer_Full_Cal
                0x00005524       0x50 ../../../../../SDKPackages/K32W061DK6/middleware/wireless/framework/XCVR/lib\libRadio.a(radio.o)
                0x00005524                radio_Synthesizer_Full_Cal
 .text.radio_PA_rewrite_lut
                0x00005574      0x2c0 ../../../../../SDKPackages/K32W061DK6/middleware/wireless/framework/XCVR/lib\libRadio.a(radio.o)
                0x00005574                radio_PA_rewrite_lut
 .text.radio_DCO_cal_init
                0x00005834      0x1ec ../../../../../SDKPackages/K32W061DK6/middleware/wireless/framework/XCVR/lib\libRadio.a(radio.o)
                0x00005834                radio_DCO_cal_init
 .text.radio_DCO_cal
                0x00005a20      0x598 ../../../../../SDKPackages/K32W061DK6/middleware/wireless/framework/XCVR/lib\libRadio.a(radio.o)
                0x00005a20                radio_DCO_cal
 .text.radio_IQ_cal
                0x00005fb8       0x4c ../../../../../SDKPackages/K32W061DK6/middleware/wireless/framework/XCVR/lib\libRadio.a(radio.o)
                0x00005fb8                radio_IQ_cal
 .text.radio_PowerOnCheckXtal
                0x00006004      0x110 ../../../../../SDKPackages/K32W061DK6/middleware/wireless/framework/XCVR/lib\libRadio.a(radio.o)
                0x00006004                radio_PowerOnCheckXtal
 .text.radio_PowerOn
                0x00006114       0x8c ../../../../../SDKPackages/K32W061DK6/middleware/wireless/framework/XCVR/lib\libRadio.a(radio.o)
                0x00006114                radio_PowerOn
 .text.vRadio_PowerOnSpecific
                0x000061a0       0x8c ../../../../../SDKPackages/K32W061DK6/middleware/wireless/framework/XCVR/lib\libRadio.a(radio.o)
                0x000061a0                vRadio_PowerOnSpecific
 .text.vRadio_InitXtal
                0x0000622c       0x74 ../../../../../SDKPackages/K32W061DK6/middleware/wireless/framework/XCVR/lib\libRadio.a(radio.o)
                0x0000622c                vRadio_InitXtal
 .text.radio_get_retention_info
                0x000062a0       0x48 ../../../../../SDKPackages/K32W061DK6/middleware/wireless/framework/XCVR/lib\libRadio.a(radio.o)
                0x000062a0                radio_get_retention_info
 .text.vRadio_Standard_Init
                0x000062e8      0x2c4 ../../../../../SDKPackages/K32W061DK6/middleware/wireless/framework/XCVR/lib\libRadio.a(radio.o)
                0x000062e8                vRadio_Standard_Init
 .text.vGetCalInfo
                0x000065ac       0x34 ../../../../../SDKPackages/K32W061DK6/middleware/wireless/framework/XCVR/lib\libRadio.a(radio.o)
                0x000065ac                vGetCalInfo
 .text.vRadio_RFT1778_bad_crc
                0x000065e0       0x3c ../../../../../SDKPackages/K32W061DK6/middleware/wireless/framework/XCVR/lib\libRadio.a(radio.o)
                0x000065e0                vRadio_RFT1778_bad_crc
 .text.vRadio_UpdateRadioStandard
                0x0000661c       0x44 ../../../../../SDKPackages/K32W061DK6/middleware/wireless/framework/XCVR/lib\libRadio.a(radio.o)
                0x0000661c                vRadio_UpdateRadioStandard
 .text.vRadio_InitialiseRadioStandard
                0x00006660       0x1c ../../../../../SDKPackages/K32W061DK6/middleware/wireless/framework/XCVR/lib\libRadio.a(radio.o)
                0x00006660                vRadio_InitialiseRadioStandard
 .text.vRadio_SetChannelAndPower
                0x0000667c       0x40 ../../../../../SDKPackages/K32W061DK6/middleware/wireless/framework/XCVR/lib\libRadio.a(radio.o)
                0x0000667c                vRadio_SetChannelAndPower
 .text.vRadio_Temp_GetInfos
                0x000066bc       0x7c ../../../../../SDKPackages/K32W061DK6/middleware/wireless/framework/XCVR/lib\libRadio.a(radio.o)
                0x000066bc                vRadio_Temp_GetInfos
 .text.vRadio_Temp_SetInfos
                0x00006738       0x88 ../../../../../SDKPackages/K32W061DK6/middleware/wireless/framework/XCVR/lib\libRadio.a(radio.o)
                0x00006738                vRadio_Temp_SetInfos
 .text.vRadio_Temp_Update
                0x000067c0       0x78 ../../../../../SDKPackages/K32W061DK6/middleware/wireless/framework/XCVR/lib\libRadio.a(radio.o)
                0x000067c0                vRadio_Temp_Update
 .text.vRadio_start_rx_ISR
                0x00006838       0x20 ../../../../../SDKPackages/K32W061DK6/middleware/wireless/framework/XCVR/lib\libRadio.a(radio.o)
                0x00006838                vRadio_start_rx_ISR
 .text.vRadio_remove_patch_ISR
                0x00006858       0x2c ../../../../../SDKPackages/K32W061DK6/middleware/wireless/framework/XCVR/lib\libRadio.a(radio.o)
                0x00006858                vRadio_remove_patch_ISR
 .text.RFP_TMU_IRQHandler
                0x00006884       0x34 ../../../../../SDKPackages/K32W061DK6/middleware/wireless/framework/XCVR/lib\libRadio.a(radio.o)
                0x00006884                RFP_TMU_IRQHandler
 .text.vRadio_Enable_DCO_DAC
                0x000068b8       0xe0 ../../../../../SDKPackages/K32W061DK6/middleware/wireless/framework/XCVR/lib\libRadio.a(radio.o)
                0x000068b8                vRadio_Enable_DCO_DAC
 .text.bIsCalNeeded
                0x00006998       0x3c ../../../../../SDKPackages/K32W061DK6/middleware/wireless/framework/XCVR/lib\libRadio.a(radio.o)
                0x00006998                bIsCalNeeded
 .text.vUpdateFlashCalData
                0x000069d4       0x34 ../../../../../SDKPackages/K32W061DK6/middleware/wireless/framework/XCVR/lib\libRadio.a(radio.o)
                0x000069d4                vUpdateFlashCalData
 .text.vInitFlashCalData
                0x00006a08      0x1f8 ../../../../../SDKPackages/K32W061DK6/middleware/wireless/framework/XCVR/lib\libRadio.a(radio.o)
                0x00006a08                vInitFlashCalData
 .text.vCheckFlashCalData
                0x00006c00      0x110 ../../../../../SDKPackages/K32W061DK6/middleware/wireless/framework/XCVR/lib\libRadio.a(radio.o)
                0x00006c00                vCheckFlashCalData
 .text.vRadio_RadioInit
                0x00006d10      0x278 ../../../../../SDKPackages/K32W061DK6/middleware/wireless/framework/XCVR/lib\libRadio.a(radio.o)
                0x00006d10                vRadio_RadioInit
 .text          0x00006f88      0x378 e:/nxp/mcuxpressoide_11.2.0_4120/ide/tools/bin/../lib/gcc/arm-none-eabi/9.2.1/thumb/v7e-m/nofp\libgcc.a(_arm_addsubdf3.o)
                0x00006f88                __aeabi_drsub
                0x00006f90                __aeabi_dsub
                0x00006f90                __subdf3
                0x00006f94                __aeabi_dadd
                0x00006f94                __adddf3
                0x0000720c                __floatunsidf
                0x0000720c                __aeabi_ui2d
                0x0000722c                __floatsidf
                0x0000722c                __aeabi_i2d
                0x00007250                __aeabi_f2d
                0x00007250                __extendsfdf2
                0x00007294                __floatundidf
                0x00007294                __aeabi_ul2d
                0x000072a4                __floatdidf
                0x000072a4                __aeabi_l2d
 .text          0x00007300       0x50 e:/nxp/mcuxpressoide_11.2.0_4120/ide/tools/bin/../lib/gcc/arm-none-eabi/9.2.1/thumb/v7e-m/nofp\libgcc.a(_arm_fixdfsi.o)
                0x00007300                __aeabi_d2iz
                0x00007300                __fixdfsi
 .text          0x00007350       0xa0 e:/nxp/mcuxpressoide_11.2.0_4120/ide/tools/bin/../lib/gcc/arm-none-eabi/9.2.1/thumb/v7e-m/nofp\libgcc.a(_aeabi_ldivmod.o)
                0x00007350                __aeabi_ldivmod
 .text          0x000073f0       0x30 e:/nxp/mcuxpressoide_11.2.0_4120/ide/tools/bin/../lib/gcc/arm-none-eabi/9.2.1/thumb/v7e-m/nofp\libgcc.a(_aeabi_uldivmod.o)
                0x000073f0                __aeabi_uldivmod
 .text          0x00007420      0x2c0 e:/nxp/mcuxpressoide_11.2.0_4120/ide/tools/bin/../lib/gcc/arm-none-eabi/9.2.1/thumb/v7e-m/nofp\libgcc.a(_udivmoddi4.o)
                0x00007420                __udivmoddi4
 .text          0x000076e0        0x4 e:/nxp/mcuxpressoide_11.2.0_4120/ide/tools/bin/../lib/gcc/arm-none-eabi/9.2.1/thumb/v7e-m/nofp\libgcc.a(_dvmd_tls.o)
                0x000076e0                __aeabi_idiv0
                0x000076e0                __aeabi_ldiv0
 .text          0x000076e4      0x134 e:/nxp/mcuxpressoide_11.2.0_4120/ide/tools/bin/../lib/gcc/arm-none-eabi/9.2.1/../../../../arm-none-eabi/lib/thumb/v7e-m/nofp\libc.a(lib_a-memcpy.o)
                0x000076e4                memcpy
 .text.memset   0x00007818       0xa0 e:/nxp/mcuxpressoide_11.2.0_4120/ide/tools/bin/../lib/gcc/arm-none-eabi/9.2.1/../../../../arm-none-eabi/lib/thumb/v7e-m/nofp\libc.a(lib_a-memset.o)
                0x00007818                memset
 *fill*         0x000078b8        0x8 ff
 .text          0x000078c0       0xdc e:/nxp/mcuxpressoide_11.2.0_4120/ide/tools/bin/../lib/gcc/arm-none-eabi/9.2.1/../../../../arm-none-eabi/lib/thumb/v7e-m/nofp\libc.a(lib_a-strlen.o)
                0x000078c0                strlen
 *fill*         0x0000799c        0x4 ff
 .text.__stub   0x000079a0       0x10 linker stubs
 *(.rodata .rodata.* .constdata .constdata.*)
 .rodata.bHandleEventSend.str1.1
                0x000079b0       0x5d ../../../Binaries/GpEhSwitch_OM15082/obj/app_main.o
 .rodata.CSWTCH.5
                0x00007a0d        0x5 ../../../Binaries/GpEhSwitch_OM15082/obj/app_main.o
 .rodata.vSendMACFrame.str1.1
                0x00007a12       0x20 ../../../Binaries/GpEhSwitch_OM15082/obj/EH_IEEE_802154_Switch.o
 .rodata.vEnableRxAndReceive.str1.1
                0x00007a32       0x41 ../../../Binaries/GpEhSwitch_OM15082/obj/EH_IEEE_802154_Switch.o
 .rodata.vSendDecommissioingCmd.str1.1
                0x00007a73       0x32 ../../../Binaries/GpEhSwitch_OM15082/obj/EH_IEEE_Features.o
 .rodata.vClearPersistentData.str1.1
                0x00007aa5       0x2b ../../../Binaries/GpEhSwitch_OM15082/obj/EH_IEEE_Features.o
 .rodata.vLoadPersistentData.str1.1
                0x00007ad0       0x2e ../../../Binaries/GpEhSwitch_OM15082/obj/EH_IEEE_Features.o
 .rodata.vHandleOperationalState.str1.1
                0x00007afe       0x21 ../../../Binaries/GpEhSwitch_OM15082/obj/EH_IEEE_Features.o
 .rodata.bEncryptDecyptKey.str1.1
                0x00007b1f       0x42 ../../../Binaries/GpEhSwitch_OM15082/obj/EH_IEEE_Features.o
 .rodata.vHandleRxMacFrame.str1.1
                0x00007b61      0x17f ../../../Binaries/GpEhSwitch_OM15082/obj/EH_IEEE_Features.o
 .rodata.vSendChannelRequestCmd.str1.1
                0x00007ce0       0x33 ../../../Binaries/GpEhSwitch_OM15082/obj/EH_IEEE_Features.o
 .rodata.vSendCommissioningCmd.str1.1
                0x00007d13       0x32 ../../../Binaries/GpEhSwitch_OM15082/obj/EH_IEEE_Features.o
 .rodata.vSendGPDSuccessCmd.str1.1
                0x00007d45       0x2e ../../../Binaries/GpEhSwitch_OM15082/obj/EH_IEEE_Features.o
 .rodata.HandleGPDStateMachine.str1.1
                0x00007d73       0x1a ../../../Binaries/GpEhSwitch_OM15082/obj/EH_IEEE_Features.o
 .rodata.au8ChannelList
                0x00007d8d        0xf ../../../Binaries/GpEhSwitch_OM15082/obj/EH_IEEE_Features.o
                0x00007d8d                au8ChannelList
 .rodata.bGPD_SecureFrame.str1.1
                0x00007d9c       0xb0 ../../../Binaries/GpEhSwitch_OM15082/obj/EH_IEEE_Commands.o
                                 0xca (size before relaxing)
 .rodata.bGPD_ParseMACFrame.str1.1
                0x00007e4c      0x179 ../../../Binaries/GpEhSwitch_OM15082/obj/EH_IEEE_Commands.o
 .rodata.GPD_SendSpecificCommand.str1.1
                0x00007fc5       0x35 ../../../Binaries/GpEhSwitch_OM15082/obj/EH_IEEE_Commands.o
 .rodata.GPD_SendOperationalCommand.str1.1
                0x00007ffa       0x36 ../../../Binaries/GpEhSwitch_OM15082/obj/EH_IEEE_Commands.o
 .rodata.gint_callback.str1.1
                0x00008030       0x29 ../../../Binaries/GpEhSwitch_OM15082/obj/EH_Button.o
 .rodata.vHandleButtonPress.str1.1
                0x00008059       0xc3 ../../../Binaries/GpEhSwitch_OM15082/obj/EH_Button.o
 .rodata.APP_cbTimerButtonScan.str1.1
                0x0000811c       0x24 ../../../Binaries/GpEhSwitch_OM15082/obj/EH_Button.o
 .rodata.s_u8ButtonDIOLine
                0x00008140        0x5 ../../../Binaries/GpEhSwitch_OM15082/obj/EH_Button.o
 .rodata.DbgConsole_SendData.str1.1
                0x00008145       0x77 ../../../Binaries/GpEhSwitch_OM15082/obj/fsl_debug_console.o
 .rodata.DbgConsole_Init.str1.1
                0x000081bc       0x28 ../../../Binaries/GpEhSwitch_OM15082/obj/fsl_debug_console.o
 .rodata.__func__.6677
                0x000081e4       0x1c ../../../Binaries/GpEhSwitch_OM15082/obj/fsl_debug_console.o
 .rodata.__func__.6711
                0x00008200       0x10 ../../../Binaries/GpEhSwitch_OM15082/obj/fsl_debug_console.o
 .rodata.GINT_GetInstance.str1.1
                0x00008210       0x6c ../../../Binaries/GpEhSwitch_OM15082/obj/fsl_gint.o
 .rodata.__func__.6582
                0x0000827c       0x11 ../../../Binaries/GpEhSwitch_OM15082/obj/fsl_gint.o
 *fill*         0x0000828d        0x3 ff
 .rodata.BOARD_Clock32MCapacitanceCharacteristics
                0x00008290        0xc ../../../Binaries/GpEhSwitch_OM15082/obj/board_utility.o
                0x00008290                BOARD_Clock32MCapacitanceCharacteristics
 .rodata.str1.1
                0x0000829c        0xa ../../../Binaries/GpEhSwitch_OM15082/obj/fsl_os_abstraction_bm.o
 .rodata.gUseRtos_c
                0x000082a6        0x1 ../../../Binaries/GpEhSwitch_OM15082/obj/fsl_os_abstraction_bm.o
                0x000082a6                gUseRtos_c
 .rodata.WWDT_GetInstance.str1.1
                0x000082a7       0x63 ../../../Binaries/GpEhSwitch_OM15082/obj/fsl_wwdt.o
 .rodata.__func__.6581
                0x0000830a       0x11 ../../../Binaries/GpEhSwitch_OM15082/obj/fsl_wwdt.o
 .rodata.CLOCK_XtalBasicTrim.str1.1
                0x0000831b       0x66 ../../../Binaries/GpEhSwitch_OM15082/obj/fsl_clock.o
 .rodata.__func__.6855
                0x00008381       0x14 ../../../Binaries/GpEhSwitch_OM15082/obj/fsl_clock.o
 .rodata.RESET_SetPeripheralReset.str1.1
                0x00008395       0x57 ../../../Binaries/GpEhSwitch_OM15082/obj/fsl_reset.o
 .rodata.__func__.6619
                0x000083ec       0x19 ../../../Binaries/GpEhSwitch_OM15082/obj/fsl_reset.o
 .rodata.__func__.6632
                0x00008405       0x1b ../../../Binaries/GpEhSwitch_OM15082/obj/fsl_reset.o
 .rodata.USART_GetInstance.str1.1
                0x00008420       0x50 ../../../Binaries/GpEhSwitch_OM15082/obj/fsl_usart.o
 .rodata.USART_GetDefaultConfig.str1.1
                0x00008470        0xf ../../../Binaries/GpEhSwitch_OM15082/obj/fsl_usart.o
 .rodata.USART_SetBaudRate.str1.1
                0x0000847f       0x3f ../../../Binaries/GpEhSwitch_OM15082/obj/fsl_usart.o
 .rodata.USART_Init.str1.1
                0x000084be       0x3c ../../../Binaries/GpEhSwitch_OM15082/obj/fsl_usart.o
 .rodata.USART_WriteBlocking.str1.1
                0x000084fa       0x24 ../../../Binaries/GpEhSwitch_OM15082/obj/fsl_usart.o
 .rodata.__func__.6801
                0x0000851e        0xb ../../../Binaries/GpEhSwitch_OM15082/obj/fsl_usart.o
 .rodata.__func__.6812
                0x00008529       0x17 ../../../Binaries/GpEhSwitch_OM15082/obj/fsl_usart.o
 .rodata.__func__.6825
                0x00008540       0x12 ../../../Binaries/GpEhSwitch_OM15082/obj/fsl_usart.o
 .rodata.__func__.6835
                0x00008552       0x14 ../../../Binaries/GpEhSwitch_OM15082/obj/fsl_usart.o
 .rodata.FLEXCOMM_GetInstance.str1.1
                0x00008566       0x4d ../../../Binaries/GpEhSwitch_OM15082/obj/fsl_flexcomm.o
                                 0x53 (size before relaxing)
 .rodata.FLEXCOMM0_DriverIRQHandler.str1.1
                0x000085b3       0x18 ../../../Binaries/GpEhSwitch_OM15082/obj/fsl_flexcomm.o
 .rodata.FLEXCOMM1_DriverIRQHandler.str1.1
                0x000085cb       0x18 ../../../Binaries/GpEhSwitch_OM15082/obj/fsl_flexcomm.o
 .rodata.FLEXCOMM2_DriverIRQHandler.str1.1
                0x000085e3       0x18 ../../../Binaries/GpEhSwitch_OM15082/obj/fsl_flexcomm.o
 .rodata.FLEXCOMM3_DriverIRQHandler.str1.1
                0x000085fb       0x18 ../../../Binaries/GpEhSwitch_OM15082/obj/fsl_flexcomm.o
 .rodata.FLEXCOMM4_DriverIRQHandler.str1.1
                0x00008613       0x18 ../../../Binaries/GpEhSwitch_OM15082/obj/fsl_flexcomm.o
 .rodata.FLEXCOMM5_DriverIRQHandler.str1.1
                0x0000862b       0x18 ../../../Binaries/GpEhSwitch_OM15082/obj/fsl_flexcomm.o
 .rodata.FLEXCOMM6_DriverIRQHandler.str1.1
                0x00008643       0x18 ../../../Binaries/GpEhSwitch_OM15082/obj/fsl_flexcomm.o
 .rodata.__func__.6566
                0x0000865b       0x15 ../../../Binaries/GpEhSwitch_OM15082/obj/fsl_flexcomm.o
 .rodata.__func__.6586
                0x00008670       0x1b ../../../Binaries/GpEhSwitch_OM15082/obj/fsl_flexcomm.o
 .rodata.__func__.6590
                0x0000868b       0x1b ../../../Binaries/GpEhSwitch_OM15082/obj/fsl_flexcomm.o
 .rodata.__func__.6594
                0x000086a6       0x1b ../../../Binaries/GpEhSwitch_OM15082/obj/fsl_flexcomm.o
 .rodata.__func__.6598
                0x000086c1       0x1b ../../../Binaries/GpEhSwitch_OM15082/obj/fsl_flexcomm.o
 .rodata.__func__.6602
                0x000086dc       0x1b ../../../Binaries/GpEhSwitch_OM15082/obj/fsl_flexcomm.o